<html>
<body>
<pre>
<h1>µVision Build Log</h1>
<h2>Tool Versions:</h2>
IDE-Version: µVision V5.33.0.0
Copyright (C) 2020 ARM Ltd and ARM Germany GmbH. All rights reserved.
License Information: George Hariga, Student, LIC=----
 
Tool Versions:
Toolchain:       MDK-Lite  Version: 5.33.0.0
Toolchain Path:  P:\Keil\ARM\ARMCLANG\Bin
C Compiler:      ArmClang.exe V6.15
Assembler:       Armasm.exe V6.15
Linker/Locator:  ArmLink.exe V6.15
Library Manager: ArmAr.exe V6.15
Hex Converter:   FromElf.exe V6.15
CPU DLL:         SARMCM3.DLL V5.33.0.0
Dialog DLL:      DARMCM1.DLL V1.19.4.0
Target DLL:      CMSIS_AGDI.dll V1.32.12.0
Dialog DLL:      TARMCM1.DLL V1.14.3.0
 
<h2>Project:</h2>
P:\Facultate\Licenta\ProiectGitHub\Keil\ProiectLicenta.uvprojx
Project File Date:  03/15/2021

<h2>Output:</h2>
*** Using Compiler 'V6.15', folder: 'P:\Keil\ARM\ARMCLANG\Bin'
Rebuild target 'Target 1'
compiling retarget_io.c...
SistemDecizional.c(1): warning: In file included from...
./SistemDecizional.h(1): warning: In file included from...
C:/Users/VladTeapa/AppData/Local/Arm/Packs/Keil/Kinetis_KLxx_DFP/1.15.0/Device/Include\MKL25Z4.h(198): warning: In file included from...
P:/Keil/ARM/CMSIS/Include\core_cm0plus.h(147): warning: In file included from...
P:/Keil/ARM/CMSIS/Include\core_cmInstr.h(435): warning: implicit conversion changes signedness: 'uint32_t' (aka 'unsigned int') to 'int32_t' (aka 'int') [-Wsign-conversion]
  return(result);
  ~~~~~~ ^~~~~~
SistemDecizional.c(1): warning: In file included from...
./SistemDecizional.h(1): warning: In file included from...
C:/Users/VladTeapa/AppData/Local/Arm/Packs/Keil/Kinetis_KLxx_DFP/1.15.0/Device/Include\MKL25Z4.h(198): warning: In file included from...
P:/Keil/ARM/CMSIS/Include\core_cm0plus.h(716): warning: implicit conversion changes signedness: 'int' to 'unsigned int' [-Wsign-conversion]
    SCB->SHP[_SHP_IDX(IRQn)] = (SCB->SHP[_SHP_IDX(IRQn)] & ~(0xFF << _BIT_SHIFT(IRQn))) |
                                                         ~ ^~~~~~~~~~~~~~~~~~~~~~~~~~~
P:/Keil/ARM/CMSIS/Include\core_cm0plus.h(719): warning: implicit conversion changes signedness: 'int' to 'unsigned int' [-Wsign-conversion]
    NVIC->IP[_IP_IDX(IRQn)] = (NVIC->IP[_IP_IDX(IRQn)] & ~(0xFF << _BIT_SHIFT(IRQn))) |
                                                       ~ ^~~~~~~~~~~~~~~~~~~~~~~~~~~
P:/Keil/ARM/CMSIS/Include\core_cm0plus.h(750): warning: function 'NVIC_SystemReset' could be declared with attribute 'noreturn' [-Wmissing-noreturn]
{
^
SistemDecizional.c(1): warning: In file included from...
./SistemDecizional.h(2): warning: In file included from...
./Defines.h(142): warning: no newline at end of file [-Wnewline-eof]
#define CAMERA_EDGE_VAL                                         0xFF
                                                                    ^
SistemDecizional.c(1): warning: In file included from...
./SistemDecizional.h(3): warning: In file included from...
./Motoare.h(2): warning: In file included from...
./Defines.h(142): warning: no newline at end of file [-Wnewline-eof]
#define CAMERA_EDGE_VAL                                         0xFF
                                                                    ^
SistemDecizional.c(1): warning: In file included from...
./SistemDecizional.h(7): warning: no newline at end of file [-Wnewline-eof]
void decideViteza(void); // Functie care ia decizia pentru motoare
                                                                  ^
SistemDecizional.c(5): warning: no previous extern declaration for non-static variable 'unghiThreshold' [-Wmissing-variable-declarations]
uint8_t unghiThreshold = 30;
        ^
SistemDecizional.c(5): note: declare 'static' if the variable is not intended to be used outside of this translation unit
uint8_t unghiThreshold = 30;
^
SistemDecizional.c(33): warning: no newline at end of file [-Wnewline-eof]
}
 ^
9 warnings generated.
compiling SistemDecizional.c...
PortsSetup.c(1): warning: In file included from...
C:/Users/VladTeapa/AppData/Local/Arm/Packs/Keil/Kinetis_KLxx_DFP/1.15.0/Device/Include\MKL25Z4.h(198): warning: In file included from...
P:/Keil/ARM/CMSIS/Include\core_cm0plus.h(147): warning: In file included from...
P:/Keil/ARM/CMSIS/Include\core_cmInstr.h(435): warning: implicit conversion changes signedness: 'uint32_t' (aka 'unsigned int') to 'int32_t' (aka 'int') [-Wsign-conversion]
  return(result);
  ~~~~~~ ^~~~~~
PortsSetup.c(1): warning: In file included from...
C:/Users/VladTeapa/AppData/Local/Arm/Packs/Keil/Kinetis_KLxx_DFP/1.15.0/Device/Include\MKL25Z4.h(198): warning: In file included from...
P:/Keil/ARM/CMSIS/Include\core_cm0plus.h(716): warning: implicit conversion changes signedness: 'int' to 'unsigned int' [-Wsign-conversion]
    SCB->SHP[_SHP_IDX(IRQn)] = (SCB->SHP[_SHP_IDX(IRQn)] & ~(0xFF << _BIT_SHIFT(IRQn))) |
                                                         ~ ^~~~~~~~~~~~~~~~~~~~~~~~~~~
P:/Keil/ARM/CMSIS/Include\core_cm0plus.h(719): warning: implicit conversion changes signedness: 'int' to 'unsigned int' [-Wsign-conversion]
    NVIC->IP[_IP_IDX(IRQn)] = (NVIC->IP[_IP_IDX(IRQn)] & ~(0xFF << _BIT_SHIFT(IRQn))) |
                                                       ~ ^~~~~~~~~~~~~~~~~~~~~~~~~~~
P:/Keil/ARM/CMSIS/Include\core_cm0plus.h(750): warning: function 'NVIC_SystemReset' could be declared with attribute 'noreturn' [-Wmissing-noreturn]
{
^
PortsSetup.c(2): warning: In file included from...
./PortsSetup.h(2): warning: In file included from...
./Defines.h(142): warning: no newline at end of file [-Wnewline-eof]
#define CAMERA_EDGE_VAL                                         0xFF
                                                                    ^
5 warnings generated.
compiling PortsSetup.c...
Main.c(1): warning: In file included from...
C:/Users/VladTeapa/AppData/Local/Arm/Packs/Keil/Kinetis_KLxx_DFP/1.15.0/Device/Include\MKL25Z4.h(198): warning: In file included from...
P:/Keil/ARM/CMSIS/Include\core_cm0plus.h(147): warning: In file included from...
P:/Keil/ARM/CMSIS/Include\core_cmInstr.h(435): warning: implicit conversion changes signedness: 'uint32_t' (aka 'unsigned int') to 'int32_t' (aka 'int') [-Wsign-conversion]
  return(result);
  ~~~~~~ ^~~~~~
Main.c(1): warning: In file included from...
C:/Users/VladTeapa/AppData/Local/Arm/Packs/Keil/Kinetis_KLxx_DFP/1.15.0/Device/Include\MKL25Z4.h(198): warning: In file included from...
P:/Keil/ARM/CMSIS/Include\core_cm0plus.h(716): warning: implicit conversion changes signedness: 'int' to 'unsigned int' [-Wsign-conversion]
    SCB->SHP[_SHP_IDX(IRQn)] = (SCB->SHP[_SHP_IDX(IRQn)] & ~(0xFF << _BIT_SHIFT(IRQn))) |
                                                         ~ ^~~~~~~~~~~~~~~~~~~~~~~~~~~
P:/Keil/ARM/CMSIS/Include\core_cm0plus.h(719): warning: implicit conversion changes signedness: 'int' to 'unsigned int' [-Wsign-conversion]
    NVIC->IP[_IP_IDX(IRQn)] = (NVIC->IP[_IP_IDX(IRQn)] & ~(0xFF << _BIT_SHIFT(IRQn))) |
                                                       ~ ^~~~~~~~~~~~~~~~~~~~~~~~~~~
P:/Keil/ARM/CMSIS/Include\core_cm0plus.h(750): warning: function 'NVIC_SystemReset' could be declared with attribute 'noreturn' [-Wmissing-noreturn]
{
^
Main.c(2): warning: In file included from...
./Motoare.h(2): warning: In file included from...
./Defines.h(142): warning: no newline at end of file [-Wnewline-eof]
#define CAMERA_EDGE_VAL                                         0xFF
                                                                    ^
Main.c(3): warning: In file included from...
./PortsSetup.h(2): warning: In file included from...
./Defines.h(142): warning: no newline at end of file [-Wnewline-eof]
#define CAMERA_EDGE_VAL                                         0xFF
                                                                    ^
Main.c(4): warning: In file included from...
./Camera.h(4): warning: In file included from...
./Defines.h(142): warning: no newline at end of file [-Wnewline-eof]
#define CAMERA_EDGE_VAL                                         0xFF
                                                                    ^
Main.c(4): warning: In file included from...
./Camera.h(18): warning: no newline at end of file [-Wnewline-eof]
uint8_t cautaLinie(void);
                         ^
Main.c(5): warning: In file included from...
./SistemDecizional.h(2): warning: In file included from...
./Defines.h(142): warning: no newline at end of file [-Wnewline-eof]
#define CAMERA_EDGE_VAL                                         0xFF
                                                                    ^
Main.c(5): warning: In file included from...
./SistemDecizional.h(3): warning: In file included from...
./Motoare.h(2): warning: In file included from...
./Defines.h(142): warning: no newline at end of file [-Wnewline-eof]
#define CAMERA_EDGE_VAL                                         0xFF
                                                                    ^
Main.c(5): warning: In file included from...
./SistemDecizional.h(7): warning: no newline at end of file [-Wnewline-eof]
void decideViteza(void); // Functie care ia decizia pentru motoare
                                                                  ^
Main.c(6): warning: In file included from...
./Uart.h(1): warning: In file included from...
./Defines.h(142): warning: no newline at end of file [-Wnewline-eof]
#define CAMERA_EDGE_VAL                                         0xFF
                                                                    ^
Main.c(6): warning: In file included from...
./Uart.h(7): warning: no newline at end of file [-Wnewline-eof]
void UartInit(uint32_t baud);
                             ^
Main.c(25): warning: unused variable 'x' [-Wunused-variable]
        double x = 0;
               ^
Main.c(14): warning: no previous extern declaration for non-static variable 'directie' [-Wmissing-variable-declarations]
double directie;
       ^
Main.c(14): note: declare 'static' if the variable is not intended to be used outside of this translation unit
double directie;
^
15 warnings generated.
compiling Main.c...
Uart.c(1): warning: In file included from...
./Uart.h(1): warning: In file included from...
./Defines.h(1): warning: In file included from...
C:/Users/VladTeapa/AppData/Local/Arm/Packs/Keil/Kinetis_KLxx_DFP/1.15.0/Device/Include\MKL25Z4.h(198): warning: In file included from...
P:/Keil/ARM/CMSIS/Include\core_cm0plus.h(147): warning: In file included from...
P:/Keil/ARM/CMSIS/Include\core_cmInstr.h(435): warning: implicit conversion changes signedness: 'uint32_t' (aka 'unsigned int') to 'int32_t' (aka 'int') [-Wsign-conversion]
  return(result);
  ~~~~~~ ^~~~~~
Uart.c(1): warning: In file included from...
./Uart.h(1): warning: In file included from...
./Defines.h(1): warning: In file included from...
C:/Users/VladTeapa/AppData/Local/Arm/Packs/Keil/Kinetis_KLxx_DFP/1.15.0/Device/Include\MKL25Z4.h(198): warning: In file included from...
P:/Keil/ARM/CMSIS/Include\core_cm0plus.h(716): warning: implicit conversion changes signedness: 'int' to 'unsigned int' [-Wsign-conversion]
    SCB->SHP[_SHP_IDX(IRQn)] = (SCB->SHP[_SHP_IDX(IRQn)] & ~(0xFF << _BIT_SHIFT(IRQn))) |
                                                         ~ ^~~~~~~~~~~~~~~~~~~~~~~~~~~
P:/Keil/ARM/CMSIS/Include\core_cm0plus.h(719): warning: implicit conversion changes signedness: 'int' to 'unsigned int' [-Wsign-conversion]
    NVIC->IP[_IP_IDX(IRQn)] = (NVIC->IP[_IP_IDX(IRQn)] & ~(0xFF << _BIT_SHIFT(IRQn))) |
                                                       ~ ^~~~~~~~~~~~~~~~~~~~~~~~~~~
P:/Keil/ARM/CMSIS/Include\core_cm0plus.h(750): warning: function 'NVIC_SystemReset' could be declared with attribute 'noreturn' [-Wmissing-noreturn]
{
^
Uart.c(1): warning: In file included from...
./Uart.h(1): warning: In file included from...
./Defines.h(142): warning: no newline at end of file [-Wnewline-eof]
#define CAMERA_EDGE_VAL                                         0xFF
                                                                    ^
Uart.c(1): warning: In file included from...
./Uart.h(7): warning: no newline at end of file [-Wnewline-eof]
void UartInit(uint32_t baud);
                             ^
Uart.c(3): warning: no previous extern declaration for non-static variable 'osr' [-Wmissing-variable-declarations]
uint32_t osr = 15;
         ^
Uart.c(3): note: declare 'static' if the variable is not intended to be used outside of this translation unit
uint32_t osr = 15;
^
Uart.c(4): warning: no previous extern declaration for non-static variable 'sbr' [-Wmissing-variable-declarations]
uint16_t sbr;
         ^
Uart.c(4): note: declare 'static' if the variable is not intended to be used outside of this translation unit
uint16_t sbr;
^
Uart.c(5): warning: no previous extern declaration for non-static variable 'temp' [-Wmissing-variable-declarations]
uint8_t temp;
        ^
Uart.c(5): note: declare 'static' if the variable is not intended to be used outside of this translation unit
uint8_t temp;
^
9 warnings generated.
compiling Uart.c...
Motoare.c(1): warning: In file included from...
./Motoare.h(1): warning: In file included from...
C:/Users/VladTeapa/AppData/Local/Arm/Packs/Keil/Kinetis_KLxx_DFP/1.15.0/Device/Include\MKL25Z4.h(198): warning: In file included from...
P:/Keil/ARM/CMSIS/Include\core_cm0plus.h(147): warning: In file included from...
P:/Keil/ARM/CMSIS/Include\core_cmInstr.h(435): warning: implicit conversion changes signedness: 'uint32_t' (aka 'unsigned int') to 'int32_t' (aka 'int') [-Wsign-conversion]
  return(result);
  ~~~~~~ ^~~~~~
Motoare.c(1): warning: In file included from...
./Motoare.h(1): warning: In file included from...
C:/Users/VladTeapa/AppData/Local/Arm/Packs/Keil/Kinetis_KLxx_DFP/1.15.0/Device/Include\MKL25Z4.h(198): warning: In file included from...
P:/Keil/ARM/CMSIS/Include\core_cm0plus.h(716): warning: implicit conversion changes signedness: 'int' to 'unsigned int' [-Wsign-conversion]
    SCB->SHP[_SHP_IDX(IRQn)] = (SCB->SHP[_SHP_IDX(IRQn)] & ~(0xFF << _BIT_SHIFT(IRQn))) |
                                                         ~ ^~~~~~~~~~~~~~~~~~~~~~~~~~~
P:/Keil/ARM/CMSIS/Include\core_cm0plus.h(719): warning: implicit conversion changes signedness: 'int' to 'unsigned int' [-Wsign-conversion]
    NVIC->IP[_IP_IDX(IRQn)] = (NVIC->IP[_IP_IDX(IRQn)] & ~(0xFF << _BIT_SHIFT(IRQn))) |
                                                       ~ ^~~~~~~~~~~~~~~~~~~~~~~~~~~
P:/Keil/ARM/CMSIS/Include\core_cm0plus.h(750): warning: function 'NVIC_SystemReset' could be declared with attribute 'noreturn' [-Wmissing-noreturn]
{
^
Motoare.c(1): warning: In file included from...
./Motoare.h(2): warning: In file included from...
./Defines.h(142): warning: no newline at end of file [-Wnewline-eof]
#define CAMERA_EDGE_VAL                                         0xFF
                                                                    ^
Motoare.c(3): warning: no previous extern declaration for non-static variable 'motoareInputCurent' [-Wmissing-variable-declarations]
double motoareInputCurent = 0;
       ^
Motoare.c(3): note: declare 'static' if the variable is not intended to be used outside of this translation unit
double motoareInputCurent = 0;
^
Motoare.c(4): warning: no previous extern declaration for non-static variable 'vitezaCurenta' [-Wmissing-variable-declarations]
double vitezaCurenta = 0;
       ^
Motoare.c(4): note: declare 'static' if the variable is not intended to be used outside of this translation unit
double vitezaCurenta = 0;
^
Motoare.c(5): warning: no previous extern declaration for non-static variable 'numberOfTimes' [-Wmissing-variable-declarations]
uint8_t numberOfTimes = 0;
        ^
Motoare.c(5): note: declare 'static' if the variable is not intended to be used outside of this translation unit
uint8_t numberOfTimes = 0;
^
Motoare.c(7): warning: no previous extern declaration for non-static variable 'nrInput' [-Wmissing-variable-declarations]
uint32_t nrInput = 0;
         ^
Motoare.c(7): note: declare 'static' if the variable is not intended to be used outside of this translation unit
uint32_t nrInput = 0;
^
Motoare.c(20): warning: implicit conversion increases floating-point precision: 'float' to 'double' [-Wdouble-promotion]
                        vitezaCurenta = (1.0f * nrInput/NUMBER_OF_MAGNETS) * PI * DIAMETER_OF_WHEEL / COEFFICIENT_MEASURE_TIME;
                                         ~~~~~~~~~~~~~~^~~~~~~~~~~~~~~~~~  ~
Motoare.c(20): warning: implicit conversion from 'uint32_t' (aka 'unsigned int') to 'float' may lose precision [-Wimplicit-int-float-conversion]
                        vitezaCurenta = (1.0f * nrInput/NUMBER_OF_MAGNETS) * PI * DIAMETER_OF_WHEEL / COEFFICIENT_MEASURE_TIME;
                                              ~ ^~~~~~~
Motoare.c(87): warning: implicit conversion turns floating-point number into integer: 'float' to 'uint32_t' (aka 'unsigned int') [-Wfloat-conversion]
        TPM0->CONTROLS[4].CnV = ServoMaxCount*0.075f;
                              ~ ~~~~~~~~~~~~~^~~~~~~
Motoare.c(114): warning: implicit conversion turns floating-point number into integer: 'double' to 'uint32_t' (aka 'unsigned int') [-Wfloat-conversion]
        TPM0->CONTROLS[2].CnV = MotorMaxCount*vitezaMotor;
                              ~ ~~~~~~~~~~~~~^~~~~~~~~~~~
Motoare.c(116): warning: implicit conversion turns floating-point number into integer: 'double' to 'uint32_t' (aka 'unsigned int') [-Wfloat-conversion]
        TPM0->CONTROLS[1].CnV = MotorMaxCount*vitezaMotor;
                              ~ ~~~~~~~~~~~~~^~~~~~~~~~~~
Motoare.c(128): warning: implicit conversion turns floating-point number into integer: 'double' to 'uint32_t' (aka 'unsigned int') [-Wfloat-conversion]
        TPM0->CONTROLS[4].CnV = (ServoMaxVal-ServoMinVal)*unghi + ServoMinVal;
                              ~ ~~~~~~~~~~~~~~~~~~~~~~~~~~~~~~~~^~~~~~~~~~~~~
Motoare.c(129): warning: no newline at end of file [-Wnewline-eof]
}
 ^
Motoare.c(6): warning: no previous extern declaration for non-static variable 'viteza' [-Wmissing-variable-declarations]
double viteza;
       ^
Motoare.c(6): note: declare 'static' if the variable is not intended to be used outside of this translation unit
double viteza;
^
Motoare.c(8): warning: no previous extern declaration for non-static variable 'debug' [-Wmissing-variable-declarations]
uint32_t debug;
         ^
Motoare.c(8): note: declare 'static' if the variable is not intended to be used outside of this translation unit
uint32_t debug;
^
18 warnings generated.
compiling Motoare.c...
Camera.c(1): warning: In file included from...
./Camera.h(3): warning: In file included from...
C:/Users/VladTeapa/AppData/Local/Arm/Packs/Keil/Kinetis_KLxx_DFP/1.15.0/Device/Include\MKL25Z4.h(198): warning: In file included from...
P:/Keil/ARM/CMSIS/Include\core_cm0plus.h(147): warning: In file included from...
P:/Keil/ARM/CMSIS/Include\core_cmInstr.h(435): warning: implicit conversion changes signedness: 'uint32_t' (aka 'unsigned int') to 'int32_t' (aka 'int') [-Wsign-conversion]
  return(result);
  ~~~~~~ ^~~~~~
Camera.c(1): warning: In file included from...
./Camera.h(3): warning: In file included from...
C:/Users/VladTeapa/AppData/Local/Arm/Packs/Keil/Kinetis_KLxx_DFP/1.15.0/Device/Include\MKL25Z4.h(198): warning: In file included from...
P:/Keil/ARM/CMSIS/Include\core_cm0plus.h(716): warning: implicit conversion changes signedness: 'int' to 'unsigned int' [-Wsign-conversion]
    SCB->SHP[_SHP_IDX(IRQn)] = (SCB->SHP[_SHP_IDX(IRQn)] & ~(0xFF << _BIT_SHIFT(IRQn))) |
                                                         ~ ^~~~~~~~~~~~~~~~~~~~~~~~~~~
P:/Keil/ARM/CMSIS/Include\core_cm0plus.h(719): warning: implicit conversion changes signedness: 'int' to 'unsigned int' [-Wsign-conversion]
    NVIC->IP[_IP_IDX(IRQn)] = (NVIC->IP[_IP_IDX(IRQn)] & ~(0xFF << _BIT_SHIFT(IRQn))) |
                                                       ~ ^~~~~~~~~~~~~~~~~~~~~~~~~~~
P:/Keil/ARM/CMSIS/Include\core_cm0plus.h(750): warning: function 'NVIC_SystemReset' could be declared with attribute 'noreturn' [-Wmissing-noreturn]
{
^
Camera.c(1): warning: In file included from...
./Camera.h(4): warning: In file included from...
./Defines.h(142): warning: no newline at end of file [-Wnewline-eof]
#define CAMERA_EDGE_VAL                                         0xFF
                                                                    ^
Camera.c(1): warning: In file included from...
./Camera.h(18): warning: no newline at end of file [-Wnewline-eof]
uint8_t cautaLinie(void);
                         ^
Camera.c(2): warning: In file included from...
./Uart.h(1): warning: In file included from...
./Defines.h(142): warning: no newline at end of file [-Wnewline-eof]
#define CAMERA_EDGE_VAL                                         0xFF
                                                                    ^
Camera.c(2): warning: In file included from...
./Uart.h(7): warning: no newline at end of file [-Wnewline-eof]
void UartInit(uint32_t baud);
                             ^
Camera.c(3): warning: In file included from...
./SistemDecizional.h(2): warning: In file included from...
./Defines.h(142): warning: no newline at end of file [-Wnewline-eof]
#define CAMERA_EDGE_VAL                                         0xFF
                                                                    ^
Camera.c(3): warning: In file included from...
./SistemDecizional.h(3): warning: In file included from...
./Motoare.h(2): warning: In file included from...
./Defines.h(142): warning: no newline at end of file [-Wnewline-eof]
#define CAMERA_EDGE_VAL                                         0xFF
                                                                    ^
Camera.c(3): warning: In file included from...
./SistemDecizional.h(7): warning: no newline at end of file [-Wnewline-eof]
void decideViteza(void); // Functie care ia decizia pentru motoare
                                                                  ^
Camera.c(4): warning: In file included from...
./Motoare.h(2): warning: In file included from...
./Defines.h(142): warning: no newline at end of file [-Wnewline-eof]
#define CAMERA_EDGE_VAL                                         0xFF
                                                                    ^
Camera.c(15): warning: no previous extern declaration for non-static variable 'linie' [-Wmissing-variable-declarations]
uint8_t linie=63;
        ^
Camera.c(15): note: declare 'static' if the variable is not intended to be used outside of this translation unit
uint8_t linie=63;
^
Camera.c(16): warning: no previous extern declaration for non-static variable 'linieStatus' [-Wmissing-variable-declarations]
uint8_t linieStatus = 1;
        ^
Camera.c(16): note: declare 'static' if the variable is not intended to be used outside of this translation unit
uint8_t linieStatus = 1;
^
Camera.c(17): warning: no previous extern declaration for non-static variable 'primaImagine' [-Wmissing-variable-declarations]
uint8_t primaImagine = CAMERA_FIRST_IMAGE_TRUE;
        ^
Camera.c(17): note: declare 'static' if the variable is not intended to be used outside of this translation unit
uint8_t primaImagine = CAMERA_FIRST_IMAGE_TRUE;
^
Camera.c(273): warning: no newline at end of file [-Wnewline-eof]
}
 ^
Camera.c(14): warning: no previous extern declaration for non-static variable 'cameraPixels' [-Wmissing-variable-declarations]
uint8_t cameraPixels[128];
        ^
Camera.c(14): note: declare 'static' if the variable is not intended to be used outside of this translation unit
uint8_t cameraPixels[128];
^
17 warnings generated.
compiling Camera.c...
assembling startup_MKL25Z4.s...
RTE/Device/MKL25Z128xxx4/system_MKL25Z4.c(100): warning: In file included from...
C:/Users/VladTeapa/AppData/Local/Arm/Packs/Keil/Kinetis_KLxx_DFP/1.15.0/Device/Include\MKL25Z4.h(198): warning: In file included from...
P:/Keil/ARM/CMSIS/Include\core_cm0plus.h(147): warning: In file included from...
P:/Keil/ARM/CMSIS/Include\core_cmInstr.h(435): warning: implicit conversion changes signedness: 'uint32_t' (aka 'unsigned int') to 'int32_t' (aka 'int') [-Wsign-conversion]
  return(result);
  ~~~~~~ ^~~~~~
RTE/Device/MKL25Z128xxx4/system_MKL25Z4.c(100): warning: In file included from...
C:/Users/VladTeapa/AppData/Local/Arm/Packs/Keil/Kinetis_KLxx_DFP/1.15.0/Device/Include\MKL25Z4.h(198): warning: In file included from...
P:/Keil/ARM/CMSIS/Include\core_cm0plus.h(716): warning: implicit conversion changes signedness: 'int' to 'unsigned int' [-Wsign-conversion]
    SCB->SHP[_SHP_IDX(IRQn)] = (SCB->SHP[_SHP_IDX(IRQn)] & ~(0xFF << _BIT_SHIFT(IRQn))) |
                                                         ~ ^~~~~~~~~~~~~~~~~~~~~~~~~~~
P:/Keil/ARM/CMSIS/Include\core_cm0plus.h(719): warning: implicit conversion changes signedness: 'int' to 'unsigned int' [-Wsign-conversion]
    NVIC->IP[_IP_IDX(IRQn)] = (NVIC->IP[_IP_IDX(IRQn)] & ~(0xFF << _BIT_SHIFT(IRQn))) |
                                                       ~ ^~~~~~~~~~~~~~~~~~~~~~~~~~~
P:/Keil/ARM/CMSIS/Include\core_cm0plus.h(750): warning: function 'NVIC_SystemReset' could be declared with attribute 'noreturn' [-Wmissing-noreturn]
{
^
RTE/Device/MKL25Z128xxx4/system_MKL25Z4.c(268): warning: code will never be executed [-Wunreachable-code]
    NVIC_EnableIRQ(MCG_IRQn);          /* Enable PLL loss of lock interrupt request */
    ^~~~~~~~~~~~~~
RTE/Device/MKL25Z128xxx4/system_MKL25Z4.c(267): note: silence by adding parentheses to mark code as explicitly dead
  if (((SYSTEM_MCG_C6_VALUE) & MCG_C6_LOLIE0_MASK) != 0U) {
                                                      ^
                                                      /* DISABLES CODE */ ( )
5 warnings generated.
compiling system_MKL25Z4.c...
linking...
Program Size: Code=7000 RO-data=416 RW-data=12 ZI-data=664  
FromELF: creating hex file...
".\Objects\ProiectLicenta.axf" - 0 Error(s), 78 Warning(s).

<h2>Software Packages used:</h2>

Package Vendor: Keil
                http://www.keil.com/pack/Keil.ARM_Compiler.1.6.3.pack
                Keil.ARM_Compiler.1.6.3
                Keil ARM Compiler extensions for ARM Compiler 5 and ARM Compiler 6
   * Component: STDERR Variant: Breakpoint Version: 1.2.0
   * Component: STDIN Variant: Breakpoint Version: 1.2.0
   * Component: STDOUT Variant: Breakpoint Version: 1.2.0

Package Vendor: Keil
                http://www.keil.com/pack/Keil.Kinetis_KLxx_DFP.1.15.0.pack
                Keil.Kinetis_KLxx_DFP.1.15.0
                NXP Kinetis KLxx Series Device Support and Examples
   * Component: Startup Version: 2.5.0

<h2>Collection of Component include folders:</h2>
  .\RTE\Device\MKL25Z128xxx4
  .\RTE\_Target_1
  C:\Users\VladTeapa\AppData\Local\Arm\Packs\Keil\Kinetis_KLxx_DFP\1.15.0\Device\Include

<h2>Collection of Component Files used:</h2>

   * Component: Keil.ARM Compiler::Compiler:I/O:STDERR:Breakpoint:1.2.0
      Source file:   Source\retarget_io.c

   * Component: Keil.ARM Compiler::Compiler:I/O:STDIN:Breakpoint:1.2.0
      Source file:   Source\retarget_io.c

   * Component: Keil.ARM Compiler::Compiler:I/O:STDOUT:Breakpoint:1.2.0
      Source file:   Source\retarget_io.c

   * Component: Keil::Device:Startup:2.5.0
      Include file:  Device\Source\system_MKL25Z4.h
      Source file:   Device\Source\ARM\startup_MKL25Z4.s
      Source file:   Device\Source\system_MKL25Z4.c
Build Time Elapsed:  00:00:03
</pre>
</body>
</html>
