Component: ARM Compiler 6.15 Tool: armlink [5dd79300]

==============================================================================

Section Cross References

    main.o(.text.main) refers to portssetup.o(.text.SIMSetup) for SIMSetup
    main.o(.text.main) refers to pid.o(.text.initializarePID) for initializarePID
    main.o(.text.main) refers to motoare.o(.text.InitializarePiniParteMecanica) for InitializarePiniParteMecanica
    main.o(.text.main) refers to camera.o(.text.initializareCamera) for initializareCamera
    main.o(.text.main) refers to camera.o(.text.initializarePIT) for initializarePIT
    main.o(.text.main) refers to motoare.o(.text.initializareSenzorTuratie) for initializareSenzorTuratie
    main.o(.text.main) refers to senzoridistanta.o(.text.initializareSenzoriDistanta) for initializareSenzoriDistanta
    main.o(.text.main) refers to camera.o(.text.startCamera) for startCamera
    main.o(.text.main) refers to uart.o(.text.uartInit) for uartInit
    main.o(.text.main) refers to motoare.o(.text.SetareUnghi) for SetareUnghi
    main.o(.text.main) refers to fcmp.o(i._fls) for __aeabi_fcmplt
    main.o(.text.main) refers to fcmp.o(i._fgeq) for __aeabi_fcmpge
    main.o(.text.main) refers to sistemdecizional.o(.text.decideVitezaDrumSimplu) for decideVitezaDrumSimplu
    main.o(.text.main) refers to sistemdecizional.o(.text.decideDirectiaDrumSimplu) for decideDirectiaDrumSimplu
    main.o(.text.main) refers to daddsub.o(.text) for __aeabi_dadd
    main.o(.text.main) refers to fcmp.o(i._fleq) for __aeabi_fcmple
    main.o(.text.main) refers to motoare.o(.bss.viteza) for viteza
    main.o(.text.main) refers to main.o(.bss.stare) for [Anonymous Symbol]
    main.o(.text.main) refers to camera.o(.data.linie) for linie
    main.o(.text.main) refers to senzoridistanta.o(.data.distantaC) for distantaC
    main.o(.text.main) refers to senzoridistanta.o(.data.distantaD) for distantaD
    main.o(.text.main) refers to senzoridistanta.o(.data.distantaS) for distantaS
    main.o(.text.main) refers to main.o(.data.lastObst) for lastObst
    main.o(.ARM.exidx.text.main) refers to main.o(.text.main) for [Anonymous Symbol]
    motoare.o(.ARM.exidx.text.abs) refers to motoare.o(.text.abs) for [Anonymous Symbol]
    motoare.o(.text.TPM2_IRQHandler) refers to fflti.o(.text) for __aeabi_ui2f
    motoare.o(.text.TPM2_IRQHandler) refers to fmul.o(x$fpl$fmul) for __aeabi_fmul
    motoare.o(.text.TPM2_IRQHandler) refers to fdiv.o(.text) for __aeabi_fdiv
    motoare.o(.text.TPM2_IRQHandler) refers to faddsub.o(x$fpl$fsub) for __aeabi_fsub
    motoare.o(.text.TPM2_IRQHandler) refers to fcmp.o(i._fgeq) for __aeabi_fcmpge
    motoare.o(.text.TPM2_IRQHandler) refers to fcmp.o(i._feq) for __aeabi_fcmpeq
    motoare.o(.text.TPM2_IRQHandler) refers to pid.o(.text.getNextPid) for getNextPid
    motoare.o(.text.TPM2_IRQHandler) refers to fcmp.o(i._fleq) for __aeabi_fcmple
    motoare.o(.text.TPM2_IRQHandler) refers to fcmp.o(i._fls) for __aeabi_fcmplt
    motoare.o(.text.TPM2_IRQHandler) refers to fcmp.o(i._fgr) for __aeabi_fcmpgt
    motoare.o(.text.TPM2_IRQHandler) refers to ffixui.o(.text) for __aeabi_f2uiz
    motoare.o(.text.TPM2_IRQHandler) refers to motoare.o(.bss.nrInput) for nrInput
    motoare.o(.text.TPM2_IRQHandler) refers to motoare.o(.bss.vitezaCurenta) for vitezaCurenta
    motoare.o(.text.TPM2_IRQHandler) refers to motoare.o(.bss.viteza) for viteza
    motoare.o(.text.TPM2_IRQHandler) refers to motoare.o(.bss.semnal) for semnal
    motoare.o(.text.TPM2_IRQHandler) refers to motoare.o(.bss.lastSign) for lastSign
    motoare.o(.ARM.exidx.text.TPM2_IRQHandler) refers to motoare.o(.text.TPM2_IRQHandler) for [Anonymous Symbol]
    motoare.o(.text.SetareViteza) refers to fcmp.o(i._fls) for __aeabi_fcmplt
    motoare.o(.text.SetareViteza) refers to fcmp.o(i._fgr) for __aeabi_fcmpgt
    motoare.o(.text.SetareViteza) refers to fmul.o(x$fpl$fmul) for __aeabi_fmul
    motoare.o(.text.SetareViteza) refers to ffixui.o(.text) for __aeabi_f2uiz
    motoare.o(.ARM.exidx.text.SetareViteza) refers to motoare.o(.text.SetareViteza) for [Anonymous Symbol]
    motoare.o(.ARM.exidx.text.SetareSens) refers to motoare.o(.text.SetareSens) for [Anonymous Symbol]
    motoare.o(.ARM.exidx.text.InitializarePiniParteMecanica) refers to motoare.o(.text.InitializarePiniParteMecanica) for [Anonymous Symbol]
    motoare.o(.ARM.exidx.text.initializareSenzorTuratie) refers to motoare.o(.text.initializareSenzorTuratie) for [Anonymous Symbol]
    motoare.o(.text.SetareUnghi) refers to dcmp.o(i._deq) for __aeabi_dcmpeq
    motoare.o(.text.SetareUnghi) refers to dcmp.o(i._dls) for __aeabi_dcmplt
    motoare.o(.text.SetareUnghi) refers to dcmp.o(i._dgr) for __aeabi_dcmpgt
    motoare.o(.text.SetareUnghi) refers to daddsub.o(.text) for __aeabi_dadd
    motoare.o(.text.SetareUnghi) refers to dmul.o(.text) for __aeabi_dmul
    motoare.o(.text.SetareUnghi) refers to dfixui.o(.text) for __aeabi_d2uiz
[...]
    rtexit.o(.ARM.Collect$$rtexit$$00000000) refers (Special) to rtexit2.o(.ARM.Collect$$rtexit$$00000003) for __rt_exit_ls
    rtexit.o(.ARM.Collect$$rtexit$$00000000) refers (Special) to rtexit2.o(.ARM.Collect$$rtexit$$00000002) for __rt_exit_prels_1
    rtexit.o(.ARM.exidx) refers (Special) to rtexit2.o(.ARM.Collect$$rtexit$$00000004) for __rt_exit_exit
    rtexit.o(.ARM.exidx) refers (Special) to rtexit2.o(.ARM.Collect$$rtexit$$00000003) for __rt_exit_ls
    rtexit.o(.ARM.exidx) refers (Special) to rtexit2.o(.ARM.Collect$$rtexit$$00000002) for __rt_exit_prels_1
    rtexit.o(.ARM.exidx) refers to rtexit.o(.ARM.Collect$$rtexit$$00000000) for .ARM.Collect$$rtexit$$00000000
    rt_raise.o(.text) refers to __raise.o(.text) for __raise
    rt_raise.o(.text) refers to sys_exit.o(.text) for _sys_exit
    defsig_exit.o(.text) refers to sys_exit.o(.text) for _sys_exit
    defsig_fpe_inner.o(.text) refers to defsig_general.o(.text) for __default_signal_display
    libinit2.o(.ARM.Collect$$libinit$$00000010) refers to libinit2.o(.ARM.Collect$$libinit$$0000000F) for .ARM.Collect$$libinit$$0000000F
    libinit2.o(.ARM.Collect$$libinit$$00000012) refers to libinit2.o(.ARM.Collect$$libinit$$0000000F) for .ARM.Collect$$libinit$$0000000F
    libinit2.o(.ARM.Collect$$libinit$$00000014) refers to libinit2.o(.ARM.Collect$$libinit$$0000000F) for .ARM.Collect$$libinit$$0000000F
    libinit2.o(.ARM.Collect$$libinit$$00000016) refers to libinit2.o(.ARM.Collect$$libinit$$0000000F) for .ARM.Collect$$libinit$$0000000F
    libinit2.o(.ARM.Collect$$libinit$$00000018) refers to libinit2.o(.ARM.Collect$$libinit$$0000000F) for .ARM.Collect$$libinit$$0000000F
    libinit2.o(.ARM.Collect$$libinit$$00000026) refers to argv_veneer.o(.text) for __ARM_argv_veneer
    libinit2.o(.ARM.Collect$$libinit$$00000027) refers to argv_veneer.o(.text) for __ARM_argv_veneer
    retnan.o(.text) refers (Special) to usenofp.o(x$fpl$usenofp) for __I$use$fp
    retnan.o(.text) refers to cmpret.o(.text) for __fpl_cmpreturn
    sys_exit.o(.text) refers (Special) to use_no_semi.o(.text) for __I$use$semihosting
    sys_exit.o(.text) refers (Special) to indicate_semi.o(.text) for __semihosting_library_function
    sys_exit_hlt.o(.text) refers (Special) to use_no_semi.o(.text) for __I$use$semihosting
    sys_exit_hlt.o(.text) refers (Special) to indicate_semi.o(.text) for __semihosting_library_function
    rtexit2.o(.ARM.Collect$$rtexit$$00000003) refers to libshutdown.o(.ARM.Collect$$libshutdown$$00000000) for __rt_lib_shutdown
    rtexit2.o(.ARM.Collect$$rtexit$$00000004) refers to sys_exit.o(.text) for _sys_exit
    rtexit2.o(.ARM.exidx) refers to rtexit2.o(.ARM.Collect$$rtexit$$00000001) for .ARM.Collect$$rtexit$$00000001
    rtexit2.o(.ARM.exidx) refers to rtexit2.o(.ARM.Collect$$rtexit$$00000003) for .ARM.Collect$$rtexit$$00000003
    rtexit2.o(.ARM.exidx) refers to rtexit2.o(.ARM.Collect$$rtexit$$00000004) for .ARM.Collect$$rtexit$$00000004
    __raise.o(.text) refers to defsig.o(CL$$defsig) for __default_signal_handler
    defsig_general.o(.text) refers to sys_wrch.o(.text) for _ttywrch
    sys_wrch.o(.text) refers (Special) to use_no_semi.o(.text) for __I$use$semihosting
    sys_wrch.o(.text) refers (Special) to indicate_semi.o(.text) for __semihosting_library_function
    sys_wrch_hlt.o(.text) refers (Special) to use_no_semi.o(.text) for __I$use$semihosting
    sys_wrch_hlt.o(.text) refers (Special) to indicate_semi.o(.text) for __semihosting_library_function
    defsig.o(CL$$defsig) refers to defsig_fpe_inner.o(.text) for __rt_SIGFPE_inner
    defsig.o(CL$$defsig) refers to defsig_rtmem_inner.o(.text) for __rt_SIGRTMEM_inner
    _get_argv_nomalloc.o(.text) refers (Special) to hrguard.o(.text) for __heap_region$guard
    _get_argv_nomalloc.o(.text) refers to defsig_rtmem_outer.o(.text) for __rt_SIGRTMEM
    _get_argv_nomalloc.o(.text) refers to sys_command.o(.text) for _sys_command_string
    libshutdown.o(.ARM.Collect$$libshutdown$$00000000) refers (Special) to libshutdown2.o(.ARM.Collect$$libshutdown$$00000002) for __rt_lib_shutdown_cpp_1
    libshutdown.o(.ARM.Collect$$libshutdown$$00000000) refers (Special) to libshutdown2.o(.ARM.Collect$$libshutdown$$00000007) for __rt_lib_shutdown_fp_trap_1
    libshutdown.o(.ARM.Collect$$libshutdown$$00000000) refers (Special) to libshutdown2.o(.ARM.Collect$$libshutdown$$0000000F) for __rt_lib_shutdown_heap_1
    libshutdown.o(.ARM.Collect$$libshutdown$$00000000) refers (Special) to libshutdown2.o(.ARM.Collect$$libshutdown$$00000010) for __rt_lib_shutdown_return
    libshutdown.o(.ARM.Collect$$libshutdown$$00000000) refers (Special) to libshutdown2.o(.ARM.Collect$$libshutdown$$0000000A) for __rt_lib_shutdown_signal_1
    libshutdown.o(.ARM.Collect$$libshutdown$$00000000) refers (Special) to libshutdown2.o(.ARM.Collect$$libshutdown$$00000004) for __rt_lib_shutdown_stdio_1
    libshutdown.o(.ARM.Collect$$libshutdown$$00000000) refers (Special) to libshutdown2.o(.ARM.Collect$$libshutdown$$0000000C) for __rt_lib_shutdown_user_alloc_1
    sys_command.o(.text) refers (Special) to use_no_semi.o(.text) for __I$use$semihosting
    sys_command.o(.text) refers (Special) to indicate_semi.o(.text) for __semihosting_library_function
    sys_command_hlt.o(.text) refers (Special) to use_no_semi.o(.text) for __I$use$semihosting
    sys_command_hlt.o(.text) refers (Special) to indicate_semi.o(.text) for __semihosting_library_function
    defsig_abrt_inner.o(.text) refers to defsig_general.o(.text) for __default_signal_display
    defsig_rtred_inner.o(.text) refers to defsig_general.o(.text) for __default_signal_display
    defsig_rtmem_inner.o(.text) refers to defsig_general.o(.text) for __default_signal_display
    defsig_rtmem_outer.o(.text) refers to defsig_rtmem_inner.o(.text) for __rt_SIGRTMEM_inner
    defsig_rtmem_outer.o(.text) refers to defsig_exit.o(.text) for __sig_exit
    defsig_rtmem_formal.o(.text) refers to rt_raise.o(.text) for __rt_raise
    defsig_stak_inner.o(.text) refers to defsig_general.o(.text) for __default_signal_display
    defsig_pvfn_inner.o(.text) refers to defsig_general.o(.text) for __default_signal_display
    defsig_cppl_inner.o(.text) refers to defsig_general.o(.text) for __default_signal_display
    defsig_segv_inner.o(.text) refers to defsig_general.o(.text) for __default_signal_display
    defsig_other.o(.text) refers to defsig_general.o(.text) for __default_signal_display


==============================================================================

Removing Unused input sections from the image.

    Removing main.o(.text), (0 bytes).
    Removing main.o(.ARM.exidx.text.main), (8 bytes).
    Removing main.o(.ARM.use_no_argv), (4 bytes).
    Removing motoare.o(.text), (0 bytes).
    Removing motoare.o(.text.abs), (8 bytes).
    Removing motoare.o(.ARM.exidx.text.abs), (8 bytes).
    Removing motoare.o(.ARM.exidx.text.TPM2_IRQHandler), (8 bytes).
    Removing motoare.o(.text.SetareViteza), (68 bytes).
    Removing motoare.o(.ARM.exidx.text.SetareViteza), (8 bytes).
    Removing motoare.o(.text.SetareSens), (36 bytes).
    Removing motoare.o(.ARM.exidx.text.SetareSens), (8 bytes).
    Removing motoare.o(.ARM.exidx.text.InitializarePiniParteMecanica), (8 bytes).
    Removing motoare.o(.ARM.exidx.text.initializareSenzorTuratie), (8 bytes).
    Removing motoare.o(.ARM.exidx.text.SetareUnghi), (8 bytes).
    Removing portssetup.o(.text), (0 bytes).
    Removing portssetup.o(.ARM.exidx.text.SIMSetup), (8 bytes).
    Removing camera.o(.text), (0 bytes).
    Removing camera.o(.ARM.exidx.text.ADC0_IRQHandler), (8 bytes).
    Removing camera.o(.ARM.exidx.text.PIT_IRQHandler), (8 bytes).
    Removing camera.o(.ARM.exidx.text.startCamera), (8 bytes).
    Removing camera.o(.ARM.exidx.text.initializarePIT), (8 bytes).
    Removing camera.o(.ARM.exidx.text.initializareCamera), (8 bytes).
    Removing sistemdecizional.o(.text), (0 bytes).
    Removing sistemdecizional.o(.ARM.exidx.text.decideDirectiaDrumSimplu), (8 bytes).
    Removing sistemdecizional.o(.ARM.exidx.text.decideVitezaDrumSimplu), (8 bytes).
    Removing uart.o(.text), (0 bytes).
    Removing uart.o(.ARM.exidx.text.uartInit), (8 bytes).
    Removing uart.o(.text.trimiteDate), (20 bytes).
    Removing uart.o(.ARM.exidx.text.trimiteDate), (8 bytes).
    Removing uart.o(.text.primesteDate), (16 bytes).
    Removing uart.o(.ARM.exidx.text.primesteDate), (8 bytes).
    Removing pid.o(.text), (0 bytes).
    Removing pid.o(.ARM.exidx.text.initializarePID), (8 bytes).
    Removing pid.o(.ARM.exidx.text.getNextPid), (8 bytes).
    Removing senzoridistanta.o(.text), (0 bytes).
    Removing senzoridistanta.o(.ARM.exidx.text.PORTA_IRQHandler), (8 bytes).
    Removing senzoridistanta.o(.ARM.exidx.text.PORTD_IRQHandler), (8 bytes).
    Removing senzoridistanta.o(.ARM.exidx.text.initializareSenzoriDistanta), (8 bytes).
    Removing retarget_io.o(.text), (0 bytes).
    Removing retarget_io.o(.text._sys_open), (88 bytes).
    Removing retarget_io.o(.ARM.exidx.text._sys_open), (8 bytes).
    Removing retarget_io.o(.text._sys_close), (20 bytes).
    Removing retarget_io.o(.ARM.exidx.text._sys_close), (8 bytes).
    Removing retarget_io.o(.text._sys_write), (52 bytes).
    Removing retarget_io.o(.ARM.exidx.text._sys_write), (8 bytes).
    Removing retarget_io.o(.text._sys_read), (28 bytes).
    Removing retarget_io.o(.ARM.exidx.text._sys_read), (8 bytes).
    Removing retarget_io.o(.text._sys_istty), (20 bytes).
    Removing retarget_io.o(.ARM.exidx.text._sys_istty), (8 bytes).
    Removing retarget_io.o(.text._sys_seek), (6 bytes).
    Removing retarget_io.o(.ARM.exidx.text._sys_seek), (8 bytes).
    Removing retarget_io.o(.text._sys_flen), (4 bytes).
    Removing retarget_io.o(.ARM.exidx.text._sys_flen), (8 bytes).
    Removing retarget_io.o(.rodata.__stdin_name), (7 bytes).
    Removing retarget_io.o(.rodata.__stdout_name), (8 bytes).
    Removing retarget_io.o(.rodata.__stderr_name), (8 bytes).
    Removing system_mkl25z4.o(.text), (0 bytes).
    Removing system_mkl25z4.o(.ARM.exidx.text.SystemInit), (8 bytes).
    Removing system_mkl25z4.o(.text.SystemCoreClockUpdate), (272 bytes).
    Removing system_mkl25z4.o(.ARM.exidx.text.SystemCoreClockUpdate), (8 bytes).
    Removing system_mkl25z4.o(.data.SystemCoreClock), (4 bytes).

61 unused section(s) (total 933 bytes) removed from the image.

==============================================================================

Image Symbol Table

    Local Symbols

    Symbol Name                              Value     Ov Type        Size  Object(Section)

    ../clib/angel/boardlib.s                 0x00000000   Number         0  boardinit1.o ABSOLUTE
    ../clib/angel/boardlib.s                 0x00000000   Number         0  boardinit2.o ABSOLUTE
    ../clib/angel/boardlib.s                 0x00000000   Number         0  boardinit3.o ABSOLUTE
    ../clib/angel/boardlib.s                 0x00000000   Number         0  boardshut.o ABSOLUTE
    ../clib/angel/handlers.s                 0x00000000   Number         0  __scatter_copy.o ABSOLUTE
    ../clib/angel/handlers.s                 0x00000000   Number         0  __scatter_zi.o ABSOLUTE
    ../clib/angel/kernel.s                   0x00000000   Number         0  __rtentry.o ABSOLUTE
    ../clib/angel/kernel.s                   0x00000000   Number         0  __rtentry2.o ABSOLUTE
    ../clib/angel/kernel.s                   0x00000000   Number         0  __rtentry4.o ABSOLUTE
    ../clib/angel/kernel.s                   0x00000000   Number         0  rtexit.o ABSOLUTE
    ../clib/angel/kernel.s                   0x00000000   Number         0  rtexit2.o ABSOLUTE
    ../clib/angel/rt.s                       0x00000000   Number         0  aeabi_idiv0.o ABSOLUTE
    ../clib/angel/rt.s                       0x00000000   Number         0  aeabi_idiv0_sigfpe.o ABSOLUTE
    ../clib/angel/rt.s                       0x00000000   Number         0  rt_div0.o ABSOLUTE
    ../clib/angel/rt.s                       0x00000000   Number         0  rt_raise.o ABSOLUTE
    ../clib/angel/scatterp.s                 0x00000000   Number         0  __scatter.o ABSOLUTE
    ../clib/angel/startup.s                  0x00000000   Number         0  __main.o ABSOLUTE
    ../clib/angel/sys.s                      0x00000000   Number         0  sys_stackheap_outer.o ABSOLUTE
    ../clib/angel/sys.s                      0x00000000   Number         0  libspace.o ABSOLUTE
    ../clib/angel/sys.s                      0x00000000   Number         0  tempstk.o ABSOLUTE
    ../clib/angel/sys.s                      0x00000000   Number         0  use_no_semi.o ABSOLUTE
    ../clib/angel/sys.s                      0x00000000   Number         0  indicate_semi.o ABSOLUTE
    ../clib/angel/sysapp.c                   0x00000000   Number         0  sys_exit.o ABSOLUTE
    ../clib/angel/sysapp.c                   0x00000000   Number         0  sys_exit_hlt.o ABSOLUTE
    ../clib/angel/sysapp.c                   0x00000000   Number         0  sys_wrch.o ABSOLUTE
    ../clib/angel/sysapp.c                   0x00000000   Number         0  sys_wrch_hlt.o ABSOLUTE
    ../clib/angel/sysapp.c                   0x00000000   Number         0  sys_command.o ABSOLUTE
    ../clib/angel/sysapp.c                   0x00000000   Number         0  sys_command_hlt.o ABSOLUTE
    ../clib/armsys.c                         0x00000000   Number         0  argv_veneer.o ABSOLUTE
    ../clib/armsys.c                         0x00000000   Number         0  _get_argv_nomalloc.o ABSOLUTE
    ../clib/armsys.c                         0x00000000   Number         0  no_argv.o ABSOLUTE
    ../clib/division.s                       0x00000000   Number         0  aeabi_sdivfast.o ABSOLUTE
    ../clib/division.s                       0x00000000   Number         0  aeabi_sdivfast_div0.o ABSOLUTE
    ../clib/heapalloc.c                      0x00000000   Number         0  hrguard.o ABSOLUTE
    ../clib/heapaux.c                        0x00000000   Number         0  heapauxi.o ABSOLUTE
    ../clib/libinit.s                        0x00000000   Number         0  libinit.o ABSOLUTE
    ../clib/libinit.s                        0x00000000   Number         0  libinit2.o ABSOLUTE
    ../clib/libinit.s                        0x00000000   Number         0  libshutdown.o ABSOLUTE
    ../clib/libinit.s                        0x00000000   Number         0  libshutdown2.o ABSOLUTE
    ../clib/memcpset.s                       0x00000000   Number         0  strcmpv6m.o ABSOLUTE
    ../clib/signal.c                         0x00000000   Number         0  defsig_fpe_outer.o ABSOLUTE
    ../clib/signal.c                         0x00000000   Number         0  defsig_fpe_formal.o ABSOLUTE
    ../clib/signal.c                         0x00000000   Number         0  defsig_exit.o ABSOLUTE
    ../clib/signal.c                         0x00000000   Number         0  defsig_fpe_inner.o ABSOLUTE
    ../clib/signal.c                         0x00000000   Number         0  __raise.o ABSOLUTE
    ../clib/signal.c                         0x00000000   Number         0  defsig_general.o ABSOLUTE
    ../clib/signal.c                         0x00000000   Number         0  defsig_abrt_inner.o ABSOLUTE
    ../clib/signal.c                         0x00000000   Number         0  defsig_rtred_inner.o ABSOLUTE
    ../clib/signal.c                         0x00000000   Number         0  defsig_rtmem_inner.o ABSOLUTE
    ../clib/signal.c                         0x00000000   Number         0  defsig_rtmem_outer.o ABSOLUTE
    ../clib/signal.c                         0x00000000   Number         0  defsig_rtmem_formal.o ABSOLUTE
    ../clib/signal.c                         0x00000000   Number         0  defsig_stak_inner.o ABSOLUTE
    ../clib/signal.c                         0x00000000   Number         0  defsig_pvfn_inner.o ABSOLUTE
    ../clib/signal.c                         0x00000000   Number         0  defsig_cppl_inner.o ABSOLUTE
    ../clib/signal.c                         0x00000000   Number         0  defsig_segv_inner.o ABSOLUTE
    ../clib/signal.c                         0x00000000   Number         0  defsig_other.o ABSOLUTE
    ../clib/signal.s                         0x00000000   Number         0  defsig.o ABSOLUTE
    ../clib/stdlib.c                         0x00000000   Number         0  exit.o ABSOLUTE
    ../fplib/cfplib/cmp.c                    0x00000000   Number         0  dcmp.o ABSOLUTE
    ../fplib/cfplib/cmp.c                    0x00000000   Number         0  fcmp.o ABSOLUTE
    ../fplib/cfplib/cmpret.c                 0x00000000   Number         0  cmpret.o ABSOLUTE
    ../fplib/cfplib/daddsub.c                0x00000000   Number         0  daddsub.o ABSOLUTE
    ../fplib/cfplib/dcmpin.c                 0x00000000   Number         0  dcmpin.o ABSOLUTE
    ../fplib/cfplib/ddiv.c                   0x00000000   Number         0  ddiv.o ABSOLUTE
    ../fplib/cfplib/dmul.c                   0x00000000   Number         0  dmul.o ABSOLUTE
    ../fplib/cfplib/fcmpin.c                 0x00000000   Number         0  fcmpin.o ABSOLUTE
    ../fplib/cfplib/fdiv.c                   0x00000000   Number         0  fdiv.o ABSOLUTE
    ../fplib/cfplib/ffix.c                   0x00000000   Number         0  dfixui.o ABSOLUTE
    ../fplib/cfplib/ffix.c                   0x00000000   Number         0  ffixui.o ABSOLUTE
    ../fplib/cfplib/fflt.c                   0x00000000   Number         0  dflti.o ABSOLUTE
    ../fplib/cfplib/fflt.c                   0x00000000   Number         0  fflti.o ABSOLUTE
    ../fplib/cfplib/fpinit.c                 0x00000000   Number         0  fpinit.o ABSOLUTE
    ../fplib/cfplib/nan2.c                   0x00000000   Number         0  dnan2.o ABSOLUTE
    ../fplib/cfplib/nan2.c                   0x00000000   Number         0  fnan2.o ABSOLUTE
    ../fplib/cfplib/retnan.c                 0x00000000   Number         0  retnan.o ABSOLUTE
    ../fplib/deqf6m.s                        0x00000000   Number         0  deqf.o ABSOLUTE
    ../fplib/dgeqf6m.s                       0x00000000   Number         0  dgef.o ABSOLUTE
    ../fplib/dleqf6m.s                       0x00000000   Number         0  dlef.o ABSOLUTE
    ../fplib/faddsub6m.s                     0x00000000   Number         0  faddsub.o ABSOLUTE
    ../fplib/feqf6m.s                        0x00000000   Number         0  feqf.o ABSOLUTE
    ../fplib/fgeqf6m.s                       0x00000000   Number         0  fgef.o ABSOLUTE
    ../fplib/fleqf6m.s                       0x00000000   Number         0  flef.o ABSOLUTE
    ../fplib/fmul6m.s                        0x00000000   Number         0  fmul.o ABSOLUTE
    ../fplib/usenofp.s                       0x00000000   Number         0  usenofp.o ABSOLUTE
    Camera.c                                 0x00000000   Number         0  camera.o ABSOLUTE
    Main.c                                   0x00000000   Number         0  main.o ABSOLUTE
    Motoare.c                                0x00000000   Number         0  motoare.o ABSOLUTE
    PID.c                                    0x00000000   Number         0  pid.o ABSOLUTE
    PortsSetup.c                             0x00000000   Number         0  portssetup.o ABSOLUTE
    RTE/Device/MKL25Z128xxx4/startup_MKL25Z4.s 0x00000000   Number         0  startup_mkl25z4.o ABSOLUTE
    SenzoriDistanta.c                        0x00000000   Number         0  senzoridistanta.o ABSOLUTE
    SistemDecizional.c                       0x00000000   Number         0  sistemdecizional.o ABSOLUTE
    Uart.c                                   0x00000000   Number         0  uart.o ABSOLUTE
    dc.s                                     0x00000000   Number         0  dc.o ABSOLUTE
    retarget_io.c                            0x00000000   Number         0  retarget_io.o ABSOLUTE
    system_MKL25Z4.c                         0x00000000   Number         0  system_mkl25z4.o ABSOLUTE
    RESET                                    0x00000000   Section      192  startup_mkl25z4.o(RESET)
    !!!main                                  0x000000c0   Section        8  __main.o(!!!main)
    !!!scatter                               0x000000c8   Section       60  __scatter.o(!!!scatter)
    !!handler_copy                           0x00000104   Section       26  __scatter_copy.o(!!handler_copy)
    !!handler_zi                             0x00000120   Section       28  __scatter_zi.o(!!handler_zi)
    .ARM.Collect$$libinit$$00000000          0x0000013c   Section        2  libinit.o(.ARM.Collect$$libinit$$00000000)
    .ARM.Collect$$libinit$$00000002          0x0000013e   Section        0  libinit2.o(.ARM.Collect$$libinit$$00000002)
    .ARM.Collect$$libinit$$00000004          0x0000013e   Section        0  libinit2.o(.ARM.Collect$$libinit$$00000004)
    .ARM.Collect$$libinit$$0000000A          0x0000013e   Section        0  libinit2.o(.ARM.Collect$$libinit$$0000000A)
    .ARM.Collect$$libinit$$0000000C          0x0000013e   Section        0  libinit2.o(.ARM.Collect$$libinit$$0000000C)
    .ARM.Collect$$libinit$$0000000E          0x0000013e   Section        0  libinit2.o(.ARM.Collect$$libinit$$0000000E)
    .ARM.Collect$$libinit$$00000011          0x0000013e   Section        0  libinit2.o(.ARM.Collect$$libinit$$00000011)
    .ARM.Collect$$libinit$$00000013          0x0000013e   Section        0  libinit2.o(.ARM.Collect$$libinit$$00000013)
    .ARM.Collect$$libinit$$00000015          0x0000013e   Section        0  libinit2.o(.ARM.Collect$$libinit$$00000015)
    .ARM.Collect$$libinit$$00000017          0x0000013e   Section        0  libinit2.o(.ARM.Collect$$libinit$$00000017)
    .ARM.Collect$$libinit$$00000019          0x0000013e   Section        0  libinit2.o(.ARM.Collect$$libinit$$00000019)
    .ARM.Collect$$libinit$$0000001B          0x0000013e   Section        0  libinit2.o(.ARM.Collect$$libinit$$0000001B)
    .ARM.Collect$$libinit$$0000001D          0x0000013e   Section        0  libinit2.o(.ARM.Collect$$libinit$$0000001D)
    .ARM.Collect$$libinit$$0000001F          0x0000013e   Section        0  libinit2.o(.ARM.Collect$$libinit$$0000001F)
    .ARM.Collect$$libinit$$00000021          0x0000013e   Section        0  libinit2.o(.ARM.Collect$$libinit$$00000021)
    .ARM.Collect$$libinit$$00000023          0x0000013e   Section        0  libinit2.o(.ARM.Collect$$libinit$$00000023)
    .ARM.Collect$$libinit$$00000025          0x0000013e   Section        0  libinit2.o(.ARM.Collect$$libinit$$00000025)
    .ARM.Collect$$libinit$$0000002C          0x0000013e   Section        0  libinit2.o(.ARM.Collect$$libinit$$0000002C)
    .ARM.Collect$$libinit$$0000002E          0x0000013e   Section        0  libinit2.o(.ARM.Collect$$libinit$$0000002E)
    .ARM.Collect$$libinit$$00000030          0x0000013e   Section        0  libinit2.o(.ARM.Collect$$libinit$$00000030)
    .ARM.Collect$$libinit$$00000032          0x0000013e   Section        0  libinit2.o(.ARM.Collect$$libinit$$00000032)
    .ARM.Collect$$libinit$$00000033          0x0000013e   Section        2  libinit2.o(.ARM.Collect$$libinit$$00000033)
    .ARM.Collect$$libshutdown$$00000000      0x00000140   Section        2  libshutdown.o(.ARM.Collect$$libshutdown$$00000000)
    .ARM.Collect$$libshutdown$$00000002      0x00000142   Section        0  libshutdown2.o(.ARM.Collect$$libshutdown$$00000002)
    .ARM.Collect$$libshutdown$$00000004      0x00000142   Section        0  libshutdown2.o(.ARM.Collect$$libshutdown$$00000004)
    .ARM.Collect$$libshutdown$$00000007      0x00000142   Section        0  libshutdown2.o(.ARM.Collect$$libshutdown$$00000007)
    .ARM.Collect$$libshutdown$$0000000A      0x00000142   Section        0  libshutdown2.o(.ARM.Collect$$libshutdown$$0000000A)
    .ARM.Collect$$libshutdown$$0000000C      0x00000142   Section        0  libshutdown2.o(.ARM.Collect$$libshutdown$$0000000C)
    .ARM.Collect$$libshutdown$$0000000F      0x00000142   Section        0  libshutdown2.o(.ARM.Collect$$libshutdown$$0000000F)
    .ARM.Collect$$libshutdown$$00000010      0x00000142   Section        2  libshutdown2.o(.ARM.Collect$$libshutdown$$00000010)
    .ARM.Collect$$rtentry$$00000000          0x00000144   Section        0  __rtentry.o(.ARM.Collect$$rtentry$$00000000)
    .ARM.Collect$$rtentry$$00000002          0x00000144   Section        0  __rtentry2.o(.ARM.Collect$$rtentry$$00000002)
    .ARM.Collect$$rtentry$$00000004          0x00000144   Section        6  __rtentry4.o(.ARM.Collect$$rtentry$$00000004)
    .ARM.Collect$$rtentry$$00000009          0x0000014a   Section        0  __rtentry2.o(.ARM.Collect$$rtentry$$00000009)
    .ARM.Collect$$rtentry$$0000000A          0x0000014a   Section        4  __rtentry2.o(.ARM.Collect$$rtentry$$0000000A)
    .ARM.Collect$$rtentry$$0000000C          0x0000014e   Section        0  __rtentry2.o(.ARM.Collect$$rtentry$$0000000C)
    .ARM.Collect$$rtentry$$0000000D          0x0000014e   Section        8  __rtentry2.o(.ARM.Collect$$rtentry$$0000000D)
    .ARM.Collect$$rtexit$$00000000           0x00000156   Section        2  rtexit.o(.ARM.Collect$$rtexit$$00000000)
    .ARM.Collect$$rtexit$$00000002           0x00000158   Section        0  rtexit2.o(.ARM.Collect$$rtexit$$00000002)
    .ARM.Collect$$rtexit$$00000003           0x00000158   Section        4  rtexit2.o(.ARM.Collect$$rtexit$$00000003)
    .ARM.Collect$$rtexit$$00000004           0x0000015c   Section        6  rtexit2.o(.ARM.Collect$$rtexit$$00000004)
    .text                                    0x00000164   Section       60  startup_mkl25z4.o(.text)
    .text                                    0x000001a0   Section        0  heapauxi.o(.text)
    .text                                    0x000001a8   Section        0  dfixui.o(.text)
    .text                                    0x000001f0   Section        0  dflti.o(.text)
    .text                                    0x00000248   Section        0  fdiv.o(.text)
    .text                                    0x000003a8   Section        0  ffixui.o(.text)
    .text                                    0x000003d8   Section        0  exit.o(.text)
    .text                                    0x000003e8   Section        0  dnan2.o(.text)
    .text                                    0x000003fc   Section        2  use_no_semi.o(.text)
    .text                                    0x000003fe   Section        0  indicate_semi.o(.text)
    x$fpl$usenofp                            0x000003fe   Section        0  usenofp.o(x$fpl$usenofp)
    .ARM.__at_0x400                          0x00000400   Section       16  startup_mkl25z4.o(.ARM.__at_0x400)
    _dadd1                                   0x00000411   Thumb Code   290  daddsub.o(.text)
    .text                                    0x00000410   Section        0  daddsub.o(.text)
    _dsub1                                   0x00000533   Thumb Code   470  daddsub.o(.text)
    .text                                    0x00000768   Section        0  ddiv.o(.text)
    .text                                    0x00000bb0   Section        0  dmul.o(.text)
    .text                                    0x00000df8   Section        0  fflti.o(.text)
    .text                                    0x00000e58   Section        0  dcmpin.o(.text)
    .text                                    0x00000ef8   Section        0  fcmpin.o(.text)
    .text                                    0x00000f5c   Section       62  sys_stackheap_outer.o(.text)
    .text                                    0x00000f9a   Section        0  cmpret.o(.text)
    .text                                    0x00000fc8   Section        0  fnan2.o(.text)
    .text                                    0x00000fd8   Section        8  libspace.o(.text)
    .text                                    0x00000fe0   Section        0  retnan.o(.text)
    .text                                    0x00001040   Section        0  sys_exit.o(.text)
    [Anonymous Symbol]                       0x0000104c   Section        0  camera.o(.text.ADC0_IRQHandler)
    [Anonymous Symbol]                       0x00001084   Section        0  motoare.o(.text.InitializarePiniParteMecanica)
    __arm_cp.4_0                             0x00001164   Number         4  motoare.o(.text.InitializarePiniParteMecanica)
    __arm_cp.4_1                             0x00001168   Number         4  motoare.o(.text.InitializarePiniParteMecanica)
    __arm_cp.4_2                             0x0000116c   Number         4  motoare.o(.text.InitializarePiniParteMecanica)
    __arm_cp.4_3                             0x00001170   Number         4  motoare.o(.text.InitializarePiniParteMecanica)
    __arm_cp.4_4                             0x00001174   Number         4  motoare.o(.text.InitializarePiniParteMecanica)
    __arm_cp.4_5                             0x00001178   Number         4  motoare.o(.text.InitializarePiniParteMecanica)
    __arm_cp.4_6                             0x0000117c   Number         4  motoare.o(.text.InitializarePiniParteMecanica)
    __arm_cp.4_7                             0x00001180   Number         4  motoare.o(.text.InitializarePiniParteMecanica)
    __arm_cp.4_8                             0x00001184   Number         4  motoare.o(.text.InitializarePiniParteMecanica)
    __arm_cp.4_9                             0x00001188   Number         4  motoare.o(.text.InitializarePiniParteMecanica)
    [Anonymous Symbol]                       0x0000118c   Section        0  camera.o(.text.PIT_IRQHandler)
    __arm_cp.1_1                             0x00001270   Number         4  camera.o(.text.PIT_IRQHandler)
    __arm_cp.1_2                             0x00001274   Number         4  camera.o(.text.PIT_IRQHandler)
    __arm_cp.1_3                             0x00001278   Number         4  camera.o(.text.PIT_IRQHandler)
    __arm_cp.1_4                             0x0000127c   Number         4  camera.o(.text.PIT_IRQHandler)
    __arm_cp.1_5                             0x00001280   Number         4  camera.o(.text.PIT_IRQHandler)
    __arm_cp.1_6                             0x00001284   Number         4  camera.o(.text.PIT_IRQHandler)
    __arm_cp.1_7                             0x00001288   Number         4  camera.o(.text.PIT_IRQHandler)
    __arm_cp.1_8                             0x0000128c   Number         4  camera.o(.text.PIT_IRQHandler)
    __arm_cp.1_9                             0x00001290   Number         4  camera.o(.text.PIT_IRQHandler)
    __arm_cp.1_10                            0x00001294   Number         4  camera.o(.text.PIT_IRQHandler)
    [Anonymous Symbol]                       0x00001298   Section        0  senzoridistanta.o(.text.PORTA_IRQHandler)
    __arm_cp.0_2                             0x000012d0   Number         4  senzoridistanta.o(.text.PORTA_IRQHandler)
    __arm_cp.0_4                             0x000012d4   Number         4  senzoridistanta.o(.text.PORTA_IRQHandler)
    [Anonymous Symbol]                       0x000012d8   Section        0  senzoridistanta.o(.text.PORTD_IRQHandler)
    __arm_cp.1_0                             0x0000133c   Number         4  senzoridistanta.o(.text.PORTD_IRQHandler)
    __arm_cp.1_1                             0x00001340   Number         4  senzoridistanta.o(.text.PORTD_IRQHandler)
    __arm_cp.1_2                             0x00001344   Number         4  senzoridistanta.o(.text.PORTD_IRQHandler)
    __arm_cp.1_3                             0x00001348   Number         4  senzoridistanta.o(.text.PORTD_IRQHandler)
    __arm_cp.1_4                             0x0000134c   Number         4  senzoridistanta.o(.text.PORTD_IRQHandler)
    __arm_cp.1_5                             0x00001350   Number         4  senzoridistanta.o(.text.PORTD_IRQHandler)
    __arm_cp.1_6                             0x00001354   Number         4  senzoridistanta.o(.text.PORTD_IRQHandler)
    [Anonymous Symbol]                       0x00001358   Section        0  portssetup.o(.text.SIMSetup)
    __arm_cp.0_0                             0x000013bc   Number         4  portssetup.o(.text.SIMSetup)
    [Anonymous Symbol]                       0x000013c0   Section        0  motoare.o(.text.SetareUnghi)
    __arm_cp.6_0                             0x00001444   Number         4  motoare.o(.text.SetareUnghi)
    __arm_cp.6_1                             0x00001448   Number         4  motoare.o(.text.SetareUnghi)
    __arm_cp.6_2                             0x0000144c   Number         4  motoare.o(.text.SetareUnghi)
    __arm_cp.6_3                             0x00001450   Number         4  motoare.o(.text.SetareUnghi)
    __arm_cp.6_4                             0x00001454   Number         4  motoare.o(.text.SetareUnghi)
    __arm_cp.6_5                             0x00001458   Number         4  motoare.o(.text.SetareUnghi)
    __arm_cp.6_6                             0x0000145c   Number         4  motoare.o(.text.SetareUnghi)
    __arm_cp.6_7                             0x00001460   Number         4  motoare.o(.text.SetareUnghi)
    [Anonymous Symbol]                       0x00001464   Section        0  system_mkl25z4.o(.text.SystemInit)
    __arm_cp.0_0                             0x00001520   Number         4  system_mkl25z4.o(.text.SystemInit)
    __arm_cp.0_1                             0x00001524   Number         4  system_mkl25z4.o(.text.SystemInit)
    __arm_cp.0_2                             0x00001528   Number         4  system_mkl25z4.o(.text.SystemInit)
    __arm_cp.0_3                             0x0000152c   Number         4  system_mkl25z4.o(.text.SystemInit)
    __arm_cp.0_4                             0x00001530   Number         4  system_mkl25z4.o(.text.SystemInit)
    __arm_cp.0_5                             0x00001534   Number         4  system_mkl25z4.o(.text.SystemInit)
    __arm_cp.0_6                             0x00001538   Number         4  system_mkl25z4.o(.text.SystemInit)
    __arm_cp.0_7                             0x0000153c   Number         4  system_mkl25z4.o(.text.SystemInit)
    __arm_cp.0_8                             0x00001540   Number         4  system_mkl25z4.o(.text.SystemInit)
    __arm_cp.0_9                             0x00001544   Number         4  system_mkl25z4.o(.text.SystemInit)
    __arm_cp.0_10                            0x00001548   Number         4  system_mkl25z4.o(.text.SystemInit)
    [Anonymous Symbol]                       0x0000154c   Section        0  motoare.o(.text.TPM2_IRQHandler)
    __arm_cp.1_0                             0x00001684   Number         4  motoare.o(.text.TPM2_IRQHandler)
    __arm_cp.1_1                             0x00001688   Number         4  motoare.o(.text.TPM2_IRQHandler)
    __arm_cp.1_2                             0x0000168c   Number         4  motoare.o(.text.TPM2_IRQHandler)
    __arm_cp.1_3                             0x00001690   Number         4  motoare.o(.text.TPM2_IRQHandler)
    __arm_cp.1_4                             0x00001694   Number         4  motoare.o(.text.TPM2_IRQHandler)
    __arm_cp.1_5                             0x00001698   Number         4  motoare.o(.text.TPM2_IRQHandler)
    __arm_cp.1_6                             0x0000169c   Number         4  motoare.o(.text.TPM2_IRQHandler)
    __arm_cp.1_7                             0x000016a0   Number         4  motoare.o(.text.TPM2_IRQHandler)
    __arm_cp.1_8                             0x000016a4   Number         4  motoare.o(.text.TPM2_IRQHandler)
    __arm_cp.1_9                             0x000016a8   Number         4  motoare.o(.text.TPM2_IRQHandler)
    __arm_cp.1_10                            0x000016ac   Number         4  motoare.o(.text.TPM2_IRQHandler)
    __arm_cp.1_11                            0x000016b0   Number         4  motoare.o(.text.TPM2_IRQHandler)
    __arm_cp.1_12                            0x000016b4   Number         4  motoare.o(.text.TPM2_IRQHandler)
    __arm_cp.1_13                            0x000016b8   Number         4  motoare.o(.text.TPM2_IRQHandler)
    __arm_cp.1_14                            0x000016bc   Number         4  motoare.o(.text.TPM2_IRQHandler)
    [Anonymous Symbol]                       0x000016c0   Section        0  sistemdecizional.o(.text.decideDirectiaDrumSimplu)
    __arm_cp.0_0                             0x000016e4   Number         4  sistemdecizional.o(.text.decideDirectiaDrumSimplu)
    __arm_cp.0_1                             0x000016e8   Number         4  sistemdecizional.o(.text.decideDirectiaDrumSimplu)
    [Anonymous Symbol]                       0x000016ec   Section        0  sistemdecizional.o(.text.decideVitezaDrumSimplu)
    __arm_cp.1_0                             0x000016fc   Number         4  sistemdecizional.o(.text.decideVitezaDrumSimplu)
    __arm_cp.1_1                             0x00001700   Number         4  sistemdecizional.o(.text.decideVitezaDrumSimplu)
    [Anonymous Symbol]                       0x00001704   Section        0  pid.o(.text.getNextPid)
    [Anonymous Symbol]                       0x0000176c   Section        0  camera.o(.text.initializareCamera)
    __arm_cp.4_0                             0x00001864   Number         4  camera.o(.text.initializareCamera)
    __arm_cp.4_1                             0x00001868   Number         4  camera.o(.text.initializareCamera)
    __arm_cp.4_2                             0x0000186c   Number         4  camera.o(.text.initializareCamera)
    __arm_cp.4_3                             0x00001870   Number         4  camera.o(.text.initializareCamera)
    __arm_cp.4_4                             0x00001874   Number         4  camera.o(.text.initializareCamera)
    [Anonymous Symbol]                       0x00001878   Section        0  pid.o(.text.initializarePID)
    __arm_cp.0_0                             0x000018a8   Number         4  pid.o(.text.initializarePID)
    __arm_cp.0_1                             0x000018ac   Number         4  pid.o(.text.initializarePID)
    __arm_cp.0_2                             0x000018b0   Number         4  pid.o(.text.initializarePID)
    __arm_cp.0_3                             0x000018b4   Number         4  pid.o(.text.initializarePID)
    __arm_cp.0_4                             0x000018b8   Number         4  pid.o(.text.initializarePID)
    [Anonymous Symbol]                       0x000018bc   Section        0  camera.o(.text.initializarePIT)
    __arm_cp.3_1                             0x000018f8   Number         4  camera.o(.text.initializarePIT)
    __arm_cp.3_3                             0x000018fc   Number         4  camera.o(.text.initializarePIT)
    __arm_cp.3_4                             0x00001900   Number         4  camera.o(.text.initializarePIT)
    [Anonymous Symbol]                       0x00001904   Section        0  motoare.o(.text.initializareSenzorTuratie)
    __arm_cp.5_0                             0x0000196c   Number         4  motoare.o(.text.initializareSenzorTuratie)
    __arm_cp.5_1                             0x00001970   Number         4  motoare.o(.text.initializareSenzorTuratie)
    __arm_cp.5_2                             0x00001974   Number         4  motoare.o(.text.initializareSenzorTuratie)
    __arm_cp.5_3                             0x00001978   Number         4  motoare.o(.text.initializareSenzorTuratie)
    __arm_cp.5_4                             0x0000197c   Number         4  motoare.o(.text.initializareSenzorTuratie)
    [Anonymous Symbol]                       0x00001980   Section        0  senzoridistanta.o(.text.initializareSenzoriDistanta)
    __arm_cp.2_0                             0x00001a18   Number         4  senzoridistanta.o(.text.initializareSenzoriDistanta)
    __arm_cp.2_1                             0x00001a1c   Number         4  senzoridistanta.o(.text.initializareSenzoriDistanta)
    __arm_cp.2_2                             0x00001a20   Number         4  senzoridistanta.o(.text.initializareSenzoriDistanta)
    __arm_cp.2_3                             0x00001a24   Number         4  senzoridistanta.o(.text.initializareSenzoriDistanta)
    __arm_cp.2_4                             0x00001a28   Number         4  senzoridistanta.o(.text.initializareSenzoriDistanta)
    __arm_cp.2_5                             0x00001a2c   Number         4  senzoridistanta.o(.text.initializareSenzoriDistanta)
    [Anonymous Symbol]                       0x00001a30   Section        0  main.o(.text.main)
    __arm_cp.0_0                             0x00001b7c   Number         4  main.o(.text.main)
    __arm_cp.0_1                             0x00001b80   Number         4  main.o(.text.main)
    __arm_cp.0_2                             0x00001b84   Number         4  main.o(.text.main)
    __arm_cp.0_3                             0x00001b88   Number         4  main.o(.text.main)
    __arm_cp.0_4                             0x00001b8c   Number         4  main.o(.text.main)
    __arm_cp.0_5                             0x00001b90   Number         4  main.o(.text.main)
    __arm_cp.0_6                             0x00001b94   Number         4  main.o(.text.main)
    __arm_cp.0_7                             0x00001b98   Number         4  main.o(.text.main)
    __arm_cp.0_8                             0x00001b9c   Number         4  main.o(.text.main)
    __arm_cp.0_9                             0x00001ba0   Number         4  main.o(.text.main)
    __arm_cp.0_10                            0x00001ba4   Number         4  main.o(.text.main)
    __arm_cp.0_11                            0x00001ba8   Number         4  main.o(.text.main)
    __arm_cp.0_12                            0x00001bac   Number         4  main.o(.text.main)
    __arm_cp.0_13                            0x00001bb0   Number         4  main.o(.text.main)
    __arm_cp.0_14                            0x00001bb4   Number         4  main.o(.text.main)
    __arm_cp.0_15                            0x00001bb8   Number         4  main.o(.text.main)
    __arm_cp.0_16                            0x00001bbc   Number         4  main.o(.text.main)
    __arm_cp.0_17                            0x00001bc0   Number         4  main.o(.text.main)
    __arm_cp.0_18                            0x00001bc4   Number         4  main.o(.text.main)
    [Anonymous Symbol]                       0x00001bc8   Section        0  camera.o(.text.startCamera)
    __arm_cp.2_0                             0x00001bec   Number         4  camera.o(.text.startCamera)
    __arm_cp.2_1                             0x00001bf0   Number         4  camera.o(.text.startCamera)
    __arm_cp.2_2                             0x00001bf4   Number         4  camera.o(.text.startCamera)
    __arm_cp.2_3                             0x00001bf8   Number         4  camera.o(.text.startCamera)
    __arm_cp.2_4                             0x00001bfc   Number         4  camera.o(.text.startCamera)
    [Anonymous Symbol]                       0x00001c00   Section        0  uart.o(.text.uartInit)
    __arm_cp.0_0                             0x00001c88   Number         4  uart.o(.text.uartInit)
    __arm_cp.0_1                             0x00001c8c   Number         4  uart.o(.text.uartInit)
    __arm_cp.0_2                             0x00001c90   Number         4  uart.o(.text.uartInit)
    __arm_cp.0_3                             0x00001c94   Number         4  uart.o(.text.uartInit)
    __arm_cp.0_4                             0x00001c98   Number         4  uart.o(.text.uartInit)
    __arm_cp.0_5                             0x00001c9c   Number         4  uart.o(.text.uartInit)
    __arm_cp.0_6                             0x00001ca0   Number         4  uart.o(.text.uartInit)
    __arm_cp.0_7                             0x00001ca4   Number         4  uart.o(.text.uartInit)
    .text_divfast                            0x00001ca8   Section      502  aeabi_sdivfast.o(.text_divfast)
    i._deq                                   0x00001e9e   Section        0  dcmp.o(i._deq)
    i._dgr                                   0x00001eb4   Section        0  dcmp.o(i._dgr)
    i._dls                                   0x00001eca   Section        0  dcmp.o(i._dls)
    i._feq                                   0x00001ee0   Section        0  fcmp.o(i._feq)
    i._fgeq                                  0x00001ef6   Section        0  fcmp.o(i._fgeq)
    i._fgr                                   0x00001f0c   Section        0  fcmp.o(i._fgr)
    i._fleq                                  0x00001f22   Section        0  fcmp.o(i._fleq)
    i._fls                                   0x00001f3c   Section        0  fcmp.o(i._fls)
    x$fpl$deqf                               0x00001f54   Section      100  deqf.o(x$fpl$deqf)
    x$fpl$dgeqf                              0x00001fb8   Section      100  dgef.o(x$fpl$dgeqf)
    x$fpl$dleqf                              0x0000201c   Section      100  dlef.o(x$fpl$dleqf)
    x$fpl$fadd                               0x00002080   Section      140  faddsub.o(x$fpl$fadd)
    _fadd1                                   0x0000208d   Thumb Code     0  faddsub.o(x$fpl$fadd)
    x$fpl$feqf                               0x0000210c   Section       84  feqf.o(x$fpl$feqf)
    x$fpl$fgeqf                              0x00002160   Section       84  fgef.o(x$fpl$fgeqf)
    x$fpl$fleqf                              0x000021b4   Section       84  flef.o(x$fpl$fleqf)
    x$fpl$fmul                               0x00002208   Section      176  fmul.o(x$fpl$fmul)
    x$fpl$fsub                               0x000022b8   Section      208  faddsub.o(x$fpl$fsub)
    _fsub1                                   0x000022c5   Thumb Code     0  faddsub.o(x$fpl$fsub)
    ddiv_reciptbl                            0x00002388   Data         128  ddiv.o(.constdata)
    .constdata                               0x00002388   Section      128  ddiv.o(.constdata)
    fdiv_tab                                 0x00002408   Data          64  fdiv.o(.constdata)
    .constdata                               0x00002408   Section       64  fdiv.o(.constdata)
    linieStatus                              0x1ffff00e   Data           1  camera.o(.data.linieStatus)
    [Anonymous Symbol]                       0x1ffff00e   Section        0  camera.o(.data.linieStatus)
    .bss                                     0x1ffff018   Section       96  libspace.o(.bss)
    cameraState                              0x1ffff078   Data           1  camera.o(.bss.cameraState)
    [Anonymous Symbol]                       0x1ffff078   Section        0  camera.o(.bss.cameraState)
    clockCycles                              0x1ffff07c   Data           4  camera.o(.bss.clockCycles)
    [Anonymous Symbol]                       0x1ffff07c   Section        0  camera.o(.bss.clockCycles)
    eroare                                   0x1ffff080   Data           4  pid.o(.bss.eroare)
    [Anonymous Symbol]                       0x1ffff080   Section        0  pid.o(.bss.eroare)
    integral                                 0x1ffff084   Data           4  pid.o(.bss.integral)
    [Anonymous Symbol]                       0x1ffff084   Section        0  pid.o(.bss.integral)
    kd                                       0x1ffff088   Data           4  pid.o(.bss.kd)
    [Anonymous Symbol]                       0x1ffff088   Section        0  pid.o(.bss.kd)
    ki                                       0x1ffff08c   Data           4  pid.o(.bss.ki)
    [Anonymous Symbol]                       0x1ffff08c   Section        0  pid.o(.bss.ki)
    kp                                       0x1ffff090   Data           4  pid.o(.bss.kp)
    [Anonymous Symbol]                       0x1ffff090   Section        0  pid.o(.bss.kp)
    min                                      0x1ffff095   Data           1  camera.o(.bss.min)
    [Anonymous Symbol]                       0x1ffff095   Section        0  camera.o(.bss.min)
    stare                                    0x1ffff0a0   Data           1  main.o(.bss.stare)
    [Anonymous Symbol]                       0x1ffff0a0   Section        0  main.o(.bss.stare)
    Heap_Mem                                 0x1ffff0b0   Data           0  startup_mkl25z4.o(HEAP)
    Stack_Mem                                0x1ffff0b0   Data         256  startup_mkl25z4.o(STACK)
    HEAP                                     0x1ffff0b0   Section        0  startup_mkl25z4.o(HEAP)
    STACK                                    0x1ffff0b0   Section      256  startup_mkl25z4.o(STACK)
    __initial_sp                             0x1ffff1b0   Data           0  startup_mkl25z4.o(STACK)

    Global Symbols

    Symbol Name                              Value     Ov Type        Size  Object(Section)

    BuildAttributes$$THM_ISAv3M$S$PE$A:L22$X:L11$S22$IEEE1$IW$~IW$USESV6$~STKCKD$USESV7$~SHL$OTIME$ROPI$EBA8$UX$STANDARDLIB$REQ8$PRES8$EABIv2 0x00000000   Number         0  anon$$obj.o ABSOLUTE
    __Vectors                                0x00000000   Data           4  startup_mkl25z4.o(RESET)
    __ARM_exceptions_init                     - Undefined Weak Reference
    __alloca_initialize                       - Undefined Weak Reference
    __arm_preinit_                            - Undefined Weak Reference
    __cpp_initialize__aeabi_                  - Undefined Weak Reference
    __cxa_finalize                            - Undefined Weak Reference
    __rt_locale                               - Undefined Weak Reference
    __sigvec_lookup                           - Undefined Weak Reference
    _atexit_init                              - Undefined Weak Reference
    _call_atexit_fns                          - Undefined Weak Reference
    _clock_init                               - Undefined Weak Reference
    _fp_trap_init                             - Undefined Weak Reference
    _fp_trap_shutdown                         - Undefined Weak Reference
    _get_lc_collate                           - Undefined Weak Reference
    _get_lc_ctype                             - Undefined Weak Reference
    _get_lc_monetary                          - Undefined Weak Reference
    _get_lc_numeric                           - Undefined Weak Reference
    _get_lc_time                              - Undefined Weak Reference
    _getenv_init                              - Undefined Weak Reference
    _handle_redirection                       - Undefined Weak Reference
    _init_alloc                               - Undefined Weak Reference
    _init_user_alloc                          - Undefined Weak Reference
    _initio                                   - Undefined Weak Reference
    _rand_init                                - Undefined Weak Reference
    _signal_finish                            - Undefined Weak Reference
    _signal_init                              - Undefined Weak Reference
    _terminate_alloc                          - Undefined Weak Reference
    _terminate_user_alloc                     - Undefined Weak Reference
    _terminateio                              - Undefined Weak Reference
    __Vectors_End                            0x000000c0   Data           0  startup_mkl25z4.o(RESET)
    __Vectors_Size                           0x000000c0   Number         0  startup_mkl25z4.o ABSOLUTE
    __main                                   0x000000c1   Thumb Code     8  __main.o(!!!main)
    __scatterload                            0x000000c9   Thumb Code     0  __scatter.o(!!!scatter)
    __scatterload_rt2                        0x000000c9   Thumb Code    52  __scatter.o(!!!scatter)
    __scatterload_rt2_thumb_only             0x000000c9   Thumb Code     0  __scatter.o(!!!scatter)
    __scatterload_null                       0x000000d9   Thumb Code     0  __scatter.o(!!!scatter)
    __scatterload_copy                       0x00000105   Thumb Code    26  __scatter_copy.o(!!handler_copy)
    __scatterload_zeroinit                   0x00000121   Thumb Code    28  __scatter_zi.o(!!handler_zi)
    __rt_lib_init                            0x0000013d   Thumb Code     0  libinit.o(.ARM.Collect$$libinit$$00000000)
    __rt_lib_init_alloca_1                   0x0000013f   Thumb Code     0  libinit2.o(.ARM.Collect$$libinit$$0000002E)
    __rt_lib_init_argv_1                     0x0000013f   Thumb Code     0  libinit2.o(.ARM.Collect$$libinit$$0000002C)
    __rt_lib_init_atexit_1                   0x0000013f   Thumb Code     0  libinit2.o(.ARM.Collect$$libinit$$0000001B)
    __rt_lib_init_clock_1                    0x0000013f   Thumb Code     0  libinit2.o(.ARM.Collect$$libinit$$00000021)
    __rt_lib_init_cpp_1                      0x0000013f   Thumb Code     0  libinit2.o(.ARM.Collect$$libinit$$00000032)
    __rt_lib_init_exceptions_1               0x0000013f   Thumb Code     0  libinit2.o(.ARM.Collect$$libinit$$00000030)
    __rt_lib_init_fp_1                       0x0000013f   Thumb Code     0  libinit2.o(.ARM.Collect$$libinit$$00000002)
    __rt_lib_init_fp_trap_1                  0x0000013f   Thumb Code     0  libinit2.o(.ARM.Collect$$libinit$$0000001F)
    __rt_lib_init_getenv_1                   0x0000013f   Thumb Code     0  libinit2.o(.ARM.Collect$$libinit$$00000023)
    __rt_lib_init_heap_1                     0x0000013f   Thumb Code     0  libinit2.o(.ARM.Collect$$libinit$$0000000A)
    __rt_lib_init_lc_collate_1               0x0000013f   Thumb Code     0  libinit2.o(.ARM.Collect$$libinit$$00000011)
    __rt_lib_init_lc_ctype_1                 0x0000013f   Thumb Code     0  libinit2.o(.ARM.Collect$$libinit$$00000013)
    __rt_lib_init_lc_monetary_1              0x0000013f   Thumb Code     0  libinit2.o(.ARM.Collect$$libinit$$00000015)
    __rt_lib_init_lc_numeric_1               0x0000013f   Thumb Code     0  libinit2.o(.ARM.Collect$$libinit$$00000017)
    __rt_lib_init_lc_time_1                  0x0000013f   Thumb Code     0  libinit2.o(.ARM.Collect$$libinit$$00000019)
    __rt_lib_init_preinit_1                  0x0000013f   Thumb Code     0  libinit2.o(.ARM.Collect$$libinit$$00000004)
    __rt_lib_init_rand_1                     0x0000013f   Thumb Code     0  libinit2.o(.ARM.Collect$$libinit$$0000000E)
    __rt_lib_init_return                     0x0000013f   Thumb Code     0  libinit2.o(.ARM.Collect$$libinit$$00000033)
    __rt_lib_init_signal_1                   0x0000013f   Thumb Code     0  libinit2.o(.ARM.Collect$$libinit$$0000001D)
    __rt_lib_init_stdio_1                    0x0000013f   Thumb Code     0  libinit2.o(.ARM.Collect$$libinit$$00000025)
    __rt_lib_init_user_alloc_1               0x0000013f   Thumb Code     0  libinit2.o(.ARM.Collect$$libinit$$0000000C)
    __rt_lib_shutdown                        0x00000141   Thumb Code     0  libshutdown.o(.ARM.Collect$$libshutdown$$00000000)
    __rt_lib_shutdown_cpp_1                  0x00000143   Thumb Code     0  libshutdown2.o(.ARM.Collect$$libshutdown$$00000002)
    __rt_lib_shutdown_fp_trap_1              0x00000143   Thumb Code     0  libshutdown2.o(.ARM.Collect$$libshutdown$$00000007)
    __rt_lib_shutdown_heap_1                 0x00000143   Thumb Code     0  libshutdown2.o(.ARM.Collect$$libshutdown$$0000000F)
    __rt_lib_shutdown_return                 0x00000143   Thumb Code     0  libshutdown2.o(.ARM.Collect$$libshutdown$$00000010)
    __rt_lib_shutdown_signal_1               0x00000143   Thumb Code     0  libshutdown2.o(.ARM.Collect$$libshutdown$$0000000A)
    __rt_lib_shutdown_stdio_1                0x00000143   Thumb Code     0  libshutdown2.o(.ARM.Collect$$libshutdown$$00000004)
    __rt_lib_shutdown_user_alloc_1           0x00000143   Thumb Code     0  libshutdown2.o(.ARM.Collect$$libshutdown$$0000000C)
    __rt_entry                               0x00000145   Thumb Code     0  __rtentry.o(.ARM.Collect$$rtentry$$00000000)
    __rt_entry_presh_1                       0x00000145   Thumb Code     0  __rtentry2.o(.ARM.Collect$$rtentry$$00000002)
    __rt_entry_sh                            0x00000145   Thumb Code     0  __rtentry4.o(.ARM.Collect$$rtentry$$00000004)
    __rt_entry_li                            0x0000014b   Thumb Code     0  __rtentry2.o(.ARM.Collect$$rtentry$$0000000A)
    __rt_entry_postsh_1                      0x0000014b   Thumb Code     0  __rtentry2.o(.ARM.Collect$$rtentry$$00000009)
    __rt_entry_main                          0x0000014f   Thumb Code     0  __rtentry2.o(.ARM.Collect$$rtentry$$0000000D)
    __rt_entry_postli_1                      0x0000014f   Thumb Code     0  __rtentry2.o(.ARM.Collect$$rtentry$$0000000C)
    __rt_exit                                0x00000157   Thumb Code     0  rtexit.o(.ARM.Collect$$rtexit$$00000000)
    __rt_exit_ls                             0x00000159   Thumb Code     0  rtexit2.o(.ARM.Collect$$rtexit$$00000003)
    __rt_exit_prels_1                        0x00000159   Thumb Code     0  rtexit2.o(.ARM.Collect$$rtexit$$00000002)
    __rt_exit_exit                           0x0000015d   Thumb Code     0  rtexit2.o(.ARM.Collect$$rtexit$$00000004)
    Reset_Handler                            0x00000165   Thumb Code    10  startup_mkl25z4.o(.text)
    NMI_Handler                              0x0000016f   Thumb Code     2  startup_mkl25z4.o(.text)
    HardFault_Handler                        0x00000171   Thumb Code     2  startup_mkl25z4.o(.text)
    SVC_Handler                              0x00000173   Thumb Code     2  startup_mkl25z4.o(.text)
    PendSV_Handler                           0x00000175   Thumb Code     2  startup_mkl25z4.o(.text)
    SysTick_Handler                          0x00000177   Thumb Code     2  startup_mkl25z4.o(.text)
    CMP0_IRQHandler                          0x00000179   Thumb Code     0  startup_mkl25z4.o(.text)
    DAC0_IRQHandler                          0x00000179   Thumb Code     0  startup_mkl25z4.o(.text)
    DMA0_IRQHandler                          0x00000179   Thumb Code     0  startup_mkl25z4.o(.text)
    DMA1_IRQHandler                          0x00000179   Thumb Code     0  startup_mkl25z4.o(.text)
    DMA2_IRQHandler                          0x00000179   Thumb Code     0  startup_mkl25z4.o(.text)
    DMA3_IRQHandler                          0x00000179   Thumb Code     0  startup_mkl25z4.o(.text)
    DefaultISR                               0x00000179   Thumb Code     0  startup_mkl25z4.o(.text)
    FTFA_IRQHandler                          0x00000179   Thumb Code     0  startup_mkl25z4.o(.text)
    I2C0_IRQHandler                          0x00000179   Thumb Code     0  startup_mkl25z4.o(.text)
    I2C1_IRQHandler                          0x00000179   Thumb Code     0  startup_mkl25z4.o(.text)
    LLWU_IRQHandler                          0x00000179   Thumb Code     0  startup_mkl25z4.o(.text)
    LPTMR0_IRQHandler                        0x00000179   Thumb Code     0  startup_mkl25z4.o(.text)
    LVD_LVW_IRQHandler                       0x00000179   Thumb Code     0  startup_mkl25z4.o(.text)
    MCG_IRQHandler                           0x00000179   Thumb Code     0  startup_mkl25z4.o(.text)
    RTC_IRQHandler                           0x00000179   Thumb Code     0  startup_mkl25z4.o(.text)
    RTC_Seconds_IRQHandler                   0x00000179   Thumb Code     0  startup_mkl25z4.o(.text)
    Reserved20_IRQHandler                    0x00000179   Thumb Code     0  startup_mkl25z4.o(.text)
    Reserved39_IRQHandler                    0x00000179   Thumb Code     0  startup_mkl25z4.o(.text)
    Reserved45_IRQHandler                    0x00000179   Thumb Code     0  startup_mkl25z4.o(.text)
    SPI0_IRQHandler                          0x00000179   Thumb Code     0  startup_mkl25z4.o(.text)
    SPI1_IRQHandler                          0x00000179   Thumb Code     0  startup_mkl25z4.o(.text)
    TPM0_IRQHandler                          0x00000179   Thumb Code     0  startup_mkl25z4.o(.text)
    TPM1_IRQHandler                          0x00000179   Thumb Code     0  startup_mkl25z4.o(.text)
    TSI0_IRQHandler                          0x00000179   Thumb Code     0  startup_mkl25z4.o(.text)
    UART0_IRQHandler                         0x00000179   Thumb Code     0  startup_mkl25z4.o(.text)
    UART1_IRQHandler                         0x00000179   Thumb Code     0  startup_mkl25z4.o(.text)
    UART2_IRQHandler                         0x00000179   Thumb Code     0  startup_mkl25z4.o(.text)
    USB0_IRQHandler                          0x00000179   Thumb Code     0  startup_mkl25z4.o(.text)
    __user_initial_stackheap                 0x0000017d   Thumb Code     0  startup_mkl25z4.o(.text)
    __use_two_region_memory                  0x000001a1   Thumb Code     2  heapauxi.o(.text)
    __rt_heap_escrow$2region                 0x000001a3   Thumb Code     2  heapauxi.o(.text)
    __rt_heap_expand$2region                 0x000001a5   Thumb Code     2  heapauxi.o(.text)
    __aeabi_d2uiz                            0x000001a9   Thumb Code     0  dfixui.o(.text)
    _dfixu                                   0x000001a9   Thumb Code    68  dfixui.o(.text)
    __aeabi_i2d_normalise                    0x000001f1   Thumb Code    66  dflti.o(.text)
    __aeabi_i2d                              0x00000233   Thumb Code    16  dflti.o(.text)
    _dflt                                    0x00000233   Thumb Code     0  dflti.o(.text)
    __aeabi_ui2d                             0x00000243   Thumb Code     6  dflti.o(.text)
    _dfltu                                   0x00000243   Thumb Code     0  dflti.o(.text)
    __aeabi_fdiv                             0x00000249   Thumb Code     0  fdiv.o(.text)
    _fdiv                                    0x00000249   Thumb Code   334  fdiv.o(.text)
    _frdiv                                   0x00000397   Thumb Code     8  fdiv.o(.text)
    __aeabi_f2uiz                            0x000003a9   Thumb Code     0  ffixui.o(.text)
    _ffixu                                   0x000003a9   Thumb Code    48  ffixui.o(.text)
    exit                                     0x000003d9   Thumb Code    16  exit.o(.text)
    __fpl_dcheck_NaN2                        0x000003e9   Thumb Code    14  dnan2.o(.text)
    __I$use$semihosting                      0x000003fd   Thumb Code     0  use_no_semi.o(.text)
    __use_no_semihosting_swi                 0x000003fd   Thumb Code     2  use_no_semi.o(.text)
    __I$use$fp                               0x000003fe   Number         0  usenofp.o(x$fpl$usenofp)
    __semihosting_library_function           0x000003ff   Thumb Code     0  indicate_semi.o(.text)
    __aeabi_dadd                             0x00000709   Thumb Code     0  daddsub.o(.text)
    _dadd                                    0x00000709   Thumb Code    26  daddsub.o(.text)
    __aeabi_dsub                             0x00000723   Thumb Code     0  daddsub.o(.text)
    _dsub                                    0x00000723   Thumb Code    22  daddsub.o(.text)
    __aeabi_drsub                            0x00000739   Thumb Code     0  daddsub.o(.text)
    _drsb                                    0x00000739   Thumb Code    28  daddsub.o(.text)
    __aeabi_ddiv                             0x00000769   Thumb Code     0  ddiv.o(.text)
    _ddiv                                    0x00000769   Thumb Code  1072  ddiv.o(.text)
    _drdiv                                   0x00000b99   Thumb Code    20  ddiv.o(.text)
    __aeabi_dmul                             0x00000bb1   Thumb Code     0  dmul.o(.text)
    _dmul                                    0x00000bb1   Thumb Code   558  dmul.o(.text)
    __aeabi_i2f_normalise                    0x00000df9   Thumb Code    72  fflti.o(.text)
    __aeabi_i2f                              0x00000e41   Thumb Code    16  fflti.o(.text)
    _fflt                                    0x00000e41   Thumb Code     0  fflti.o(.text)
    __aeabi_ui2f                             0x00000e51   Thumb Code     6  fflti.o(.text)
    _ffltu                                   0x00000e51   Thumb Code     0  fflti.o(.text)
    __fpl_dcmp_InfNaN                        0x00000e59   Thumb Code   154  dcmpin.o(.text)
    __fpl_fcmp_InfNaN                        0x00000ef9   Thumb Code    96  fcmpin.o(.text)
    __user_setup_stackheap                   0x00000f5d   Thumb Code    62  sys_stackheap_outer.o(.text)
    __fpl_cmpreturn                          0x00000f9b   Thumb Code    46  cmpret.o(.text)
    __fpl_fcheck_NaN2                        0x00000fc9   Thumb Code    10  fnan2.o(.text)
    __user_libspace                          0x00000fd9   Thumb Code     8  libspace.o(.text)
    __user_perproc_libspace                  0x00000fd9   Thumb Code     0  libspace.o(.text)
    __user_perthread_libspace                0x00000fd9   Thumb Code     0  libspace.o(.text)
    __fpl_return_NaN                         0x00000fe1   Thumb Code    94  retnan.o(.text)
    _sys_exit                                0x00001041   Thumb Code     8  sys_exit.o(.text)
    ADC0_IRQHandler                          0x0000104d   Thumb Code    56  camera.o(.text.ADC0_IRQHandler)
    InitializarePiniParteMecanica            0x00001085   Thumb Code   264  motoare.o(.text.InitializarePiniParteMecanica)
    PIT_IRQHandler                           0x0000118d   Thumb Code   268  camera.o(.text.PIT_IRQHandler)
    PORTA_IRQHandler                         0x00001299   Thumb Code    64  senzoridistanta.o(.text.PORTA_IRQHandler)
    PORTD_IRQHandler                         0x000012d9   Thumb Code   128  senzoridistanta.o(.text.PORTD_IRQHandler)
    SIMSetup                                 0x00001359   Thumb Code   104  portssetup.o(.text.SIMSetup)
    SetareUnghi                              0x000013c1   Thumb Code   164  motoare.o(.text.SetareUnghi)
    SystemInit                               0x00001465   Thumb Code   232  system_mkl25z4.o(.text.SystemInit)
    TPM2_IRQHandler                          0x0000154d   Thumb Code   372  motoare.o(.text.TPM2_IRQHandler)
    decideDirectiaDrumSimplu                 0x000016c1   Thumb Code    44  sistemdecizional.o(.text.decideDirectiaDrumSimplu)
    decideVitezaDrumSimplu                   0x000016ed   Thumb Code    24  sistemdecizional.o(.text.decideVitezaDrumSimplu)
    getNextPid                               0x00001705   Thumb Code   104  pid.o(.text.getNextPid)
    initializareCamera                       0x0000176d   Thumb Code   268  camera.o(.text.initializareCamera)
    initializarePID                          0x00001879   Thumb Code    68  pid.o(.text.initializarePID)
    initializarePIT                          0x000018bd   Thumb Code    72  camera.o(.text.initializarePIT)
    initializareSenzorTuratie                0x00001905   Thumb Code   124  motoare.o(.text.initializareSenzorTuratie)
    initializareSenzoriDistanta              0x00001981   Thumb Code   176  senzoridistanta.o(.text.initializareSenzoriDistanta)
    main                                     0x00001a31   Thumb Code   408  main.o(.text.main)
    startCamera                              0x00001bc9   Thumb Code    56  camera.o(.text.startCamera)
    uartInit                                 0x00001c01   Thumb Code   168  uart.o(.text.uartInit)
    __aeabi_uidiv                            0x00001ca9   Thumb Code    68  aeabi_sdivfast.o(.text_divfast)
    __aeabi_idiv                             0x00001ced   Thumb Code   434  aeabi_sdivfast.o(.text_divfast)
    __aeabi_dcmpeq                           0x00001e9f   Thumb Code     0  dcmp.o(i._deq)
    _deq                                     0x00001e9f   Thumb Code    22  dcmp.o(i._deq)
    __aeabi_dcmpgt                           0x00001eb5   Thumb Code     0  dcmp.o(i._dgr)
    _dgr                                     0x00001eb5   Thumb Code    22  dcmp.o(i._dgr)
    __aeabi_dcmplt                           0x00001ecb   Thumb Code     0  dcmp.o(i._dls)
    _dls                                     0x00001ecb   Thumb Code    22  dcmp.o(i._dls)
    __aeabi_fcmpeq                           0x00001ee1   Thumb Code     0  fcmp.o(i._feq)
    _feq                                     0x00001ee1   Thumb Code    22  fcmp.o(i._feq)
    __aeabi_fcmpge                           0x00001ef7   Thumb Code     0  fcmp.o(i._fgeq)
    _fgeq                                    0x00001ef7   Thumb Code    22  fcmp.o(i._fgeq)
    __aeabi_fcmpgt                           0x00001f0d   Thumb Code     0  fcmp.o(i._fgr)
    _fgr                                     0x00001f0d   Thumb Code    22  fcmp.o(i._fgr)
    __aeabi_fcmple                           0x00001f23   Thumb Code     0  fcmp.o(i._fleq)
    _fleq                                    0x00001f23   Thumb Code    26  fcmp.o(i._fleq)
    __aeabi_fcmplt                           0x00001f3d   Thumb Code     0  fcmp.o(i._fls)
    _fls                                     0x00001f3d   Thumb Code    22  fcmp.o(i._fls)
    __aeabi_cdcmpeq                          0x00001f55   Thumb Code     0  deqf.o(x$fpl$deqf)
    _dcmpeq                                  0x00001f55   Thumb Code    94  deqf.o(x$fpl$deqf)
    _dcmpge                                  0x00001fb9   Thumb Code    94  dgef.o(x$fpl$dgeqf)
    __aeabi_cdcmple                          0x0000201d   Thumb Code     0  dlef.o(x$fpl$dleqf)
    _dcmple                                  0x0000201d   Thumb Code    94  dlef.o(x$fpl$dleqf)
    __aeabi_fadd                             0x00002081   Thumb Code     0  faddsub.o(x$fpl$fadd)
    _fadd                                    0x00002081   Thumb Code   134  faddsub.o(x$fpl$fadd)
    __aeabi_cfcmpeq                          0x0000210d   Thumb Code     0  feqf.o(x$fpl$feqf)
    _fcmpeq                                  0x0000210d   Thumb Code    78  feqf.o(x$fpl$feqf)
    _fcmpge                                  0x00002161   Thumb Code    78  fgef.o(x$fpl$fgeqf)
    __aeabi_cfcmple                          0x000021b5   Thumb Code     0  flef.o(x$fpl$fleqf)
    _fcmple                                  0x000021b5   Thumb Code    78  flef.o(x$fpl$fleqf)
    __aeabi_fmul                             0x00002209   Thumb Code     0  fmul.o(x$fpl$fmul)
    _fmul                                    0x00002209   Thumb Code   172  fmul.o(x$fpl$fmul)
    __aeabi_fsub                             0x000022b9   Thumb Code     0  faddsub.o(x$fpl$fsub)
    _fsub                                    0x000022b9   Thumb Code   204  faddsub.o(x$fpl$fsub)
    Region$$Table$$Base                      0x00002448   Number         0  anon$$obj.o(Region$$Table)
    Region$$Table$$Limit                     0x00002468   Number         0  anon$$obj.o(Region$$Table)
    distantaC                                0x1ffff000   Data           4  senzoridistanta.o(.data.distantaC)
    distantaD                                0x1ffff004   Data           4  senzoridistanta.o(.data.distantaD)
    distantaS                                0x1ffff008   Data           4  senzoridistanta.o(.data.distantaS)
    lastObst                                 0x1ffff00c   Data           1  main.o(.data.lastObst)
    linie                                    0x1ffff00d   Data           1  camera.o(.data.linie)
    osr                                      0x1ffff010   Data           4  uart.o(.data.osr)
    __libspace_start                         0x1ffff018   Data          96  libspace.o(.bss)
    __temporary_stack_top$libspace           0x1ffff078   Data           0  libspace.o(.bss)
    lastSign                                 0x1ffff094   Data           1  motoare.o(.bss.lastSign)
    nrInput                                  0x1ffff096   Data           2  motoare.o(.bss.nrInput)
    sbr                                      0x1ffff098   Data           2  uart.o(.bss.sbr)
    semnal                                   0x1ffff09c   Data           4  motoare.o(.bss.semnal)
    temp                                     0x1ffff0a1   Data           1  uart.o(.bss.temp)
    viteza                                   0x1ffff0a4   Data           4  motoare.o(.bss.viteza)
    vitezaCurenta                            0x1ffff0a8   Data           4  motoare.o(.bss.vitezaCurenta)



==============================================================================

Memory Map of the image

  Image Entry point : 0x00000165

  Load Region LR_1 (Base: 0x00000000, Size: 0x0000247c, Max: 0xffffffff, ABSOLUTE)

    Execution Region ER_RO (Exec base: 0x00000000, Load base: 0x00000000, Size: 0x00002468, Max: 0xffffffff, ABSOLUTE)

    Exec Addr    Load Addr    Size         Type   Attr      Idx    E Section Name        Object

    0x00000000   0x00000000   0x000000c0   Data   RO          160    RESET               startup_mkl25z4.o
    0x000000c0   0x000000c0   0x00000008   Code   RO          197  * !!!main             c_p.l(__main.o)
    0x000000c8   0x000000c8   0x0000003c   Code   RO          447    !!!scatter          c_p.l(__scatter.o)
    0x00000104   0x00000104   0x0000001a   Code   RO          449    !!handler_copy      c_p.l(__scatter_copy.o)
    0x0000011e   0x0000011e   0x00000002   PAD
    0x00000120   0x00000120   0x0000001c   Code   RO          451    !!handler_zi        c_p.l(__scatter_zi.o)
    0x0000013c   0x0000013c   0x00000002   Code   RO          302    .ARM.Collect$$libinit$$00000000  c_p.l(libinit.o)
    0x0000013e   0x0000013e   0x00000000   Code   RO          322    .ARM.Collect$$libinit$$00000002  c_p.l(libinit2.o)
    0x0000013e   0x0000013e   0x00000000   Code   RO          324    .ARM.Collect$$libinit$$00000004  c_p.l(libinit2.o)
    0x0000013e   0x0000013e   0x00000000   Code   RO          327    .ARM.Collect$$libinit$$0000000A  c_p.l(libinit2.o)
    0x0000013e   0x0000013e   0x00000000   Code   RO          329    .ARM.Collect$$libinit$$0000000C  c_p.l(libinit2.o)
    0x0000013e   0x0000013e   0x00000000   Code   RO          331    .ARM.Collect$$libinit$$0000000E  c_p.l(libinit2.o)
    0x0000013e   0x0000013e   0x00000000   Code   RO          334    .ARM.Collect$$libinit$$00000011  c_p.l(libinit2.o)
    0x0000013e   0x0000013e   0x00000000   Code   RO          336    .ARM.Collect$$libinit$$00000013  c_p.l(libinit2.o)
    0x0000013e   0x0000013e   0x00000000   Code   RO          338    .ARM.Collect$$libinit$$00000015  c_p.l(libinit2.o)
    0x0000013e   0x0000013e   0x00000000   Code   RO          340    .ARM.Collect$$libinit$$00000017  c_p.l(libinit2.o)
    0x0000013e   0x0000013e   0x00000000   Code   RO          342    .ARM.Collect$$libinit$$00000019  c_p.l(libinit2.o)
    0x0000013e   0x0000013e   0x00000000   Code   RO          344    .ARM.Collect$$libinit$$0000001B  c_p.l(libinit2.o)
    0x0000013e   0x0000013e   0x00000000   Code   RO          346    .ARM.Collect$$libinit$$0000001D  c_p.l(libinit2.o)
    0x0000013e   0x0000013e   0x00000000   Code   RO          348    .ARM.Collect$$libinit$$0000001F  c_p.l(libinit2.o)
    0x0000013e   0x0000013e   0x00000000   Code   RO          350    .ARM.Collect$$libinit$$00000021  c_p.l(libinit2.o)
    0x0000013e   0x0000013e   0x00000000   Code   RO          352    .ARM.Collect$$libinit$$00000023  c_p.l(libinit2.o)
    0x0000013e   0x0000013e   0x00000000   Code   RO          354    .ARM.Collect$$libinit$$00000025  c_p.l(libinit2.o)
    0x0000013e   0x0000013e   0x00000000   Code   RO          358    .ARM.Collect$$libinit$$0000002C  c_p.l(libinit2.o)
    0x0000013e   0x0000013e   0x00000000   Code   RO          360    .ARM.Collect$$libinit$$0000002E  c_p.l(libinit2.o)
    0x0000013e   0x0000013e   0x00000000   Code   RO          362    .ARM.Collect$$libinit$$00000030  c_p.l(libinit2.o)
    0x0000013e   0x0000013e   0x00000000   Code   RO          364    .ARM.Collect$$libinit$$00000032  c_p.l(libinit2.o)
    0x0000013e   0x0000013e   0x00000002   Code   RO          365    .ARM.Collect$$libinit$$00000033  c_p.l(libinit2.o)
    0x00000140   0x00000140   0x00000002   Code   RO          402    .ARM.Collect$$libshutdown$$00000000  c_p.l(libshutdown.o)
    0x00000142   0x00000142   0x00000000   Code   RO          430    .ARM.Collect$$libshutdown$$00000002  c_p.l(libshutdown2.o)
    0x00000142   0x00000142   0x00000000   Code   RO          432    .ARM.Collect$$libshutdown$$00000004  c_p.l(libshutdown2.o)
    0x00000142   0x00000142   0x00000000   Code   RO          435    .ARM.Collect$$libshutdown$$00000007  c_p.l(libshutdown2.o)
    0x00000142   0x00000142   0x00000000   Code   RO          438    .ARM.Collect$$libshutdown$$0000000A  c_p.l(libshutdown2.o)
    0x00000142   0x00000142   0x00000000   Code   RO          440    .ARM.Collect$$libshutdown$$0000000C  c_p.l(libshutdown2.o)
    0x00000142   0x00000142   0x00000000   Code   RO          443    .ARM.Collect$$libshutdown$$0000000F  c_p.l(libshutdown2.o)
    0x00000142   0x00000142   0x00000002   Code   RO          444    .ARM.Collect$$libshutdown$$00000010  c_p.l(libshutdown2.o)
    0x00000144   0x00000144   0x00000000   Code   RO          249    .ARM.Collect$$rtentry$$00000000  c_p.l(__rtentry.o)
    0x00000144   0x00000144   0x00000000   Code   RO          268    .ARM.Collect$$rtentry$$00000002  c_p.l(__rtentry2.o)
    0x00000144   0x00000144   0x00000006   Code   RO          280    .ARM.Collect$$rtentry$$00000004  c_p.l(__rtentry4.o)
    0x0000014a   0x0000014a   0x00000000   Code   RO          270    .ARM.Collect$$rtentry$$00000009  c_p.l(__rtentry2.o)
    0x0000014a   0x0000014a   0x00000004   Code   RO          271    .ARM.Collect$$rtentry$$0000000A  c_p.l(__rtentry2.o)
    0x0000014e   0x0000014e   0x00000000   Code   RO          273    .ARM.Collect$$rtentry$$0000000C  c_p.l(__rtentry2.o)
    0x0000014e   0x0000014e   0x00000008   Code   RO          274    .ARM.Collect$$rtentry$$0000000D  c_p.l(__rtentry2.o)
    0x00000156   0x00000156   0x00000002   Code   RO          313    .ARM.Collect$$rtexit$$00000000  c_p.l(rtexit.o)
    0x00000158   0x00000158   0x00000000   Code   RO          373    .ARM.Collect$$rtexit$$00000002  c_p.l(rtexit2.o)
    0x00000158   0x00000158   0x00000004   Code   RO          374    .ARM.Collect$$rtexit$$00000003  c_p.l(rtexit2.o)
    0x0000015c   0x0000015c   0x00000006   Code   RO          375    .ARM.Collect$$rtexit$$00000004  c_p.l(rtexit2.o)
    0x00000162   0x00000162   0x00000002   PAD
    0x00000164   0x00000164   0x0000003c   Code   RO          162  * .text               startup_mkl25z4.o
    0x000001a0   0x000001a0   0x00000006   Code   RO          195    .text               c_p.l(heapauxi.o)
    0x000001a6   0x000001a6   0x00000002   PAD
    0x000001a8   0x000001a8   0x00000048   Code   RO          216    .text               fz_ps.l(dfixui.o)
    0x000001f0   0x000001f0   0x00000058   Code   RO          218    .text               fz_ps.l(dflti.o)
    0x00000248   0x00000248   0x00000160   Code   RO          240    .text               fz_ps.l(fdiv.o)
    0x000003a8   0x000003a8   0x00000030   Code   RO          243    .text               fz_ps.l(ffixui.o)
    0x000003d8   0x000003d8   0x00000010   Code   RO          291    .text               c_p.l(exit.o)
    0x000003e8   0x000003e8   0x00000014   Code   RO          305    .text               fz_ps.l(dnan2.o)
    0x000003fc   0x000003fc   0x00000002   Code   RO          391    .text               c_p.l(use_no_semi.o)
    0x000003fe   0x000003fe   0x00000000   Code   RO          393    .text               c_p.l(indicate_semi.o)
    0x000003fe   0x000003fe   0x00000000   Code   RO          266    x$fpl$usenofp       fz_ps.l(usenofp.o)
    0x000003fe   0x000003fe   0x00000002   PAD
    0x00000400   0x00000400   0x00000010   Code   RO          161    .ARM.__at_0x400     startup_mkl25z4.o
    0x00000410   0x00000410   0x00000358   Code   RO          199    .text               fz_ps.l(daddsub.o)
    0x00000768   0x00000768   0x00000448   Code   RO          213    .text               fz_ps.l(ddiv.o)
    0x00000bb0   0x00000bb0   0x00000248   Code   RO          220    .text               fz_ps.l(dmul.o)
    0x00000df8   0x00000df8   0x0000005e   Code   RO          245    .text               fz_ps.l(fflti.o)
    0x00000e56   0x00000e56   0x00000002   PAD
    0x00000e58   0x00000e58   0x000000a0   Code   RO          284    .text               fz_ps.l(dcmpin.o)
    0x00000ef8   0x00000ef8   0x00000064   Code   RO          286    .text               fz_ps.l(fcmpin.o)
    0x00000f5c   0x00000f5c   0x0000003e   Code   RO          288    .text               c_p.l(sys_stackheap_outer.o)
    0x00000f9a   0x00000f9a   0x0000002e   Code   RO          303    .text               fz_ps.l(cmpret.o)
    0x00000fc8   0x00000fc8   0x00000010   Code   RO          307    .text               fz_ps.l(fnan2.o)
    0x00000fd8   0x00000fd8   0x00000008   Code   RO          309    .text               c_p.l(libspace.o)
    0x00000fe0   0x00000fe0   0x0000005e   Code   RO          366    .text               fz_ps.l(retnan.o)
    0x0000103e   0x0000103e   0x00000002   PAD
    0x00001040   0x00001040   0x0000000c   Code   RO          368    .text               c_p.l(sys_exit.o)
    0x0000104c   0x0000104c   0x00000038   Code   RO           48    .text.ADC0_IRQHandler  camera.o
    0x00001084   0x00001084   0x00000108   Code   RO           21    .text.InitializarePiniParteMecanica  motoare.o
    0x0000118c   0x0000118c   0x0000010c   Code   RO           50    .text.PIT_IRQHandler  camera.o
    0x00001298   0x00001298   0x00000040   Code   RO          117    .text.PORTA_IRQHandler  senzoridistanta.o
    0x000012d8   0x000012d8   0x00000080   Code   RO          119    .text.PORTD_IRQHandler  senzoridistanta.o
    0x00001358   0x00001358   0x00000068   Code   RO           40    .text.SIMSetup      portssetup.o
    0x000013c0   0x000013c0   0x000000a4   Code   RO           25    .text.SetareUnghi   motoare.o
    0x00001464   0x00001464   0x000000e8   Code   RO          171    .text.SystemInit    system_mkl25z4.o
    0x0000154c   0x0000154c   0x00000174   Code   RO           15    .text.TPM2_IRQHandler  motoare.o
    0x000016c0   0x000016c0   0x0000002c   Code   RO           71    .text.decideDirectiaDrumSimplu  sistemdecizional.o
    0x000016ec   0x000016ec   0x00000018   Code   RO           73    .text.decideVitezaDrumSimplu  sistemdecizional.o
    0x00001704   0x00001704   0x00000068   Code   RO          102    .text.getNextPid    pid.o
    0x0000176c   0x0000176c   0x0000010c   Code   RO           56    .text.initializareCamera  camera.o
    0x00001878   0x00001878   0x00000044   Code   RO          100    .text.initializarePID  pid.o
    0x000018bc   0x000018bc   0x00000048   Code   RO           54    .text.initializarePIT  camera.o
    0x00001904   0x00001904   0x0000007c   Code   RO           23    .text.initializareSenzorTuratie  motoare.o
    0x00001980   0x00001980   0x000000b0   Code   RO          121    .text.initializareSenzoriDistanta  senzoridistanta.o
    0x00001a30   0x00001a30   0x00000198   Code   RO            2    .text.main          main.o
    0x00001bc8   0x00001bc8   0x00000038   Code   RO           52    .text.startCamera   camera.o
    0x00001c00   0x00001c00   0x000000a8   Code   RO           83    .text.uartInit      uart.o
    0x00001ca8   0x00001ca8   0x000001f6   Code   RO          188    .text_divfast       c_p.l(aeabi_sdivfast.o)
    0x00001e9e   0x00001e9e   0x00000016   Code   RO          201    i._deq              fz_ps.l(dcmp.o)
    0x00001eb4   0x00001eb4   0x00000016   Code   RO          203    i._dgr              fz_ps.l(dcmp.o)
    0x00001eca   0x00001eca   0x00000016   Code   RO          205    i._dls              fz_ps.l(dcmp.o)
    0x00001ee0   0x00001ee0   0x00000016   Code   RO          228    i._feq              fz_ps.l(fcmp.o)
    0x00001ef6   0x00001ef6   0x00000016   Code   RO          229    i._fgeq             fz_ps.l(fcmp.o)
    0x00001f0c   0x00001f0c   0x00000016   Code   RO          230    i._fgr              fz_ps.l(fcmp.o)
    0x00001f22   0x00001f22   0x0000001a   Code   RO          231    i._fleq             fz_ps.l(fcmp.o)
    0x00001f3c   0x00001f3c   0x00000016   Code   RO          232    i._fls              fz_ps.l(fcmp.o)
    0x00001f52   0x00001f52   0x00000002   PAD
    0x00001f54   0x00001f54   0x00000064   Code   RO          254    x$fpl$deqf          fz_ps.l(deqf.o)
    0x00001fb8   0x00001fb8   0x00000064   Code   RO          256    x$fpl$dgeqf         fz_ps.l(dgef.o)
    0x0000201c   0x0000201c   0x00000064   Code   RO          258    x$fpl$dleqf         fz_ps.l(dlef.o)
    0x00002080   0x00002080   0x0000008c   Code   RO          222    x$fpl$fadd          fz_ps.l(faddsub.o)
    0x0000210c   0x0000210c   0x00000054   Code   RO          260    x$fpl$feqf          fz_ps.l(feqf.o)
    0x00002160   0x00002160   0x00000054   Code   RO          262    x$fpl$fgeqf         fz_ps.l(fgef.o)
    0x000021b4   0x000021b4   0x00000054   Code   RO          264    x$fpl$fleqf         fz_ps.l(flef.o)
    0x00002208   0x00002208   0x000000b0   Code   RO          247    x$fpl$fmul          fz_ps.l(fmul.o)
    0x000022b8   0x000022b8   0x000000d0   Code   RO          224    x$fpl$fsub          fz_ps.l(faddsub.o)
    0x00002388   0x00002388   0x00000080   Data   RO          214    .constdata          fz_ps.l(ddiv.o)
    0x00002408   0x00002408   0x00000040   Data   RO          241    .constdata          fz_ps.l(fdiv.o)
    0x00002448   0x00002448   0x00000020   Data   RO          446    Region$$Table       anon$$obj.o


    Execution Region ER_RW (Exec base: 0x1ffff000, Load base: 0x00002468, Size: 0x00000014, Max: 0xffffffff, ABSOLUTE)

    Exec Addr    Load Addr    Size         Type   Attr      Idx    E Section Name        Object

    0x1ffff000   0x00002468   0x00000004   Data   RW          125    .data.distantaC     senzoridistanta.o
    0x1ffff004   0x0000246c   0x00000004   Data   RW          124    .data.distantaD     senzoridistanta.o
    0x1ffff008   0x00002470   0x00000004   Data   RW          123    .data.distantaS     senzoridistanta.o
    0x1ffff00c   0x00002474   0x00000001   Data   RW            4    .data.lastObst      main.o
    0x1ffff00d   0x00002475   0x00000001   Data   RW           58    .data.linie         camera.o
    0x1ffff00e   0x00002476   0x00000001   Data   RW           61    .data.linieStatus   camera.o
    0x1ffff00f   0x00002477   0x00000001   PAD
    0x1ffff010   0x00002478   0x00000004   Data   RW           89    .data.osr           uart.o


    Execution Region ER_ZI (Exec base: 0x1ffff018, Load base: 0x0000247c, Size: 0x00000198, Max: 0xffffffff, ABSOLUTE)

    Exec Addr    Load Addr    Size         Type   Attr      Idx    E Section Name        Object

    0x1ffff018        -       0x00000060   Zero   RW          310    .bss                c_p.l(libspace.o)
    0x1ffff078        -       0x00000001   Zero   RW           62    .bss.cameraState    camera.o
    0x1ffff079   0x0000247c   0x00000003   PAD
    0x1ffff07c        -       0x00000004   Zero   RW           59    .bss.clockCycles    camera.o
    0x1ffff080        -       0x00000004   Zero   RW          108    .bss.eroare         pid.o
    0x1ffff084        -       0x00000004   Zero   RW          107    .bss.integral       pid.o
    0x1ffff088        -       0x00000004   Zero   RW          106    .bss.kd             pid.o
    0x1ffff08c        -       0x00000004   Zero   RW          105    .bss.ki             pid.o
    0x1ffff090        -       0x00000004   Zero   RW          104    .bss.kp             pid.o
    0x1ffff094        -       0x00000001   Zero   RW           31    .bss.lastSign       motoare.o
    0x1ffff095        -       0x00000001   Zero   RW           60    .bss.min            camera.o
    0x1ffff096        -       0x00000002   Zero   RW           30    .bss.nrInput        motoare.o
    0x1ffff098        -       0x00000002   Zero   RW           90    .bss.sbr            uart.o
    0x1ffff09a   0x0000247c   0x00000002   PAD
    0x1ffff09c        -       0x00000004   Zero   RW           29    .bss.semnal         motoare.o
    0x1ffff0a0        -       0x00000001   Zero   RW            5    .bss.stare          main.o
    0x1ffff0a1        -       0x00000001   Zero   RW           91    .bss.temp           uart.o
    0x1ffff0a2   0x0000247c   0x00000002   PAD
    0x1ffff0a4        -       0x00000004   Zero   RW           28    .bss.viteza         motoare.o
    0x1ffff0a8        -       0x00000004   Zero   RW           27    .bss.vitezaCurenta  motoare.o
    0x1ffff0ac   0x0000247c   0x00000004   PAD
    0x1ffff0b0        -       0x00000000   Zero   RW          159    HEAP                startup_mkl25z4.o
    0x1ffff0b0        -       0x00000100   Zero   RW          158    STACK               startup_mkl25z4.o


==============================================================================

Image component sizes


      Code (inc. data)   RO Data    RW Data    ZI Data      Debug   Object Name

       720         96          0          2          6       4777   camera.o
       408         76          0          1          1        859   main.o
       924        152          0          0         15       4760   motoare.o
       172         20          0          0         20       1113   pid.o
       104          4          0          0          0       1413   portssetup.o
       368         60          0         12          0       3503   senzoridistanta.o
        68         16          0          0          0        845   sistemdecizional.o
        76         42        192          0        256        836   startup_mkl25z4.o
       232         44          0          0          0       3204   system_mkl25z4.o
       168         32          0          4          3       2314   uart.o

    ----------------------------------------------------------------------
      3240        542        224         20        312      23624   Object Totals
         0          0         32          0          0          0   (incl. Generated)
         0          0          0          1         11          0   (incl. Padding)

    ----------------------------------------------------------------------

      Code (inc. data)   RO Data    RW Data    ZI Data      Debug   Library Member Name

         8          0          0          0          0         68   __main.o
         0          0          0          0          0          0   __rtentry.o
        12          0          0          0          0          0   __rtentry2.o
         6          0          0          0          0          0   __rtentry4.o
        60          8          0          0          0          0   __scatter.o
        26          0          0          0          0          0   __scatter_copy.o
        28          0          0          0          0          0   __scatter_zi.o
       502          0          0          0          0         92   aeabi_sdivfast.o
        16          0          0          0          0         68   exit.o
         6          0          0          0          0        136   heapauxi.o
         0          0          0          0          0          0   indicate_semi.o
         2          0          0          0          0          0   libinit.o
         2          0          0          0          0          0   libinit2.o
         2          0          0          0          0          0   libshutdown.o
         2          0          0          0          0          0   libshutdown2.o
         8          4          0          0         96         68   libspace.o
         2          0          0          0          0          0   rtexit.o
        10          0          0          0          0          0   rtexit2.o
        12          4          0          0          0         60   sys_exit.o
        62          0          0          0          0         80   sys_stackheap_outer.o
         2          0          0          0          0         68   use_no_semi.o
        46          0          0          0          0         60   cmpret.o
       856         20          0          0          0        208   daddsub.o
        66          0          0          0          0        204   dcmp.o
       160          6          0          0          0         76   dcmpin.o
      1096         26        128          0          0        112   ddiv.o
       100          4          0          0          0         92   deqf.o
        72          4          0          0          0         68   dfixui.o
        88          0          0          0          0         92   dflti.o
       100          4          0          0          0         92   dgef.o
       100          4          0          0          0         92   dlef.o
       584         26          0          0          0         84   dmul.o
        20          6          0          0          0         68   dnan2.o
       348          8          0          0          0        160   faddsub.o
       114          0          0          0          0        340   fcmp.o
       100          4          0          0          0         68   fcmpin.o
       352         10         64          0          0         92   fdiv.o
        84          4          0          0          0         76   feqf.o
        48          0          0          0          0         60   ffixui.o
        94          0          0          0          0         92   fflti.o
        84          4          0          0          0         76   fgef.o
        84          4          0          0          0         76   flef.o
       176          4          0          0          0         80   fmul.o
        16          6          0          0          0         68   fnan2.o
        94          0          0          0          0         68   retnan.o
         0          0          0          0          0          0   usenofp.o

    ----------------------------------------------------------------------
      5664        160        192          0         96       3144   Library Totals
        14          0          0          0          0          0   (incl. Padding)

    ----------------------------------------------------------------------

      Code (inc. data)   RO Data    RW Data    ZI Data      Debug   Library Name

       768         16          0          0         96        640   c_p.l
      4882        144        192          0          0       2504   fz_ps.l

    ----------------------------------------------------------------------
      5664        160        192          0         96       3144   Library Totals

    ----------------------------------------------------------------------

==============================================================================


      Code (inc. data)   RO Data    RW Data    ZI Data      Debug   

      8904        702        416         20        408      25060   Grand Totals
      8904        702        416         20        408      25060   ELF Image Totals
      8904        702        416         20          0          0   ROM Totals

==============================================================================

    Total RO  Size (Code + RO Data)                 9320 (   9.10kB)
    Total RW  Size (RW Data + ZI Data)               428 (   0.42kB)
    Total ROM Size (Code + RO Data + RW Data)       9340 (   9.12kB)

==============================================================================

