Component: ARM Compiler 6.15 Tool: armlink [5dd79300]

==============================================================================

Section Cross References

    main.o(.text.main) refers to pid.o(.text.initializarePID) for initializarePID
    main.o(.text.main) refers to portssetup.o(.text.SIMSetup) for SIMSetup
    main.o(.text.main) refers to motoare.o(.text.InitializarePiniParteMecanica) for InitializarePiniParteMecanica
    main.o(.text.main) refers to camera.o(.text.initializareCamera) for initializareCamera
    main.o(.text.main) refers to camera.o(.text.initializarePIT) for initializarePIT
    main.o(.text.main) refers to camera.o(.text.startCamera) for startCamera
    main.o(.text.main) refers to uart.o(.text.UartInit) for UartInit
    main.o(.text.main) refers to motoare.o(.text.SetareUnghi) for SetareUnghi
    main.o(.text.main) refers to sistemdecizional.o(.text.decideDirectiaDrumSimplu) for decideDirectiaDrumSimplu
    main.o(.text.main) refers to motoare.o(.bss.pid) for pid
    main.o(.text.main) refers to camera.o(.data..L_MergedGlobals) for linie
    main.o(.text.main) refers to main.o(.data.stare) for [Anonymous Symbol]
    main.o(.text.main) refers to motoare.o(.bss.viteza) for viteza
    main.o(.ARM.exidx.text.main) refers to main.o(.text.main) for [Anonymous Symbol]
    motoare.o(.text.TPM0_IRQHandler) refers to dflti.o(.text) for __aeabi_ui2d
    motoare.o(.text.TPM0_IRQHandler) refers to dmul.o(.text) for __aeabi_dmul
    motoare.o(.text.TPM0_IRQHandler) refers to ddiv.o(.text) for __aeabi_ddiv
    motoare.o(.text.TPM0_IRQHandler) refers to daddsub.o(.text) for __aeabi_dadd
    motoare.o(.text.TPM0_IRQHandler) refers to dcmp.o(i._dls) for __aeabi_dcmplt
    motoare.o(.text.TPM0_IRQHandler) refers to dcmp.o(i._dgr) for __aeabi_dcmpgt
    motoare.o(.text.TPM0_IRQHandler) refers to dfixui.o(.text) for __aeabi_d2uiz
    motoare.o(.text.TPM0_IRQHandler) refers to dfixi.o(.text) for __aeabi_d2iz
    motoare.o(.text.TPM0_IRQHandler) refers to uart.o(.text.trimiteDate) for trimiteDate
    motoare.o(.text.TPM0_IRQHandler) refers to motoare.o(.bss..L_MergedGlobals) for [Anonymous Symbol]
    motoare.o(.ARM.exidx.text.TPM0_IRQHandler) refers to motoare.o(.text.TPM0_IRQHandler) for [Anonymous Symbol]
    motoare.o(.text.SetareViteza) refers to dcmp.o(i._dls) for __aeabi_dcmplt
    motoare.o(.text.SetareViteza) refers to dcmp.o(i._dgr) for __aeabi_dcmpgt
    motoare.o(.text.SetareViteza) refers to dmul.o(.text) for __aeabi_dmul
    motoare.o(.text.SetareViteza) refers to dfixui.o(.text) for __aeabi_d2uiz
    motoare.o(.ARM.exidx.text.SetareViteza) refers to motoare.o(.text.SetareViteza) for [Anonymous Symbol]
    motoare.o(.ARM.exidx.text.InitializarePiniParteMecanica) refers to motoare.o(.text.InitializarePiniParteMecanica) for [Anonymous Symbol]
    motoare.o(.ARM.exidx.text.SetareSens) refers to motoare.o(.text.SetareSens) for [Anonymous Symbol]
    motoare.o(.text.SetareUnghi) refers to dcmp.o(i._deq) for __aeabi_dcmpeq
    motoare.o(.text.SetareUnghi) refers to dcmp.o(i._dls) for __aeabi_dcmplt
    motoare.o(.text.SetareUnghi) refers to dcmp.o(i._dleq) for __aeabi_dcmple
    motoare.o(.text.SetareUnghi) refers to daddsub.o(.text) for __aeabi_dadd
    motoare.o(.text.SetareUnghi) refers to dmul.o(.text) for __aeabi_dmul
    motoare.o(.text.SetareUnghi) refers to dfixui.o(.text) for __aeabi_d2uiz
    motoare.o(.ARM.exidx.text.SetareUnghi) refers to motoare.o(.text.SetareUnghi) for [Anonymous Symbol]
    portssetup.o(.ARM.exidx.text.SIMSetup) refers to portssetup.o(.text.SIMSetup) for [Anonymous Symbol]
    camera.o(.ARM.exidx.text.debugLineScanCamera) refers to camera.o(.text.debugLineScanCamera) for [Anonymous Symbol]
    camera.o(.text.ADC0_IRQHandler) refers to camera.o(.bss..L_MergedGlobals.1) for [Anonymous Symbol]
    camera.o(.text.ADC0_IRQHandler) refers to camera.o(.bss.tempPixels) for [Anonymous Symbol]
    camera.o(.text.ADC0_IRQHandler) refers to camera.o(.data..L_MergedGlobals) for [Anonymous Symbol]
    camera.o(.ARM.exidx.text.ADC0_IRQHandler) refers to camera.o(.text.ADC0_IRQHandler) for [Anonymous Symbol]
    camera.o(.text.PIT_IRQHandler) refers to camera.o(.bss..L_MergedGlobals.1) for [Anonymous Symbol]
    camera.o(.text.PIT_IRQHandler) refers to camera.o(.data..L_MergedGlobals) for [Anonymous Symbol]
    camera.o(.ARM.exidx.text.PIT_IRQHandler) refers to camera.o(.text.PIT_IRQHandler) for [Anonymous Symbol]
    camera.o(.text.startCamera) refers to camera.o(.bss..L_MergedGlobals.1) for [Anonymous Symbol]
    camera.o(.ARM.exidx.text.startCamera) refers to camera.o(.text.startCamera) for [Anonymous Symbol]
    camera.o(.ARM.exidx.text.initializarePIT) refers to camera.o(.text.initializarePIT) for [Anonymous Symbol]
    camera.o(.ARM.exidx.text.initializareCamera) refers to camera.o(.text.initializareCamera) for [Anonymous Symbol]
    camera.o(.ARM.exidx.text.calibrareADC) refers to camera.o(.text.calibrareADC) for [Anonymous Symbol]
    sistemdecizional.o(.text.decideDirectiaDrumSimplu) refers to dflti.o(.text) for __aeabi_i2d
    sistemdecizional.o(.text.decideDirectiaDrumSimplu) refers to ddiv.o(.text) for __aeabi_ddiv
    sistemdecizional.o(.text.decideDirectiaDrumSimplu) refers to sistemdecizional.o(.data.unghiThreshold) for unghiThreshold
    sistemdecizional.o(.ARM.exidx.text.decideDirectiaDrumSimplu) refers to sistemdecizional.o(.text.decideDirectiaDrumSimplu) for [Anonymous Symbol]
    sistemdecizional.o(.text.decideVitezaDrumSimplu) refers to dflti.o(.text) for __aeabi_i2d
    sistemdecizional.o(.text.decideVitezaDrumSimplu) refers to ddiv.o(.text) for __aeabi_ddiv
    sistemdecizional.o(.text.decideVitezaDrumSimplu) refers to sistemdecizional.o(.data.unghiThreshold) for unghiThreshold
    sistemdecizional.o(.ARM.exidx.text.decideVitezaDrumSimplu) refers to sistemdecizional.o(.text.decideVitezaDrumSimplu) for [Anonymous Symbol]
    uart.o(.text.UartInit) refers to aeabi_sdivfast.o(.text_divfast) for __aeabi_uidiv
    uart.o(.text.UartInit) refers to uart.o(.bss..L_MergedGlobals) for [Anonymous Symbol]
    uart.o(.text.UartInit) refers to uart.o(.data.osr) for osr
    uart.o(.ARM.exidx.text.UartInit) refers to uart.o(.text.UartInit) for [Anonymous Symbol]
    uart.o(.ARM.exidx.text.trimiteDate) refers to uart.o(.text.trimiteDate) for [Anonymous Symbol]
    uart.o(.ARM.exidx.text.primesteDate) refers to uart.o(.text.primesteDate) for [Anonymous Symbol]
    pid.o(.text.initializarePID) refers to ddiv.o(.text) for __aeabi_ddiv
    pid.o(.text.initializarePID) refers to dmul.o(.text) for __aeabi_dmul
    pid.o(.text.initializarePID) refers to daddsub.o(.text) for __aeabi_dsub
    pid.o(.ARM.exidx.text.initializarePID) refers to pid.o(.text.initializarePID) for [Anonymous Symbol]
    pid.o(.text.getNextPid) refers to daddsub.o(.text) for __aeabi_dsub
    pid.o(.text.getNextPid) refers to dmul.o(.text) for __aeabi_dmul
    pid.o(.ARM.exidx.text.getNextPid) refers to pid.o(.text.getNextPid) for [Anonymous Symbol]
    retarget_io.o(.text._sys_open) refers to strcmpv6m.o(.text) for strcmp
    retarget_io.o(.text._sys_open) refers to retarget_io.o(.rodata.__stdin_name) for __stdin_name
    retarget_io.o(.text._sys_open) refers to retarget_io.o(.rodata.__stdout_name) for __stdout_name
    retarget_io.o(.text._sys_open) refers to retarget_io.o(.rodata.__stderr_name) for __stderr_name
    retarget_io.o(.ARM.exidx.text._sys_open) refers to retarget_io.o(.text._sys_open) for [Anonymous Symbol]
    retarget_io.o(.ARM.exidx.text._sys_close) refers to retarget_io.o(.text._sys_close) for [Anonymous Symbol]
    retarget_io.o(.ARM.exidx.text._sys_write) refers to retarget_io.o(.text._sys_write) for [Anonymous Symbol]
    retarget_io.o(.ARM.exidx.text._sys_read) refers to retarget_io.o(.text._sys_read) for [Anonymous Symbol]
    retarget_io.o(.ARM.exidx.text._sys_istty) refers to retarget_io.o(.text._sys_istty) for [Anonymous Symbol]
    retarget_io.o(.ARM.exidx.text._sys_seek) refers to retarget_io.o(.text._sys_seek) for [Anonymous Symbol]
    retarget_io.o(.ARM.exidx.text._sys_flen) refers to retarget_io.o(.text._sys_flen) for [Anonymous Symbol]
    startup_mkl25z4.o(STACK) refers (Special) to heapauxi.o(.text) for __use_two_region_memory
    startup_mkl25z4.o(HEAP) refers (Special) to heapauxi.o(.text) for __use_two_region_memory
    startup_mkl25z4.o(RESET) refers (Special) to heapauxi.o(.text) for __use_two_region_memory
    startup_mkl25z4.o(RESET) refers to startup_mkl25z4.o(STACK) for __initial_sp
    startup_mkl25z4.o(RESET) refers to startup_mkl25z4.o(.text) for Reset_Handler
    startup_mkl25z4.o(RESET) refers to camera.o(.text.ADC0_IRQHandler) for ADC0_IRQHandler
    startup_mkl25z4.o(RESET) refers to motoare.o(.text.TPM0_IRQHandler) for TPM0_IRQHandler
    startup_mkl25z4.o(RESET) refers to camera.o(.text.PIT_IRQHandler) for PIT_IRQHandler
    startup_mkl25z4.o(.ARM.__at_0x400) refers (Special) to heapauxi.o(.text) for __use_two_region_memory
    startup_mkl25z4.o(.text) refers (Special) to heapauxi.o(.text) for __use_two_region_memory
    startup_mkl25z4.o(.text) refers to system_mkl25z4.o(.text.SystemInit) for SystemInit
    startup_mkl25z4.o(.text) refers to __main.o(!!!main) for __main
    startup_mkl25z4.o(.text) refers to startup_mkl25z4.o(HEAP) for Heap_Mem
    startup_mkl25z4.o(.text) refers to startup_mkl25z4.o(STACK) for Stack_Mem
    system_mkl25z4.o(.ARM.exidx.text.SystemInit) refers to system_mkl25z4.o(.text.SystemInit) for [Anonymous Symbol]
    system_mkl25z4.o(.text.SystemCoreClockUpdate) refers to aeabi_sdivfast.o(.text_divfast) for __aeabi_uidiv
    system_mkl25z4.o(.text.SystemCoreClockUpdate) refers to system_mkl25z4.o(.data.SystemCoreClock) for SystemCoreClock
    system_mkl25z4.o(.ARM.exidx.text.SystemCoreClockUpdate) refers to system_mkl25z4.o(.text.SystemCoreClockUpdate) for [Anonymous Symbol]
    __main.o(!!!main) refers to __rtentry.o(.ARM.Collect$$rtentry$$00000000) for __rt_entry
    daddsub.o(.text) refers (Special) to usenofp.o(x$fpl$usenofp) for __I$use$fp
    dcmp.o(i._deq) refers (Special) to usenofp.o(x$fpl$usenofp) for __I$use$fp
    dcmp.o(i._deq) refers to deqf.o(x$fpl$deqf) for _dcmpeq
    dcmp.o(i._dgeq) refers (Special) to usenofp.o(x$fpl$usenofp) for __I$use$fp
    dcmp.o(i._dgeq) refers to dgef.o(x$fpl$dgeqf) for _dcmpge
    dcmp.o(i._dgr) refers (Special) to usenofp.o(x$fpl$usenofp) for __I$use$fp
    dcmp.o(i._dgr) refers to dgef.o(x$fpl$dgeqf) for _dcmpge
    dcmp.o(i._dleq) refers (Special) to usenofp.o(x$fpl$usenofp) for __I$use$fp
    dcmp.o(i._dleq) refers to dlef.o(x$fpl$dleqf) for _dcmple
    dcmp.o(i._dls) refers (Special) to usenofp.o(x$fpl$usenofp) for __I$use$fp
    dcmp.o(i._dls) refers to dlef.o(x$fpl$dleqf) for _dcmple
    dcmp.o(i._dneq) refers (Special) to usenofp.o(x$fpl$usenofp) for __I$use$fp
    dcmp.o(i._dneq) refers to deqf.o(x$fpl$deqf) for _dcmpeq
    ddiv.o(.text) refers (Special) to usenofp.o(x$fpl$usenofp) for __I$use$fp
    ddiv.o(.text) refers to ddiv.o(.constdata) for .constdata
    ddiv.o(.constdata) refers (Special) to usenofp.o(x$fpl$usenofp) for __I$use$fp
    dfixi.o(.text) refers (Special) to usenofp.o(x$fpl$usenofp) for __I$use$fp
    dfixui.o(.text) refers (Special) to usenofp.o(x$fpl$usenofp) for __I$use$fp
    dflti.o(.text) refers (Special) to usenofp.o(x$fpl$usenofp) for __I$use$fp
    dmul.o(.text) refers (Special) to usenofp.o(x$fpl$usenofp) for __I$use$fp
    __rtentry.o(.ARM.Collect$$rtentry$$00000000) refers (Special) to __rtentry2.o(.ARM.Collect$$rtentry$$0000000A) for __rt_entry_li
    __rtentry.o(.ARM.Collect$$rtentry$$00000000) refers (Special) to __rtentry2.o(.ARM.Collect$$rtentry$$0000000D) for __rt_entry_main
    __rtentry.o(.ARM.Collect$$rtentry$$00000000) refers (Special) to __rtentry2.o(.ARM.Collect$$rtentry$$0000000C) for __rt_entry_postli_1
    __rtentry.o(.ARM.Collect$$rtentry$$00000000) refers (Special) to __rtentry2.o(.ARM.Collect$$rtentry$$00000009) for __rt_entry_postsh_1
    __rtentry.o(.ARM.Collect$$rtentry$$00000000) refers (Special) to __rtentry2.o(.ARM.Collect$$rtentry$$00000002) for __rt_entry_presh_1
    __rtentry.o(.ARM.Collect$$rtentry$$00000000) refers (Special) to __rtentry4.o(.ARM.Collect$$rtentry$$00000004) for __rt_entry_sh
    aeabi_idiv0_sigfpe.o(.text) refers to rt_div0.o(.text) for __rt_div0
    deqf.o(x$fpl$deqf) refers (Special) to usenofp.o(x$fpl$usenofp) for __I$use$fp
    deqf.o(x$fpl$deqf) refers to dcmpin.o(.text) for __fpl_dcmp_InfNaN
    dgef.o(x$fpl$dgeqf) refers (Special) to usenofp.o(x$fpl$usenofp) for __I$use$fp
    dgef.o(x$fpl$dgeqf) refers to dcmpin.o(.text) for __fpl_dcmp_InfNaN
    dlef.o(x$fpl$dleqf) refers (Special) to usenofp.o(x$fpl$usenofp) for __I$use$fp
    dlef.o(x$fpl$dleqf) refers to dcmpin.o(.text) for __fpl_dcmp_InfNaN
    __rtentry2.o(.ARM.Collect$$rtentry$$00000008) refers to boardinit2.o(.text) for _platform_post_stackheap_init
    __rtentry2.o(.ARM.Collect$$rtentry$$0000000A) refers to libinit.o(.ARM.Collect$$libinit$$00000000) for __rt_lib_init
    __rtentry2.o(.ARM.Collect$$rtentry$$0000000B) refers to boardinit3.o(.text) for _platform_post_lib_init
    __rtentry2.o(.ARM.Collect$$rtentry$$0000000D) refers to main.o(.text.main) for main
    __rtentry2.o(.ARM.Collect$$rtentry$$0000000D) refers to exit.o(.text) for exit
    __rtentry2.o(.ARM.exidx) refers to __rtentry2.o(.ARM.Collect$$rtentry$$00000001) for .ARM.Collect$$rtentry$$00000001
    __rtentry2.o(.ARM.exidx) refers to __rtentry2.o(.ARM.Collect$$rtentry$$00000008) for .ARM.Collect$$rtentry$$00000008
    __rtentry2.o(.ARM.exidx) refers to __rtentry2.o(.ARM.Collect$$rtentry$$0000000A) for .ARM.Collect$$rtentry$$0000000A
    __rtentry2.o(.ARM.exidx) refers to __rtentry2.o(.ARM.Collect$$rtentry$$0000000B) for .ARM.Collect$$rtentry$$0000000B
    __rtentry2.o(.ARM.exidx) refers to __rtentry2.o(.ARM.Collect$$rtentry$$0000000D) for .ARM.Collect$$rtentry$$0000000D
    __rtentry4.o(.ARM.Collect$$rtentry$$00000004) refers to sys_stackheap_outer.o(.text) for __user_setup_stackheap
    __rtentry4.o(.ARM.exidx) refers to __rtentry4.o(.ARM.Collect$$rtentry$$00000004) for .ARM.Collect$$rtentry$$00000004
    rt_div0.o(.text) refers to defsig_fpe_outer.o(.text) for __rt_SIGFPE
    dcmpin.o(.text) refers (Special) to usenofp.o(x$fpl$usenofp) for __I$use$fp
    dcmpin.o(.text) refers to cmpret.o(.text) for __fpl_cmpreturn
    dcmpin.o(.text) refers to dnan2.o(.text) for __fpl_dcheck_NaN2
    sys_stackheap_outer.o(.text) refers to libspace.o(.text) for __user_perproc_libspace
    sys_stackheap_outer.o(.text) refers to startup_mkl25z4.o(.text) for __user_initial_stackheap
    sys_stackheap_outer.o(__vectab_stack_and_reset_area) refers to tempstk.o(.text) for __temporary_stack_top
    sys_stackheap_outer.o(__vectab_stack_and_reset_area) refers to __main.o(!!!main) for __main
    exit.o(.text) refers to rtexit.o(.ARM.Collect$$rtexit$$00000000) for __rt_exit
    defsig_fpe_outer.o(.text) refers to defsig_fpe_inner.o(.text) for __rt_SIGFPE_inner
    defsig_fpe_outer.o(.text) refers to defsig_exit.o(.text) for __sig_exit
    defsig_fpe_formal.o(.text) refers to rt_raise.o(.text) for __rt_raise
    libinit.o(.ARM.Collect$$libinit$$00000000) refers (Special) to libinit2.o(.ARM.Collect$$libinit$$0000002E) for __rt_lib_init_alloca_1
    libinit.o(.ARM.Collect$$libinit$$00000000) refers (Special) to libinit2.o(.ARM.Collect$$libinit$$0000002C) for __rt_lib_init_argv_1
    libinit.o(.ARM.Collect$$libinit$$00000000) refers (Special) to libinit2.o(.ARM.Collect$$libinit$$0000001B) for __rt_lib_init_atexit_1
    libinit.o(.ARM.Collect$$libinit$$00000000) refers (Special) to libinit2.o(.ARM.Collect$$libinit$$00000021) for __rt_lib_init_clock_1
    libinit.o(.ARM.Collect$$libinit$$00000000) refers (Special) to libinit2.o(.ARM.Collect$$libinit$$00000032) for __rt_lib_init_cpp_1
    libinit.o(.ARM.Collect$$libinit$$00000000) refers (Special) to libinit2.o(.ARM.Collect$$libinit$$00000030) for __rt_lib_init_exceptions_1
    libinit.o(.ARM.Collect$$libinit$$00000000) refers (Special) to libinit2.o(.ARM.Collect$$libinit$$00000002) for __rt_lib_init_fp_1
    libinit.o(.ARM.Collect$$libinit$$00000000) refers (Special) to libinit2.o(.ARM.Collect$$libinit$$0000001F) for __rt_lib_init_fp_trap_1
    libinit.o(.ARM.Collect$$libinit$$00000000) refers (Special) to libinit2.o(.ARM.Collect$$libinit$$00000023) for __rt_lib_init_getenv_1
    libinit.o(.ARM.Collect$$libinit$$00000000) refers (Special) to libinit2.o(.ARM.Collect$$libinit$$0000000A) for __rt_lib_init_heap_1
    libinit.o(.ARM.Collect$$libinit$$00000000) refers (Special) to libinit2.o(.ARM.Collect$$libinit$$00000011) for __rt_lib_init_lc_collate_1
    libinit.o(.ARM.Collect$$libinit$$00000000) refers (Special) to libinit2.o(.ARM.Collect$$libinit$$00000013) for __rt_lib_init_lc_ctype_1
    libinit.o(.ARM.Collect$$libinit$$00000000) refers (Special) to libinit2.o(.ARM.Collect$$libinit$$00000015) for __rt_lib_init_lc_monetary_1
    libinit.o(.ARM.Collect$$libinit$$00000000) refers (Special) to libinit2.o(.ARM.Collect$$libinit$$00000017) for __rt_lib_init_lc_numeric_1
    libinit.o(.ARM.Collect$$libinit$$00000000) refers (Special) to libinit2.o(.ARM.Collect$$libinit$$00000019) for __rt_lib_init_lc_time_1
    libinit.o(.ARM.Collect$$libinit$$00000000) refers (Special) to libinit2.o(.ARM.Collect$$libinit$$00000004) for __rt_lib_init_preinit_1
    libinit.o(.ARM.Collect$$libinit$$00000000) refers (Special) to libinit2.o(.ARM.Collect$$libinit$$0000000E) for __rt_lib_init_rand_1
    libinit.o(.ARM.Collect$$libinit$$00000000) refers (Special) to libinit2.o(.ARM.Collect$$libinit$$00000033) for __rt_lib_init_return
    libinit.o(.ARM.Collect$$libinit$$00000000) refers (Special) to libinit2.o(.ARM.Collect$$libinit$$0000001D) for __rt_lib_init_signal_1
    libinit.o(.ARM.Collect$$libinit$$00000000) refers (Special) to libinit2.o(.ARM.Collect$$libinit$$00000025) for __rt_lib_init_stdio_1
    libinit.o(.ARM.Collect$$libinit$$00000000) refers (Special) to libinit2.o(.ARM.Collect$$libinit$$0000000C) for __rt_lib_init_user_alloc_1
    cmpret.o(.text) refers (Special) to usenofp.o(x$fpl$usenofp) for __I$use$fp
    dnan2.o(.text) refers (Special) to usenofp.o(x$fpl$usenofp) for __I$use$fp
    dnan2.o(.text) refers to retnan.o(.text) for __fpl_return_NaN
    libspace.o(.text) refers to libspace.o(.bss) for __libspace_start
    rtexit.o(.ARM.Collect$$rtexit$$00000000) refers (Special) to rtexit2.o(.ARM.Collect$$rtexit$$00000004) for __rt_exit_exit
    rtexit.o(.ARM.Collect$$rtexit$$00000000) refers (Special) to rtexit2.o(.ARM.Collect$$rtexit$$00000003) for __rt_exit_ls
    rtexit.o(.ARM.Collect$$rtexit$$00000000) refers (Special) to rtexit2.o(.ARM.Collect$$rtexit$$00000002) for __rt_exit_prels_1
    rtexit.o(.ARM.exidx) refers (Special) to rtexit2.o(.ARM.Collect$$rtexit$$00000004) for __rt_exit_exit
    rtexit.o(.ARM.exidx) refers (Special) to rtexit2.o(.ARM.Collect$$rtexit$$00000003) for __rt_exit_ls
    rtexit.o(.ARM.exidx) refers (Special) to rtexit2.o(.ARM.Collect$$rtexit$$00000002) for __rt_exit_prels_1
    rtexit.o(.ARM.exidx) refers to rtexit.o(.ARM.Collect$$rtexit$$00000000) for .ARM.Collect$$rtexit$$00000000
    rt_raise.o(.text) refers to __raise.o(.text) for __raise
    rt_raise.o(.text) refers to sys_exit.o(.text) for _sys_exit
    defsig_exit.o(.text) refers to sys_exit.o(.text) for _sys_exit
    defsig_fpe_inner.o(.text) refers to defsig_general.o(.text) for __default_signal_display
    libinit2.o(.ARM.Collect$$libinit$$00000010) refers to libinit2.o(.ARM.Collect$$libinit$$0000000F) for .ARM.Collect$$libinit$$0000000F
    libinit2.o(.ARM.Collect$$libinit$$00000012) refers to libinit2.o(.ARM.Collect$$libinit$$0000000F) for .ARM.Collect$$libinit$$0000000F
    libinit2.o(.ARM.Collect$$libinit$$00000014) refers to libinit2.o(.ARM.Collect$$libinit$$0000000F) for .ARM.Collect$$libinit$$0000000F
    libinit2.o(.ARM.Collect$$libinit$$00000016) refers to libinit2.o(.ARM.Collect$$libinit$$0000000F) for .ARM.Collect$$libinit$$0000000F
    libinit2.o(.ARM.Collect$$libinit$$00000018) refers to libinit2.o(.ARM.Collect$$libinit$$0000000F) for .ARM.Collect$$libinit$$0000000F
    libinit2.o(.ARM.Collect$$libinit$$00000026) refers to argv_veneer.o(.text) for __ARM_argv_veneer
    libinit2.o(.ARM.Collect$$libinit$$00000027) refers to argv_veneer.o(.text) for __ARM_argv_veneer
    retnan.o(.text) refers (Special) to usenofp.o(x$fpl$usenofp) for __I$use$fp
    retnan.o(.text) refers to cmpret.o(.text) for __fpl_cmpreturn
    sys_exit.o(.text) refers (Special) to use_no_semi.o(.text) for __I$use$semihosting
    sys_exit.o(.text) refers (Special) to indicate_semi.o(.text) for __semihosting_library_function
    sys_exit_hlt.o(.text) refers (Special) to use_no_semi.o(.text) for __I$use$semihosting
    sys_exit_hlt.o(.text) refers (Special) to indicate_semi.o(.text) for __semihosting_library_function
    rtexit2.o(.ARM.Collect$$rtexit$$00000003) refers to libshutdown.o(.ARM.Collect$$libshutdown$$00000000) for __rt_lib_shutdown
    rtexit2.o(.ARM.Collect$$rtexit$$00000004) refers to sys_exit.o(.text) for _sys_exit
    rtexit2.o(.ARM.exidx) refers to rtexit2.o(.ARM.Collect$$rtexit$$00000001) for .ARM.Collect$$rtexit$$00000001
    rtexit2.o(.ARM.exidx) refers to rtexit2.o(.ARM.Collect$$rtexit$$00000003) for .ARM.Collect$$rtexit$$00000003
    rtexit2.o(.ARM.exidx) refers to rtexit2.o(.ARM.Collect$$rtexit$$00000004) for .ARM.Collect$$rtexit$$00000004
    __raise.o(.text) refers to defsig.o(CL$$defsig) for __default_signal_handler
    defsig_general.o(.text) refers to sys_wrch.o(.text) for _ttywrch
    sys_wrch.o(.text) refers (Special) to use_no_semi.o(.text) for __I$use$semihosting
    sys_wrch.o(.text) refers (Special) to indicate_semi.o(.text) for __semihosting_library_function
    sys_wrch_hlt.o(.text) refers (Special) to use_no_semi.o(.text) for __I$use$semihosting
    sys_wrch_hlt.o(.text) refers (Special) to indicate_semi.o(.text) for __semihosting_library_function
    defsig.o(CL$$defsig) refers to defsig_fpe_inner.o(.text) for __rt_SIGFPE_inner
    defsig.o(CL$$defsig) refers to defsig_rtmem_inner.o(.text) for __rt_SIGRTMEM_inner
    _get_argv_nomalloc.o(.text) refers (Special) to hrguard.o(.text) for __heap_region$guard
    _get_argv_nomalloc.o(.text) refers to defsig_rtmem_outer.o(.text) for __rt_SIGRTMEM
    _get_argv_nomalloc.o(.text) refers to sys_command.o(.text) for _sys_command_string
    libshutdown.o(.ARM.Collect$$libshutdown$$00000000) refers (Special) to libshutdown2.o(.ARM.Collect$$libshutdown$$00000002) for __rt_lib_shutdown_cpp_1
    libshutdown.o(.ARM.Collect$$libshutdown$$00000000) refers (Special) to libshutdown2.o(.ARM.Collect$$libshutdown$$00000007) for __rt_lib_shutdown_fp_trap_1
    libshutdown.o(.ARM.Collect$$libshutdown$$00000000) refers (Special) to libshutdown2.o(.ARM.Collect$$libshutdown$$0000000F) for __rt_lib_shutdown_heap_1
    libshutdown.o(.ARM.Collect$$libshutdown$$00000000) refers (Special) to libshutdown2.o(.ARM.Collect$$libshutdown$$00000010) for __rt_lib_shutdown_return
    libshutdown.o(.ARM.Collect$$libshutdown$$00000000) refers (Special) to libshutdown2.o(.ARM.Collect$$libshutdown$$0000000A) for __rt_lib_shutdown_signal_1
    libshutdown.o(.ARM.Collect$$libshutdown$$00000000) refers (Special) to libshutdown2.o(.ARM.Collect$$libshutdown$$00000004) for __rt_lib_shutdown_stdio_1
    libshutdown.o(.ARM.Collect$$libshutdown$$00000000) refers (Special) to libshutdown2.o(.ARM.Collect$$libshutdown$$0000000C) for __rt_lib_shutdown_user_alloc_1
    sys_command.o(.text) refers (Special) to use_no_semi.o(.text) for __I$use$semihosting
    sys_command.o(.text) refers (Special) to indicate_semi.o(.text) for __semihosting_library_function
    sys_command_hlt.o(.text) refers (Special) to use_no_semi.o(.text) for __I$use$semihosting
    sys_command_hlt.o(.text) refers (Special) to indicate_semi.o(.text) for __semihosting_library_function
    defsig_abrt_inner.o(.text) refers to defsig_general.o(.text) for __default_signal_display
    defsig_rtred_inner.o(.text) refers to defsig_general.o(.text) for __default_signal_display
    defsig_rtmem_inner.o(.text) refers to defsig_general.o(.text) for __default_signal_display
    defsig_rtmem_outer.o(.text) refers to defsig_rtmem_inner.o(.text) for __rt_SIGRTMEM_inner
    defsig_rtmem_outer.o(.text) refers to defsig_exit.o(.text) for __sig_exit
    defsig_rtmem_formal.o(.text) refers to rt_raise.o(.text) for __rt_raise
    defsig_stak_inner.o(.text) refers to defsig_general.o(.text) for __default_signal_display
    defsig_pvfn_inner.o(.text) refers to defsig_general.o(.text) for __default_signal_display
    defsig_cppl_inner.o(.text) refers to defsig_general.o(.text) for __default_signal_display
    defsig_segv_inner.o(.text) refers to defsig_general.o(.text) for __default_signal_display
    defsig_other.o(.text) refers to defsig_general.o(.text) for __default_signal_display


==============================================================================

Removing Unused input sections from the image.

    Removing main.o(.text), (0 bytes).
    Removing main.o(.ARM.exidx.text.main), (8 bytes).
    Removing main.o(.ARM.use_no_argv), (4 bytes).
    Removing motoare.o(.text), (0 bytes).
    Removing motoare.o(.ARM.exidx.text.TPM0_IRQHandler), (8 bytes).
    Removing motoare.o(.text.SetareViteza), (100 bytes).
    Removing motoare.o(.ARM.exidx.text.SetareViteza), (8 bytes).
    Removing motoare.o(.ARM.exidx.text.InitializarePiniParteMecanica), (8 bytes).
    Removing motoare.o(.text.SetareSens), (36 bytes).
    Removing motoare.o(.ARM.exidx.text.SetareSens), (8 bytes).
    Removing motoare.o(.ARM.exidx.text.SetareUnghi), (8 bytes).
    Removing motoare.o(.bss.semnal), (8 bytes).
    Removing motoare.o(.data.sens), (1 bytes).
    Removing motoare.o(.bss.vitezaSemnal), (8 bytes).
    Removing portssetup.o(.text), (0 bytes).
    Removing portssetup.o(.ARM.exidx.text.SIMSetup), (8 bytes).
    Removing camera.o(.text), (0 bytes).
    Removing camera.o(.text.debugLineScanCamera), (2 bytes).
    Removing camera.o(.ARM.exidx.text.debugLineScanCamera), (8 bytes).
    Removing camera.o(.ARM.exidx.text.ADC0_IRQHandler), (8 bytes).
    Removing camera.o(.ARM.exidx.text.PIT_IRQHandler), (8 bytes).
    Removing camera.o(.ARM.exidx.text.startCamera), (8 bytes).
    Removing camera.o(.ARM.exidx.text.initializarePIT), (8 bytes).
    Removing camera.o(.ARM.exidx.text.initializareCamera), (8 bytes).
    Removing camera.o(.text.calibrareADC), (140 bytes).
    Removing camera.o(.ARM.exidx.text.calibrareADC), (8 bytes).
    Removing sistemdecizional.o(.text), (0 bytes).
    Removing sistemdecizional.o(.ARM.exidx.text.decideDirectiaDrumSimplu), (8 bytes).
    Removing sistemdecizional.o(.text.decideVitezaDrumSimplu), (104 bytes).
    Removing sistemdecizional.o(.ARM.exidx.text.decideVitezaDrumSimplu), (8 bytes).
    Removing uart.o(.text), (0 bytes).
    Removing uart.o(.ARM.exidx.text.UartInit), (8 bytes).
    Removing uart.o(.ARM.exidx.text.trimiteDate), (8 bytes).
    Removing uart.o(.text.primesteDate), (16 bytes).
    Removing uart.o(.ARM.exidx.text.primesteDate), (8 bytes).
    Removing pid.o(.text), (0 bytes).
    Removing pid.o(.ARM.exidx.text.initializarePID), (8 bytes).
    Removing pid.o(.text.getNextPid), (88 bytes).
    Removing pid.o(.ARM.exidx.text.getNextPid), (8 bytes).
    Removing senzoridistanta.o(.text), (0 bytes).
    Removing retarget_io.o(.text), (0 bytes).
    Removing retarget_io.o(.text._sys_open), (88 bytes).
    Removing retarget_io.o(.ARM.exidx.text._sys_open), (8 bytes).
    Removing retarget_io.o(.text._sys_close), (20 bytes).
    Removing retarget_io.o(.ARM.exidx.text._sys_close), (8 bytes).
    Removing retarget_io.o(.text._sys_write), (52 bytes).
    Removing retarget_io.o(.ARM.exidx.text._sys_write), (8 bytes).
    Removing retarget_io.o(.text._sys_read), (28 bytes).
    Removing retarget_io.o(.ARM.exidx.text._sys_read), (8 bytes).
    Removing retarget_io.o(.text._sys_istty), (20 bytes).
    Removing retarget_io.o(.ARM.exidx.text._sys_istty), (8 bytes).
    Removing retarget_io.o(.text._sys_seek), (6 bytes).
    Removing retarget_io.o(.ARM.exidx.text._sys_seek), (8 bytes).
    Removing retarget_io.o(.text._sys_flen), (4 bytes).
    Removing retarget_io.o(.ARM.exidx.text._sys_flen), (8 bytes).
    Removing retarget_io.o(.rodata.__stdin_name), (7 bytes).
    Removing retarget_io.o(.rodata.__stdout_name), (8 bytes).
    Removing retarget_io.o(.rodata.__stderr_name), (8 bytes).
    Removing system_mkl25z4.o(.text), (0 bytes).
    Removing system_mkl25z4.o(.ARM.exidx.text.SystemInit), (8 bytes).
    Removing system_mkl25z4.o(.text.SystemCoreClockUpdate), (272 bytes).
    Removing system_mkl25z4.o(.ARM.exidx.text.SystemCoreClockUpdate), (8 bytes).
    Removing system_mkl25z4.o(.data.SystemCoreClock), (4 bytes).

63 unused section(s) (total 1264 bytes) removed from the image.

==============================================================================

Image Symbol Table

    Local Symbols

    Symbol Name                              Value     Ov Type        Size  Object(Section)

    ../clib/angel/boardlib.s                 0x00000000   Number         0  boardinit1.o ABSOLUTE
    ../clib/angel/boardlib.s                 0x00000000   Number         0  boardinit2.o ABSOLUTE
    ../clib/angel/boardlib.s                 0x00000000   Number         0  boardinit3.o ABSOLUTE
    ../clib/angel/boardlib.s                 0x00000000   Number         0  boardshut.o ABSOLUTE
    ../clib/angel/handlers.s                 0x00000000   Number         0  __scatter_copy.o ABSOLUTE
    ../clib/angel/handlers.s                 0x00000000   Number         0  __scatter_zi.o ABSOLUTE
    ../clib/angel/kernel.s                   0x00000000   Number         0  __rtentry.o ABSOLUTE
    ../clib/angel/kernel.s                   0x00000000   Number         0  __rtentry2.o ABSOLUTE
    ../clib/angel/kernel.s                   0x00000000   Number         0  __rtentry4.o ABSOLUTE
    ../clib/angel/kernel.s                   0x00000000   Number         0  rtexit.o ABSOLUTE
    ../clib/angel/kernel.s                   0x00000000   Number         0  rtexit2.o ABSOLUTE
    ../clib/angel/rt.s                       0x00000000   Number         0  aeabi_idiv0.o ABSOLUTE
    ../clib/angel/rt.s                       0x00000000   Number         0  aeabi_idiv0_sigfpe.o ABSOLUTE
    ../clib/angel/rt.s                       0x00000000   Number         0  rt_div0.o ABSOLUTE
    ../clib/angel/rt.s                       0x00000000   Number         0  rt_raise.o ABSOLUTE
    ../clib/angel/scatterp.s                 0x00000000   Number         0  __scatter.o ABSOLUTE
    ../clib/angel/startup.s                  0x00000000   Number         0  __main.o ABSOLUTE
    ../clib/angel/sys.s                      0x00000000   Number         0  sys_stackheap_outer.o ABSOLUTE
    ../clib/angel/sys.s                      0x00000000   Number         0  libspace.o ABSOLUTE
    ../clib/angel/sys.s                      0x00000000   Number         0  tempstk.o ABSOLUTE
    ../clib/angel/sys.s                      0x00000000   Number         0  use_no_semi.o ABSOLUTE
    ../clib/angel/sys.s                      0x00000000   Number         0  indicate_semi.o ABSOLUTE
    ../clib/angel/sysapp.c                   0x00000000   Number         0  sys_exit.o ABSOLUTE
    ../clib/angel/sysapp.c                   0x00000000   Number         0  sys_exit_hlt.o ABSOLUTE
    ../clib/angel/sysapp.c                   0x00000000   Number         0  sys_wrch.o ABSOLUTE
    ../clib/angel/sysapp.c                   0x00000000   Number         0  sys_wrch_hlt.o ABSOLUTE
    ../clib/angel/sysapp.c                   0x00000000   Number         0  sys_command.o ABSOLUTE
    ../clib/angel/sysapp.c                   0x00000000   Number         0  sys_command_hlt.o ABSOLUTE
    ../clib/armsys.c                         0x00000000   Number         0  argv_veneer.o ABSOLUTE
    ../clib/armsys.c                         0x00000000   Number         0  _get_argv_nomalloc.o ABSOLUTE
    ../clib/armsys.c                         0x00000000   Number         0  no_argv.o ABSOLUTE
    ../clib/division.s                       0x00000000   Number         0  aeabi_sdivfast.o ABSOLUTE
    ../clib/division.s                       0x00000000   Number         0  aeabi_sdivfast_div0.o ABSOLUTE
    ../clib/heapalloc.c                      0x00000000   Number         0  hrguard.o ABSOLUTE
    ../clib/heapaux.c                        0x00000000   Number         0  heapauxi.o ABSOLUTE
    ../clib/libinit.s                        0x00000000   Number         0  libinit.o ABSOLUTE
    ../clib/libinit.s                        0x00000000   Number         0  libinit2.o ABSOLUTE
    ../clib/libinit.s                        0x00000000   Number         0  libshutdown.o ABSOLUTE
    ../clib/libinit.s                        0x00000000   Number         0  libshutdown2.o ABSOLUTE
    ../clib/memcpset.s                       0x00000000   Number         0  strcmpv6m.o ABSOLUTE
    ../clib/signal.c                         0x00000000   Number         0  defsig_fpe_outer.o ABSOLUTE
    ../clib/signal.c                         0x00000000   Number         0  defsig_fpe_formal.o ABSOLUTE
    ../clib/signal.c                         0x00000000   Number         0  defsig_exit.o ABSOLUTE
    ../clib/signal.c                         0x00000000   Number         0  defsig_fpe_inner.o ABSOLUTE
    ../clib/signal.c                         0x00000000   Number         0  __raise.o ABSOLUTE
    ../clib/signal.c                         0x00000000   Number         0  defsig_general.o ABSOLUTE
    ../clib/signal.c                         0x00000000   Number         0  defsig_abrt_inner.o ABSOLUTE
    ../clib/signal.c                         0x00000000   Number         0  defsig_rtred_inner.o ABSOLUTE
    ../clib/signal.c                         0x00000000   Number         0  defsig_rtmem_inner.o ABSOLUTE
    ../clib/signal.c                         0x00000000   Number         0  defsig_rtmem_outer.o ABSOLUTE
    ../clib/signal.c                         0x00000000   Number         0  defsig_rtmem_formal.o ABSOLUTE
    ../clib/signal.c                         0x00000000   Number         0  defsig_stak_inner.o ABSOLUTE
    ../clib/signal.c                         0x00000000   Number         0  defsig_pvfn_inner.o ABSOLUTE
    ../clib/signal.c                         0x00000000   Number         0  defsig_cppl_inner.o ABSOLUTE
    ../clib/signal.c                         0x00000000   Number         0  defsig_segv_inner.o ABSOLUTE
    ../clib/signal.c                         0x00000000   Number         0  defsig_other.o ABSOLUTE
    ../clib/signal.s                         0x00000000   Number         0  defsig.o ABSOLUTE
    ../clib/stdlib.c                         0x00000000   Number         0  exit.o ABSOLUTE
    ../fplib/cfplib/cmp.c                    0x00000000   Number         0  dcmp.o ABSOLUTE
    ../fplib/cfplib/cmpret.c                 0x00000000   Number         0  cmpret.o ABSOLUTE
    ../fplib/cfplib/daddsub.c                0x00000000   Number         0  daddsub.o ABSOLUTE
    ../fplib/cfplib/dcmpin.c                 0x00000000   Number         0  dcmpin.o ABSOLUTE
    ../fplib/cfplib/ddiv.c                   0x00000000   Number         0  ddiv.o ABSOLUTE
    ../fplib/cfplib/dmul.c                   0x00000000   Number         0  dmul.o ABSOLUTE
    ../fplib/cfplib/ffix.c                   0x00000000   Number         0  dfixi.o ABSOLUTE
    ../fplib/cfplib/ffix.c                   0x00000000   Number         0  dfixui.o ABSOLUTE
    ../fplib/cfplib/fflt.c                   0x00000000   Number         0  dflti.o ABSOLUTE
    ../fplib/cfplib/fpinit.c                 0x00000000   Number         0  fpinit.o ABSOLUTE
    ../fplib/cfplib/nan2.c                   0x00000000   Number         0  dnan2.o ABSOLUTE
    ../fplib/cfplib/retnan.c                 0x00000000   Number         0  retnan.o ABSOLUTE
    ../fplib/deqf6m.s                        0x00000000   Number         0  deqf.o ABSOLUTE
    ../fplib/dgeqf6m.s                       0x00000000   Number         0  dgef.o ABSOLUTE
    ../fplib/dleqf6m.s                       0x00000000   Number         0  dlef.o ABSOLUTE
    ../fplib/usenofp.s                       0x00000000   Number         0  usenofp.o ABSOLUTE
    Camera.c                                 0x00000000   Number         0  camera.o ABSOLUTE
    Main.c                                   0x00000000   Number         0  main.o ABSOLUTE
    Motoare.c                                0x00000000   Number         0  motoare.o ABSOLUTE
    PID.c                                    0x00000000   Number         0  pid.o ABSOLUTE
    PortsSetup.c                             0x00000000   Number         0  portssetup.o ABSOLUTE
    RTE/Device/MKL25Z128xxx4/startup_MKL25Z4.s 0x00000000   Number         0  startup_mkl25z4.o ABSOLUTE
    SenzoriDistanta.c                        0x00000000   Number         0  senzoridistanta.o ABSOLUTE
    SistemDecizional.c                       0x00000000   Number         0  sistemdecizional.o ABSOLUTE
    Uart.c                                   0x00000000   Number         0  uart.o ABSOLUTE
    dc.s                                     0x00000000   Number         0  dc.o ABSOLUTE
    retarget_io.c                            0x00000000   Number         0  retarget_io.o ABSOLUTE
    system_MKL25Z4.c                         0x00000000   Number         0  system_mkl25z4.o ABSOLUTE
    RESET                                    0x00000000   Section      192  startup_mkl25z4.o(RESET)
    !!!main                                  0x000000c0   Section        8  __main.o(!!!main)
    !!!scatter                               0x000000c8   Section       60  __scatter.o(!!!scatter)
    !!handler_copy                           0x00000104   Section       26  __scatter_copy.o(!!handler_copy)
    !!handler_zi                             0x00000120   Section       28  __scatter_zi.o(!!handler_zi)
    .ARM.Collect$$libinit$$00000000          0x0000013c   Section        2  libinit.o(.ARM.Collect$$libinit$$00000000)
    .ARM.Collect$$libinit$$00000002          0x0000013e   Section        0  libinit2.o(.ARM.Collect$$libinit$$00000002)
    .ARM.Collect$$libinit$$00000004          0x0000013e   Section        0  libinit2.o(.ARM.Collect$$libinit$$00000004)
    .ARM.Collect$$libinit$$0000000A          0x0000013e   Section        0  libinit2.o(.ARM.Collect$$libinit$$0000000A)
    .ARM.Collect$$libinit$$0000000C          0x0000013e   Section        0  libinit2.o(.ARM.Collect$$libinit$$0000000C)
    .ARM.Collect$$libinit$$0000000E          0x0000013e   Section        0  libinit2.o(.ARM.Collect$$libinit$$0000000E)
    .ARM.Collect$$libinit$$00000011          0x0000013e   Section        0  libinit2.o(.ARM.Collect$$libinit$$00000011)
    .ARM.Collect$$libinit$$00000013          0x0000013e   Section        0  libinit2.o(.ARM.Collect$$libinit$$00000013)
    .ARM.Collect$$libinit$$00000015          0x0000013e   Section        0  libinit2.o(.ARM.Collect$$libinit$$00000015)
    .ARM.Collect$$libinit$$00000017          0x0000013e   Section        0  libinit2.o(.ARM.Collect$$libinit$$00000017)
    .ARM.Collect$$libinit$$00000019          0x0000013e   Section        0  libinit2.o(.ARM.Collect$$libinit$$00000019)
    .ARM.Collect$$libinit$$0000001B          0x0000013e   Section        0  libinit2.o(.ARM.Collect$$libinit$$0000001B)
    .ARM.Collect$$libinit$$0000001D          0x0000013e   Section        0  libinit2.o(.ARM.Collect$$libinit$$0000001D)
    .ARM.Collect$$libinit$$0000001F          0x0000013e   Section        0  libinit2.o(.ARM.Collect$$libinit$$0000001F)
    .ARM.Collect$$libinit$$00000021          0x0000013e   Section        0  libinit2.o(.ARM.Collect$$libinit$$00000021)
    .ARM.Collect$$libinit$$00000023          0x0000013e   Section        0  libinit2.o(.ARM.Collect$$libinit$$00000023)
    .ARM.Collect$$libinit$$00000025          0x0000013e   Section        0  libinit2.o(.ARM.Collect$$libinit$$00000025)
    .ARM.Collect$$libinit$$0000002C          0x0000013e   Section        0  libinit2.o(.ARM.Collect$$libinit$$0000002C)
    .ARM.Collect$$libinit$$0000002E          0x0000013e   Section        0  libinit2.o(.ARM.Collect$$libinit$$0000002E)
    .ARM.Collect$$libinit$$00000030          0x0000013e   Section        0  libinit2.o(.ARM.Collect$$libinit$$00000030)
    .ARM.Collect$$libinit$$00000032          0x0000013e   Section        0  libinit2.o(.ARM.Collect$$libinit$$00000032)
    .ARM.Collect$$libinit$$00000033          0x0000013e   Section        2  libinit2.o(.ARM.Collect$$libinit$$00000033)
    .ARM.Collect$$libshutdown$$00000000      0x00000140   Section        2  libshutdown.o(.ARM.Collect$$libshutdown$$00000000)
    .ARM.Collect$$libshutdown$$00000002      0x00000142   Section        0  libshutdown2.o(.ARM.Collect$$libshutdown$$00000002)
    .ARM.Collect$$libshutdown$$00000004      0x00000142   Section        0  libshutdown2.o(.ARM.Collect$$libshutdown$$00000004)
    .ARM.Collect$$libshutdown$$00000007      0x00000142   Section        0  libshutdown2.o(.ARM.Collect$$libshutdown$$00000007)
    .ARM.Collect$$libshutdown$$0000000A      0x00000142   Section        0  libshutdown2.o(.ARM.Collect$$libshutdown$$0000000A)
    .ARM.Collect$$libshutdown$$0000000C      0x00000142   Section        0  libshutdown2.o(.ARM.Collect$$libshutdown$$0000000C)
    .ARM.Collect$$libshutdown$$0000000F      0x00000142   Section        0  libshutdown2.o(.ARM.Collect$$libshutdown$$0000000F)
    .ARM.Collect$$libshutdown$$00000010      0x00000142   Section        2  libshutdown2.o(.ARM.Collect$$libshutdown$$00000010)
    .ARM.Collect$$rtentry$$00000000          0x00000144   Section        0  __rtentry.o(.ARM.Collect$$rtentry$$00000000)
    .ARM.Collect$$rtentry$$00000002          0x00000144   Section        0  __rtentry2.o(.ARM.Collect$$rtentry$$00000002)
    .ARM.Collect$$rtentry$$00000004          0x00000144   Section        6  __rtentry4.o(.ARM.Collect$$rtentry$$00000004)
    .ARM.Collect$$rtentry$$00000009          0x0000014a   Section        0  __rtentry2.o(.ARM.Collect$$rtentry$$00000009)
    .ARM.Collect$$rtentry$$0000000A          0x0000014a   Section        4  __rtentry2.o(.ARM.Collect$$rtentry$$0000000A)
    .ARM.Collect$$rtentry$$0000000C          0x0000014e   Section        0  __rtentry2.o(.ARM.Collect$$rtentry$$0000000C)
    .ARM.Collect$$rtentry$$0000000D          0x0000014e   Section        8  __rtentry2.o(.ARM.Collect$$rtentry$$0000000D)
    .ARM.Collect$$rtexit$$00000000           0x00000156   Section        2  rtexit.o(.ARM.Collect$$rtexit$$00000000)
    .ARM.Collect$$rtexit$$00000002           0x00000158   Section        0  rtexit2.o(.ARM.Collect$$rtexit$$00000002)
    .ARM.Collect$$rtexit$$00000003           0x00000158   Section        4  rtexit2.o(.ARM.Collect$$rtexit$$00000003)
    .ARM.Collect$$rtexit$$00000004           0x0000015c   Section        6  rtexit2.o(.ARM.Collect$$rtexit$$00000004)
    .text                                    0x00000164   Section       60  startup_mkl25z4.o(.text)
    .text                                    0x000001a0   Section        0  heapauxi.o(.text)
    .text                                    0x000001a8   Section        0  dfixi.o(.text)
    .text                                    0x00000214   Section        0  dfixui.o(.text)
    .text                                    0x0000025c   Section        0  dflti.o(.text)
    .text                                    0x000002b4   Section        0  dcmpin.o(.text)
    .text                                    0x00000354   Section       62  sys_stackheap_outer.o(.text)
    .text                                    0x00000392   Section        0  exit.o(.text)
    .text                                    0x000003a2   Section        0  cmpret.o(.text)
    .text                                    0x000003d0   Section        0  dnan2.o(.text)
    .text                                    0x000003e4   Section        8  libspace.o(.text)
    .text                                    0x000003ec   Section        0  sys_exit.o(.text)
    .text                                    0x000003f8   Section        2  use_no_semi.o(.text)
    .text                                    0x000003fa   Section        0  indicate_semi.o(.text)
    x$fpl$usenofp                            0x000003fa   Section        0  usenofp.o(x$fpl$usenofp)
    .ARM.__at_0x400                          0x00000400   Section       16  startup_mkl25z4.o(.ARM.__at_0x400)
    _dadd1                                   0x00000411   Thumb Code   290  daddsub.o(.text)
    .text                                    0x00000410   Section        0  daddsub.o(.text)
    _dsub1                                   0x00000533   Thumb Code   470  daddsub.o(.text)
    .text                                    0x00000768   Section        0  ddiv.o(.text)
    .text                                    0x00000bb0   Section        0  dmul.o(.text)
    .text                                    0x00000df8   Section        0  retnan.o(.text)
    [Anonymous Symbol]                       0x00000e58   Section        0  camera.o(.text.ADC0_IRQHandler)
    __arm_cp.1_2                             0x00000e8c   Number         4  camera.o(.text.ADC0_IRQHandler)
    [Anonymous Symbol]                       0x00000e90   Section        0  motoare.o(.text.InitializarePiniParteMecanica)
    __arm_cp.2_0                             0x00000f74   Number         4  motoare.o(.text.InitializarePiniParteMecanica)
    __arm_cp.2_1                             0x00000f78   Number         4  motoare.o(.text.InitializarePiniParteMecanica)
    __arm_cp.2_2                             0x00000f7c   Number         4  motoare.o(.text.InitializarePiniParteMecanica)
    __arm_cp.2_3                             0x00000f80   Number         4  motoare.o(.text.InitializarePiniParteMecanica)
    __arm_cp.2_4                             0x00000f84   Number         4  motoare.o(.text.InitializarePiniParteMecanica)
    __arm_cp.2_5                             0x00000f88   Number         4  motoare.o(.text.InitializarePiniParteMecanica)
    __arm_cp.2_6                             0x00000f8c   Number         4  motoare.o(.text.InitializarePiniParteMecanica)
    __arm_cp.2_8                             0x00000f90   Number         4  motoare.o(.text.InitializarePiniParteMecanica)
    __arm_cp.2_9                             0x00000f94   Number         4  motoare.o(.text.InitializarePiniParteMecanica)
    [Anonymous Symbol]                       0x00000f98   Section        0  camera.o(.text.PIT_IRQHandler)
    __arm_cp.2_0                             0x00001088   Number         4  camera.o(.text.PIT_IRQHandler)
    __arm_cp.2_1                             0x0000108c   Number         4  camera.o(.text.PIT_IRQHandler)
    __arm_cp.2_2                             0x00001090   Number         4  camera.o(.text.PIT_IRQHandler)
    __arm_cp.2_3                             0x00001094   Number         4  camera.o(.text.PIT_IRQHandler)
    __arm_cp.2_4                             0x00001098   Number         4  camera.o(.text.PIT_IRQHandler)
    __arm_cp.2_5                             0x0000109c   Number         4  camera.o(.text.PIT_IRQHandler)
    __arm_cp.2_6                             0x000010a0   Number         4  camera.o(.text.PIT_IRQHandler)
    __arm_cp.2_7                             0x000010a4   Number         4  camera.o(.text.PIT_IRQHandler)
    [Anonymous Symbol]                       0x000010a8   Section        0  portssetup.o(.text.SIMSetup)
    __arm_cp.0_0                             0x000010fc   Number         4  portssetup.o(.text.SIMSetup)
    [Anonymous Symbol]                       0x00001100   Section        0  motoare.o(.text.SetareUnghi)
    __arm_cp.4_0                             0x0000117c   Number         4  motoare.o(.text.SetareUnghi)
    __arm_cp.4_1                             0x00001180   Number         4  motoare.o(.text.SetareUnghi)
    __arm_cp.4_2                             0x00001184   Number         4  motoare.o(.text.SetareUnghi)
    __arm_cp.4_3                             0x00001188   Number         4  motoare.o(.text.SetareUnghi)
    __arm_cp.4_6                             0x0000118c   Number         4  motoare.o(.text.SetareUnghi)
    __arm_cp.4_7                             0x00001190   Number         4  motoare.o(.text.SetareUnghi)
    __arm_cp.4_8                             0x00001194   Number         4  motoare.o(.text.SetareUnghi)
    [Anonymous Symbol]                       0x00001198   Section        0  system_mkl25z4.o(.text.SystemInit)
    __arm_cp.0_0                             0x00001254   Number         4  system_mkl25z4.o(.text.SystemInit)
    __arm_cp.0_1                             0x00001258   Number         4  system_mkl25z4.o(.text.SystemInit)
    __arm_cp.0_2                             0x0000125c   Number         4  system_mkl25z4.o(.text.SystemInit)
    __arm_cp.0_3                             0x00001260   Number         4  system_mkl25z4.o(.text.SystemInit)
    __arm_cp.0_5                             0x00001264   Number         4  system_mkl25z4.o(.text.SystemInit)
    __arm_cp.0_6                             0x00001268   Number         4  system_mkl25z4.o(.text.SystemInit)
    __arm_cp.0_7                             0x0000126c   Number         4  system_mkl25z4.o(.text.SystemInit)
    __arm_cp.0_8                             0x00001270   Number         4  system_mkl25z4.o(.text.SystemInit)
    __arm_cp.0_9                             0x00001274   Number         4  system_mkl25z4.o(.text.SystemInit)
    __arm_cp.0_10                            0x00001278   Number         4  system_mkl25z4.o(.text.SystemInit)
    [Anonymous Symbol]                       0x0000127c   Section        0  motoare.o(.text.TPM0_IRQHandler)
    __arm_cp.0_1                             0x000013b0   Number         4  motoare.o(.text.TPM0_IRQHandler)
    __arm_cp.0_2                             0x000013b4   Number         4  motoare.o(.text.TPM0_IRQHandler)
    __arm_cp.0_3                             0x000013b8   Number         4  motoare.o(.text.TPM0_IRQHandler)
    __arm_cp.0_4                             0x000013bc   Number         4  motoare.o(.text.TPM0_IRQHandler)
    __arm_cp.0_5                             0x000013c0   Number         4  motoare.o(.text.TPM0_IRQHandler)
    __arm_cp.0_6                             0x000013c4   Number         4  motoare.o(.text.TPM0_IRQHandler)
    __arm_cp.0_7                             0x000013c8   Number         4  motoare.o(.text.TPM0_IRQHandler)
    __arm_cp.0_8                             0x000013cc   Number         4  motoare.o(.text.TPM0_IRQHandler)
    __arm_cp.0_9                             0x000013d0   Number         4  motoare.o(.text.TPM0_IRQHandler)
    __arm_cp.0_10                            0x000013d4   Number         4  motoare.o(.text.TPM0_IRQHandler)
    __arm_cp.0_11                            0x000013d8   Number         4  motoare.o(.text.TPM0_IRQHandler)
    __arm_cp.0_13                            0x000013dc   Number         4  motoare.o(.text.TPM0_IRQHandler)
    __arm_cp.0_14                            0x000013e0   Number         4  motoare.o(.text.TPM0_IRQHandler)
    __arm_cp.0_15                            0x000013e4   Number         4  motoare.o(.text.TPM0_IRQHandler)
    [Anonymous Symbol]                       0x000013e8   Section        0  uart.o(.text.UartInit)
    __arm_cp.0_0                             0x00001470   Number         4  uart.o(.text.UartInit)
    __arm_cp.0_1                             0x00001474   Number         4  uart.o(.text.UartInit)
    __arm_cp.0_2                             0x00001478   Number         4  uart.o(.text.UartInit)
    __arm_cp.0_3                             0x0000147c   Number         4  uart.o(.text.UartInit)
    __arm_cp.0_4                             0x00001480   Number         4  uart.o(.text.UartInit)
    __arm_cp.0_5                             0x00001484   Number         4  uart.o(.text.UartInit)
    __arm_cp.0_6                             0x00001488   Number         4  uart.o(.text.UartInit)
    [Anonymous Symbol]                       0x0000148c   Section        0  sistemdecizional.o(.text.decideDirectiaDrumSimplu)
    __arm_cp.0_0                             0x000014f4   Number         4  sistemdecizional.o(.text.decideDirectiaDrumSimplu)
    __arm_cp.0_1                             0x000014f8   Number         4  sistemdecizional.o(.text.decideDirectiaDrumSimplu)
    [Anonymous Symbol]                       0x000014fc   Section        0  camera.o(.text.initializareCamera)
    __arm_cp.5_0                             0x000015f4   Number         4  camera.o(.text.initializareCamera)
    __arm_cp.5_1                             0x000015f8   Number         4  camera.o(.text.initializareCamera)
    __arm_cp.5_2                             0x000015fc   Number         4  camera.o(.text.initializareCamera)
    __arm_cp.5_3                             0x00001600   Number         4  camera.o(.text.initializareCamera)
    __arm_cp.5_4                             0x00001604   Number         4  camera.o(.text.initializareCamera)
    __arm_cp.5_5                             0x00001608   Number         4  camera.o(.text.initializareCamera)
    [Anonymous Symbol]                       0x0000160c   Section        0  pid.o(.text.initializarePID)
    __arm_cp.0_0                             0x000016a8   Number         4  pid.o(.text.initializarePID)
    [Anonymous Symbol]                       0x000016ac   Section        0  camera.o(.text.initializarePIT)
    __arm_cp.4_1                             0x000016e8   Number         4  camera.o(.text.initializarePIT)
    __arm_cp.4_3                             0x000016ec   Number         4  camera.o(.text.initializarePIT)
    __arm_cp.4_4                             0x000016f0   Number         4  camera.o(.text.initializarePIT)
    __arm_cp.4_5                             0x000016f4   Number         4  camera.o(.text.initializarePIT)
    [Anonymous Symbol]                       0x000016f8   Section        0  main.o(.text.main)
    __arm_cp.0_0                             0x000017a4   Number         4  main.o(.text.main)
    __arm_cp.0_1                             0x000017a8   Number         4  main.o(.text.main)
    __arm_cp.0_2                             0x000017ac   Number         4  main.o(.text.main)
    __arm_cp.0_3                             0x000017b0   Number         4  main.o(.text.main)
    __arm_cp.0_4                             0x000017b4   Number         4  main.o(.text.main)
    __arm_cp.0_5                             0x000017b8   Number         4  main.o(.text.main)
    __arm_cp.0_6                             0x000017bc   Number         4  main.o(.text.main)
    __arm_cp.0_7                             0x000017c0   Number         4  main.o(.text.main)
    __arm_cp.0_8                             0x000017c4   Number         4  main.o(.text.main)
    __arm_cp.0_9                             0x000017c8   Number         4  main.o(.text.main)
    __arm_cp.0_10                            0x000017cc   Number         4  main.o(.text.main)
    [Anonymous Symbol]                       0x000017d0   Section        0  camera.o(.text.startCamera)
    __arm_cp.3_0                             0x000017f4   Number         4  camera.o(.text.startCamera)
    __arm_cp.3_1                             0x000017f8   Number         4  camera.o(.text.startCamera)
    __arm_cp.3_2                             0x000017fc   Number         4  camera.o(.text.startCamera)
    __arm_cp.3_3                             0x00001800   Number         4  camera.o(.text.startCamera)
    __arm_cp.3_4                             0x00001804   Number         4  camera.o(.text.startCamera)
    [Anonymous Symbol]                       0x00001808   Section        0  uart.o(.text.trimiteDate)
    __arm_cp.1_0                             0x00001818   Number         4  uart.o(.text.trimiteDate)
    .text_divfast                            0x0000181c   Section      502  aeabi_sdivfast.o(.text_divfast)
    i._deq                                   0x00001a12   Section        0  dcmp.o(i._deq)
    i._dgr                                   0x00001a28   Section        0  dcmp.o(i._dgr)
    i._dleq                                  0x00001a3e   Section        0  dcmp.o(i._dleq)
    i._dls                                   0x00001a58   Section        0  dcmp.o(i._dls)
    x$fpl$deqf                               0x00001a70   Section      100  deqf.o(x$fpl$deqf)
    x$fpl$dgeqf                              0x00001ad4   Section      100  dgef.o(x$fpl$dgeqf)
    x$fpl$dleqf                              0x00001b38   Section      100  dlef.o(x$fpl$dleqf)
    ddiv_reciptbl                            0x00001b9c   Data         128  ddiv.o(.constdata)
    .constdata                               0x00001b9c   Section      128  ddiv.o(.constdata)
    [Anonymous Symbol]                       0x1ffff000   Section        0  camera.o(.data..L_MergedGlobals)
    linieStatus                              0x1ffff001   Data           1  camera.o(.data..L_MergedGlobals)
    stare                                    0x1ffff008   Data           1  main.o(.data.stare)
    [Anonymous Symbol]                       0x1ffff008   Section        0  main.o(.data.stare)
    .bss                                     0x1ffff010   Section       96  libspace.o(.bss)
    [Anonymous Symbol]                       0x1ffff070   Section        0  motoare.o(.bss..L_MergedGlobals)
    [Anonymous Symbol]                       0x1ffff088   Section        0  uart.o(.bss..L_MergedGlobals)
    min                                      0x1ffff08c   Data           1  camera.o(.bss..L_MergedGlobals.1)
    [Anonymous Symbol]                       0x1ffff08c   Section        0  camera.o(.bss..L_MergedGlobals.1)
    max                                      0x1ffff08d   Data           1  camera.o(.bss..L_MergedGlobals.1)
    clockCycles                              0x1ffff090   Data           4  camera.o(.bss..L_MergedGlobals.1)
    cameraState                              0x1ffff094   Data           4  camera.o(.bss..L_MergedGlobals.1)
    tempPixels                               0x1ffff0c8   Data         128  camera.o(.bss.tempPixels)
    [Anonymous Symbol]                       0x1ffff0c8   Section        0  camera.o(.bss.tempPixels)
    Heap_Mem                                 0x1ffff150   Data           0  startup_mkl25z4.o(HEAP)
    Stack_Mem                                0x1ffff150   Data         256  startup_mkl25z4.o(STACK)
    HEAP                                     0x1ffff150   Section        0  startup_mkl25z4.o(HEAP)
    STACK                                    0x1ffff150   Section      256  startup_mkl25z4.o(STACK)
    __initial_sp                             0x1ffff250   Data           0  startup_mkl25z4.o(STACK)

    Global Symbols

    Symbol Name                              Value     Ov Type        Size  Object(Section)

    BuildAttributes$$THM_ISAv3M$S$PE$A:L22$X:L11$S22$IEEE1$IW$~IW$USESV6$~STKCKD$USESV7$~SHL$OTIME$ROPI$EBA8$UX$STANDARDLIB$REQ8$PRES8$EABIv2 0x00000000   Number         0  anon$$obj.o ABSOLUTE
    __Vectors                                0x00000000   Data           4  startup_mkl25z4.o(RESET)
    __ARM_exceptions_init                     - Undefined Weak Reference
    __alloca_initialize                       - Undefined Weak Reference
    __arm_preinit_                            - Undefined Weak Reference
    __cpp_initialize__aeabi_                  - Undefined Weak Reference
    __cxa_finalize                            - Undefined Weak Reference
    __rt_locale                               - Undefined Weak Reference
    __sigvec_lookup                           - Undefined Weak Reference
    _atexit_init                              - Undefined Weak Reference
    _call_atexit_fns                          - Undefined Weak Reference
    _clock_init                               - Undefined Weak Reference
    _fp_trap_init                             - Undefined Weak Reference
    _fp_trap_shutdown                         - Undefined Weak Reference
    _get_lc_collate                           - Undefined Weak Reference
    _get_lc_ctype                             - Undefined Weak Reference
    _get_lc_monetary                          - Undefined Weak Reference
    _get_lc_numeric                           - Undefined Weak Reference
    _get_lc_time                              - Undefined Weak Reference
    _getenv_init                              - Undefined Weak Reference
    _handle_redirection                       - Undefined Weak Reference
    _init_alloc                               - Undefined Weak Reference
    _init_user_alloc                          - Undefined Weak Reference
    _initio                                   - Undefined Weak Reference
    _rand_init                                - Undefined Weak Reference
    _signal_finish                            - Undefined Weak Reference
    _signal_init                              - Undefined Weak Reference
    _terminate_alloc                          - Undefined Weak Reference
    _terminate_user_alloc                     - Undefined Weak Reference
    _terminateio                              - Undefined Weak Reference
    __Vectors_End                            0x000000c0   Data           0  startup_mkl25z4.o(RESET)
    __Vectors_Size                           0x000000c0   Number         0  startup_mkl25z4.o ABSOLUTE
    __main                                   0x000000c1   Thumb Code     8  __main.o(!!!main)
    __scatterload                            0x000000c9   Thumb Code     0  __scatter.o(!!!scatter)
    __scatterload_rt2                        0x000000c9   Thumb Code    52  __scatter.o(!!!scatter)
    __scatterload_rt2_thumb_only             0x000000c9   Thumb Code     0  __scatter.o(!!!scatter)
    __scatterload_null                       0x000000d9   Thumb Code     0  __scatter.o(!!!scatter)
    __scatterload_copy                       0x00000105   Thumb Code    26  __scatter_copy.o(!!handler_copy)
    __scatterload_zeroinit                   0x00000121   Thumb Code    28  __scatter_zi.o(!!handler_zi)
    __rt_lib_init                            0x0000013d   Thumb Code     0  libinit.o(.ARM.Collect$$libinit$$00000000)
    __rt_lib_init_alloca_1                   0x0000013f   Thumb Code     0  libinit2.o(.ARM.Collect$$libinit$$0000002E)
    __rt_lib_init_argv_1                     0x0000013f   Thumb Code     0  libinit2.o(.ARM.Collect$$libinit$$0000002C)
    __rt_lib_init_atexit_1                   0x0000013f   Thumb Code     0  libinit2.o(.ARM.Collect$$libinit$$0000001B)
    __rt_lib_init_clock_1                    0x0000013f   Thumb Code     0  libinit2.o(.ARM.Collect$$libinit$$00000021)
    __rt_lib_init_cpp_1                      0x0000013f   Thumb Code     0  libinit2.o(.ARM.Collect$$libinit$$00000032)
    __rt_lib_init_exceptions_1               0x0000013f   Thumb Code     0  libinit2.o(.ARM.Collect$$libinit$$00000030)
    __rt_lib_init_fp_1                       0x0000013f   Thumb Code     0  libinit2.o(.ARM.Collect$$libinit$$00000002)
    __rt_lib_init_fp_trap_1                  0x0000013f   Thumb Code     0  libinit2.o(.ARM.Collect$$libinit$$0000001F)
    __rt_lib_init_getenv_1                   0x0000013f   Thumb Code     0  libinit2.o(.ARM.Collect$$libinit$$00000023)
    __rt_lib_init_heap_1                     0x0000013f   Thumb Code     0  libinit2.o(.ARM.Collect$$libinit$$0000000A)
    __rt_lib_init_lc_collate_1               0x0000013f   Thumb Code     0  libinit2.o(.ARM.Collect$$libinit$$00000011)
    __rt_lib_init_lc_ctype_1                 0x0000013f   Thumb Code     0  libinit2.o(.ARM.Collect$$libinit$$00000013)
    __rt_lib_init_lc_monetary_1              0x0000013f   Thumb Code     0  libinit2.o(.ARM.Collect$$libinit$$00000015)
    __rt_lib_init_lc_numeric_1               0x0000013f   Thumb Code     0  libinit2.o(.ARM.Collect$$libinit$$00000017)
    __rt_lib_init_lc_time_1                  0x0000013f   Thumb Code     0  libinit2.o(.ARM.Collect$$libinit$$00000019)
    __rt_lib_init_preinit_1                  0x0000013f   Thumb Code     0  libinit2.o(.ARM.Collect$$libinit$$00000004)
    __rt_lib_init_rand_1                     0x0000013f   Thumb Code     0  libinit2.o(.ARM.Collect$$libinit$$0000000E)
    __rt_lib_init_return                     0x0000013f   Thumb Code     0  libinit2.o(.ARM.Collect$$libinit$$00000033)
    __rt_lib_init_signal_1                   0x0000013f   Thumb Code     0  libinit2.o(.ARM.Collect$$libinit$$0000001D)
    __rt_lib_init_stdio_1                    0x0000013f   Thumb Code     0  libinit2.o(.ARM.Collect$$libinit$$00000025)
    __rt_lib_init_user_alloc_1               0x0000013f   Thumb Code     0  libinit2.o(.ARM.Collect$$libinit$$0000000C)
    __rt_lib_shutdown                        0x00000141   Thumb Code     0  libshutdown.o(.ARM.Collect$$libshutdown$$00000000)
    __rt_lib_shutdown_cpp_1                  0x00000143   Thumb Code     0  libshutdown2.o(.ARM.Collect$$libshutdown$$00000002)
    __rt_lib_shutdown_fp_trap_1              0x00000143   Thumb Code     0  libshutdown2.o(.ARM.Collect$$libshutdown$$00000007)
    __rt_lib_shutdown_heap_1                 0x00000143   Thumb Code     0  libshutdown2.o(.ARM.Collect$$libshutdown$$0000000F)
    __rt_lib_shutdown_return                 0x00000143   Thumb Code     0  libshutdown2.o(.ARM.Collect$$libshutdown$$00000010)
    __rt_lib_shutdown_signal_1               0x00000143   Thumb Code     0  libshutdown2.o(.ARM.Collect$$libshutdown$$0000000A)
    __rt_lib_shutdown_stdio_1                0x00000143   Thumb Code     0  libshutdown2.o(.ARM.Collect$$libshutdown$$00000004)
    __rt_lib_shutdown_user_alloc_1           0x00000143   Thumb Code     0  libshutdown2.o(.ARM.Collect$$libshutdown$$0000000C)
    __rt_entry                               0x00000145   Thumb Code     0  __rtentry.o(.ARM.Collect$$rtentry$$00000000)
    __rt_entry_presh_1                       0x00000145   Thumb Code     0  __rtentry2.o(.ARM.Collect$$rtentry$$00000002)
    __rt_entry_sh                            0x00000145   Thumb Code     0  __rtentry4.o(.ARM.Collect$$rtentry$$00000004)
    __rt_entry_li                            0x0000014b   Thumb Code     0  __rtentry2.o(.ARM.Collect$$rtentry$$0000000A)
    __rt_entry_postsh_1                      0x0000014b   Thumb Code     0  __rtentry2.o(.ARM.Collect$$rtentry$$00000009)
    __rt_entry_main                          0x0000014f   Thumb Code     0  __rtentry2.o(.ARM.Collect$$rtentry$$0000000D)
    __rt_entry_postli_1                      0x0000014f   Thumb Code     0  __rtentry2.o(.ARM.Collect$$rtentry$$0000000C)
    __rt_exit                                0x00000157   Thumb Code     0  rtexit.o(.ARM.Collect$$rtexit$$00000000)
    __rt_exit_ls                             0x00000159   Thumb Code     0  rtexit2.o(.ARM.Collect$$rtexit$$00000003)
    __rt_exit_prels_1                        0x00000159   Thumb Code     0  rtexit2.o(.ARM.Collect$$rtexit$$00000002)
    __rt_exit_exit                           0x0000015d   Thumb Code     0  rtexit2.o(.ARM.Collect$$rtexit$$00000004)
    Reset_Handler                            0x00000165   Thumb Code    10  startup_mkl25z4.o(.text)
    NMI_Handler                              0x0000016f   Thumb Code     2  startup_mkl25z4.o(.text)
    HardFault_Handler                        0x00000171   Thumb Code     2  startup_mkl25z4.o(.text)
    SVC_Handler                              0x00000173   Thumb Code     2  startup_mkl25z4.o(.text)
    PendSV_Handler                           0x00000175   Thumb Code     2  startup_mkl25z4.o(.text)
    SysTick_Handler                          0x00000177   Thumb Code     2  startup_mkl25z4.o(.text)
    CMP0_IRQHandler                          0x00000179   Thumb Code     0  startup_mkl25z4.o(.text)
    DAC0_IRQHandler                          0x00000179   Thumb Code     0  startup_mkl25z4.o(.text)
    DMA0_IRQHandler                          0x00000179   Thumb Code     0  startup_mkl25z4.o(.text)
    DMA1_IRQHandler                          0x00000179   Thumb Code     0  startup_mkl25z4.o(.text)
    DMA2_IRQHandler                          0x00000179   Thumb Code     0  startup_mkl25z4.o(.text)
    DMA3_IRQHandler                          0x00000179   Thumb Code     0  startup_mkl25z4.o(.text)
    DefaultISR                               0x00000179   Thumb Code     0  startup_mkl25z4.o(.text)
    FTFA_IRQHandler                          0x00000179   Thumb Code     0  startup_mkl25z4.o(.text)
    I2C0_IRQHandler                          0x00000179   Thumb Code     0  startup_mkl25z4.o(.text)
    I2C1_IRQHandler                          0x00000179   Thumb Code     0  startup_mkl25z4.o(.text)
    LLWU_IRQHandler                          0x00000179   Thumb Code     0  startup_mkl25z4.o(.text)
    LPTMR0_IRQHandler                        0x00000179   Thumb Code     0  startup_mkl25z4.o(.text)
    LVD_LVW_IRQHandler                       0x00000179   Thumb Code     0  startup_mkl25z4.o(.text)
    MCG_IRQHandler                           0x00000179   Thumb Code     0  startup_mkl25z4.o(.text)
    PORTA_IRQHandler                         0x00000179   Thumb Code     0  startup_mkl25z4.o(.text)
    PORTD_IRQHandler                         0x00000179   Thumb Code     0  startup_mkl25z4.o(.text)
    RTC_IRQHandler                           0x00000179   Thumb Code     0  startup_mkl25z4.o(.text)
    RTC_Seconds_IRQHandler                   0x00000179   Thumb Code     0  startup_mkl25z4.o(.text)
    Reserved20_IRQHandler                    0x00000179   Thumb Code     0  startup_mkl25z4.o(.text)
    Reserved39_IRQHandler                    0x00000179   Thumb Code     0  startup_mkl25z4.o(.text)
    Reserved45_IRQHandler                    0x00000179   Thumb Code     0  startup_mkl25z4.o(.text)
    SPI0_IRQHandler                          0x00000179   Thumb Code     0  startup_mkl25z4.o(.text)
    SPI1_IRQHandler                          0x00000179   Thumb Code     0  startup_mkl25z4.o(.text)
    TPM1_IRQHandler                          0x00000179   Thumb Code     0  startup_mkl25z4.o(.text)
    TPM2_IRQHandler                          0x00000179   Thumb Code     0  startup_mkl25z4.o(.text)
    TSI0_IRQHandler                          0x00000179   Thumb Code     0  startup_mkl25z4.o(.text)
    UART0_IRQHandler                         0x00000179   Thumb Code     0  startup_mkl25z4.o(.text)
    UART1_IRQHandler                         0x00000179   Thumb Code     0  startup_mkl25z4.o(.text)
    UART2_IRQHandler                         0x00000179   Thumb Code     0  startup_mkl25z4.o(.text)
    USB0_IRQHandler                          0x00000179   Thumb Code     0  startup_mkl25z4.o(.text)
    __user_initial_stackheap                 0x0000017d   Thumb Code     0  startup_mkl25z4.o(.text)
    __use_two_region_memory                  0x000001a1   Thumb Code     2  heapauxi.o(.text)
    __rt_heap_escrow$2region                 0x000001a3   Thumb Code     2  heapauxi.o(.text)
    __rt_heap_expand$2region                 0x000001a5   Thumb Code     2  heapauxi.o(.text)
    __aeabi_d2iz                             0x000001a9   Thumb Code     0  dfixi.o(.text)
    _dfix                                    0x000001a9   Thumb Code    98  dfixi.o(.text)
    __aeabi_d2uiz                            0x00000215   Thumb Code     0  dfixui.o(.text)
    _dfixu                                   0x00000215   Thumb Code    68  dfixui.o(.text)
    __aeabi_i2d_normalise                    0x0000025d   Thumb Code    66  dflti.o(.text)
    __aeabi_i2d                              0x0000029f   Thumb Code    16  dflti.o(.text)
    _dflt                                    0x0000029f   Thumb Code     0  dflti.o(.text)
    __aeabi_ui2d                             0x000002af   Thumb Code     6  dflti.o(.text)
    _dfltu                                   0x000002af   Thumb Code     0  dflti.o(.text)
    __fpl_dcmp_InfNaN                        0x000002b5   Thumb Code   154  dcmpin.o(.text)
    __user_setup_stackheap                   0x00000355   Thumb Code    62  sys_stackheap_outer.o(.text)
    exit                                     0x00000393   Thumb Code    16  exit.o(.text)
    __fpl_cmpreturn                          0x000003a3   Thumb Code    46  cmpret.o(.text)
    __fpl_dcheck_NaN2                        0x000003d1   Thumb Code    14  dnan2.o(.text)
    __user_libspace                          0x000003e5   Thumb Code     8  libspace.o(.text)
    __user_perproc_libspace                  0x000003e5   Thumb Code     0  libspace.o(.text)
    __user_perthread_libspace                0x000003e5   Thumb Code     0  libspace.o(.text)
    _sys_exit                                0x000003ed   Thumb Code     8  sys_exit.o(.text)
    __I$use$semihosting                      0x000003f9   Thumb Code     0  use_no_semi.o(.text)
    __use_no_semihosting_swi                 0x000003f9   Thumb Code     2  use_no_semi.o(.text)
    __I$use$fp                               0x000003fa   Number         0  usenofp.o(x$fpl$usenofp)
    __semihosting_library_function           0x000003fb   Thumb Code     0  indicate_semi.o(.text)
    __aeabi_dadd                             0x00000709   Thumb Code     0  daddsub.o(.text)
    _dadd                                    0x00000709   Thumb Code    26  daddsub.o(.text)
    __aeabi_dsub                             0x00000723   Thumb Code     0  daddsub.o(.text)
    _dsub                                    0x00000723   Thumb Code    22  daddsub.o(.text)
    __aeabi_drsub                            0x00000739   Thumb Code     0  daddsub.o(.text)
    _drsb                                    0x00000739   Thumb Code    28  daddsub.o(.text)
    __aeabi_ddiv                             0x00000769   Thumb Code     0  ddiv.o(.text)
    _ddiv                                    0x00000769   Thumb Code  1072  ddiv.o(.text)
    _drdiv                                   0x00000b99   Thumb Code    20  ddiv.o(.text)
    __aeabi_dmul                             0x00000bb1   Thumb Code     0  dmul.o(.text)
    _dmul                                    0x00000bb1   Thumb Code   558  dmul.o(.text)
    __fpl_return_NaN                         0x00000df9   Thumb Code    94  retnan.o(.text)
    ADC0_IRQHandler                          0x00000e59   Thumb Code    56  camera.o(.text.ADC0_IRQHandler)
    InitializarePiniParteMecanica            0x00000e91   Thumb Code   264  motoare.o(.text.InitializarePiniParteMecanica)
    PIT_IRQHandler                           0x00000f99   Thumb Code   272  camera.o(.text.PIT_IRQHandler)
    SIMSetup                                 0x000010a9   Thumb Code    88  portssetup.o(.text.SIMSetup)
    SetareUnghi                              0x00001101   Thumb Code   152  motoare.o(.text.SetareUnghi)
    SystemInit                               0x00001199   Thumb Code   228  system_mkl25z4.o(.text.SystemInit)
    TPM0_IRQHandler                          0x0000127d   Thumb Code   364  motoare.o(.text.TPM0_IRQHandler)
    UartInit                                 0x000013e9   Thumb Code   164  uart.o(.text.UartInit)
    decideDirectiaDrumSimplu                 0x0000148d   Thumb Code   112  sistemdecizional.o(.text.decideDirectiaDrumSimplu)
    initializareCamera                       0x000014fd   Thumb Code   272  camera.o(.text.initializareCamera)
    initializarePID                          0x0000160d   Thumb Code   160  pid.o(.text.initializarePID)
    initializarePIT                          0x000016ad   Thumb Code    76  camera.o(.text.initializarePIT)
    main                                     0x000016f9   Thumb Code   216  main.o(.text.main)
    startCamera                              0x000017d1   Thumb Code    56  camera.o(.text.startCamera)
    trimiteDate                              0x00001809   Thumb Code    20  uart.o(.text.trimiteDate)
    __aeabi_uidiv                            0x0000181d   Thumb Code    68  aeabi_sdivfast.o(.text_divfast)
    __aeabi_idiv                             0x00001861   Thumb Code   434  aeabi_sdivfast.o(.text_divfast)
    __aeabi_dcmpeq                           0x00001a13   Thumb Code     0  dcmp.o(i._deq)
    _deq                                     0x00001a13   Thumb Code    22  dcmp.o(i._deq)
    __aeabi_dcmpgt                           0x00001a29   Thumb Code     0  dcmp.o(i._dgr)
    _dgr                                     0x00001a29   Thumb Code    22  dcmp.o(i._dgr)
    __aeabi_dcmple                           0x00001a3f   Thumb Code     0  dcmp.o(i._dleq)
    _dleq                                    0x00001a3f   Thumb Code    26  dcmp.o(i._dleq)
    __aeabi_dcmplt                           0x00001a59   Thumb Code     0  dcmp.o(i._dls)
    _dls                                     0x00001a59   Thumb Code    22  dcmp.o(i._dls)
    __aeabi_cdcmpeq                          0x00001a71   Thumb Code     0  deqf.o(x$fpl$deqf)
    _dcmpeq                                  0x00001a71   Thumb Code    94  deqf.o(x$fpl$deqf)
    _dcmpge                                  0x00001ad5   Thumb Code    94  dgef.o(x$fpl$dgeqf)
    __aeabi_cdcmple                          0x00001b39   Thumb Code     0  dlef.o(x$fpl$dleqf)
    _dcmple                                  0x00001b39   Thumb Code    94  dlef.o(x$fpl$dleqf)
    Region$$Table$$Base                      0x00001c1c   Number         0  anon$$obj.o(Region$$Table)
    Region$$Table$$Limit                     0x00001c3c   Number         0  anon$$obj.o(Region$$Table)
    linie                                    0x1ffff000   Data           1  camera.o(.data..L_MergedGlobals)
    osr                                      0x1ffff004   Data           4  uart.o(.data.osr)
    unghiThreshold                           0x1ffff009   Data           1  sistemdecizional.o(.data.unghiThreshold)
    __libspace_start                         0x1ffff010   Data          96  libspace.o(.bss)
    __temporary_stack_top$libspace           0x1ffff070   Data           0  libspace.o(.bss)
    vitezaSemnalTimesDebug                   0x1ffff070   Data           1  motoare.o(.bss..L_MergedGlobals)
    nrInput                                  0x1ffff074   Data           4  motoare.o(.bss..L_MergedGlobals)
    vitezaSemnalDebug                        0x1ffff078   Data           8  motoare.o(.bss..L_MergedGlobals)
    vitezaCurenta                            0x1ffff080   Data           8  motoare.o(.bss..L_MergedGlobals)
    temp                                     0x1ffff088   Data           1  uart.o(.bss..L_MergedGlobals)
    sbr                                      0x1ffff08a   Data           2  uart.o(.bss..L_MergedGlobals)
    pid                                      0x1ffff098   Data          48  motoare.o(.bss.pid)
    viteza                                   0x1ffff148   Data           8  motoare.o(.bss.viteza)



==============================================================================

Memory Map of the image

  Image Entry point : 0x00000165

  Load Region LR_1 (Base: 0x00000000, Size: 0x00001c48, Max: 0xffffffff, ABSOLUTE)

    Execution Region ER_RO (Exec base: 0x00000000, Load base: 0x00000000, Size: 0x00001c3c, Max: 0xffffffff, ABSOLUTE)

    Exec Addr    Load Addr    Size         Type   Attr      Idx    E Section Name        Object

    0x00000000   0x00000000   0x000000c0   Data   RO          138    RESET               startup_mkl25z4.o
    0x000000c0   0x000000c0   0x00000008   Code   RO          175  * !!!main             c_p.l(__main.o)
    0x000000c8   0x000000c8   0x0000003c   Code   RO          390    !!!scatter          c_p.l(__scatter.o)
    0x00000104   0x00000104   0x0000001a   Code   RO          392    !!handler_copy      c_p.l(__scatter_copy.o)
    0x0000011e   0x0000011e   0x00000002   PAD
    0x00000120   0x00000120   0x0000001c   Code   RO          394    !!handler_zi        c_p.l(__scatter_zi.o)
    0x0000013c   0x0000013c   0x00000002   Code   RO          247    .ARM.Collect$$libinit$$00000000  c_p.l(libinit.o)
    0x0000013e   0x0000013e   0x00000000   Code   RO          265    .ARM.Collect$$libinit$$00000002  c_p.l(libinit2.o)
    0x0000013e   0x0000013e   0x00000000   Code   RO          267    .ARM.Collect$$libinit$$00000004  c_p.l(libinit2.o)
    0x0000013e   0x0000013e   0x00000000   Code   RO          270    .ARM.Collect$$libinit$$0000000A  c_p.l(libinit2.o)
    0x0000013e   0x0000013e   0x00000000   Code   RO          272    .ARM.Collect$$libinit$$0000000C  c_p.l(libinit2.o)
    0x0000013e   0x0000013e   0x00000000   Code   RO          274    .ARM.Collect$$libinit$$0000000E  c_p.l(libinit2.o)
    0x0000013e   0x0000013e   0x00000000   Code   RO          277    .ARM.Collect$$libinit$$00000011  c_p.l(libinit2.o)
    0x0000013e   0x0000013e   0x00000000   Code   RO          279    .ARM.Collect$$libinit$$00000013  c_p.l(libinit2.o)
    0x0000013e   0x0000013e   0x00000000   Code   RO          281    .ARM.Collect$$libinit$$00000015  c_p.l(libinit2.o)
    0x0000013e   0x0000013e   0x00000000   Code   RO          283    .ARM.Collect$$libinit$$00000017  c_p.l(libinit2.o)
    0x0000013e   0x0000013e   0x00000000   Code   RO          285    .ARM.Collect$$libinit$$00000019  c_p.l(libinit2.o)
    0x0000013e   0x0000013e   0x00000000   Code   RO          287    .ARM.Collect$$libinit$$0000001B  c_p.l(libinit2.o)
    0x0000013e   0x0000013e   0x00000000   Code   RO          289    .ARM.Collect$$libinit$$0000001D  c_p.l(libinit2.o)
    0x0000013e   0x0000013e   0x00000000   Code   RO          291    .ARM.Collect$$libinit$$0000001F  c_p.l(libinit2.o)
    0x0000013e   0x0000013e   0x00000000   Code   RO          293    .ARM.Collect$$libinit$$00000021  c_p.l(libinit2.o)
    0x0000013e   0x0000013e   0x00000000   Code   RO          295    .ARM.Collect$$libinit$$00000023  c_p.l(libinit2.o)
    0x0000013e   0x0000013e   0x00000000   Code   RO          297    .ARM.Collect$$libinit$$00000025  c_p.l(libinit2.o)
    0x0000013e   0x0000013e   0x00000000   Code   RO          301    .ARM.Collect$$libinit$$0000002C  c_p.l(libinit2.o)
    0x0000013e   0x0000013e   0x00000000   Code   RO          303    .ARM.Collect$$libinit$$0000002E  c_p.l(libinit2.o)
    0x0000013e   0x0000013e   0x00000000   Code   RO          305    .ARM.Collect$$libinit$$00000030  c_p.l(libinit2.o)
    0x0000013e   0x0000013e   0x00000000   Code   RO          307    .ARM.Collect$$libinit$$00000032  c_p.l(libinit2.o)
    0x0000013e   0x0000013e   0x00000002   Code   RO          308    .ARM.Collect$$libinit$$00000033  c_p.l(libinit2.o)
    0x00000140   0x00000140   0x00000002   Code   RO          345    .ARM.Collect$$libshutdown$$00000000  c_p.l(libshutdown.o)
    0x00000142   0x00000142   0x00000000   Code   RO          373    .ARM.Collect$$libshutdown$$00000002  c_p.l(libshutdown2.o)
    0x00000142   0x00000142   0x00000000   Code   RO          375    .ARM.Collect$$libshutdown$$00000004  c_p.l(libshutdown2.o)
    0x00000142   0x00000142   0x00000000   Code   RO          378    .ARM.Collect$$libshutdown$$00000007  c_p.l(libshutdown2.o)
    0x00000142   0x00000142   0x00000000   Code   RO          381    .ARM.Collect$$libshutdown$$0000000A  c_p.l(libshutdown2.o)
    0x00000142   0x00000142   0x00000000   Code   RO          383    .ARM.Collect$$libshutdown$$0000000C  c_p.l(libshutdown2.o)
    0x00000142   0x00000142   0x00000000   Code   RO          386    .ARM.Collect$$libshutdown$$0000000F  c_p.l(libshutdown2.o)
    0x00000142   0x00000142   0x00000002   Code   RO          387    .ARM.Collect$$libshutdown$$00000010  c_p.l(libshutdown2.o)
    0x00000144   0x00000144   0x00000000   Code   RO          202    .ARM.Collect$$rtentry$$00000000  c_p.l(__rtentry.o)
    0x00000144   0x00000144   0x00000000   Code   RO          215    .ARM.Collect$$rtentry$$00000002  c_p.l(__rtentry2.o)
    0x00000144   0x00000144   0x00000006   Code   RO          227    .ARM.Collect$$rtentry$$00000004  c_p.l(__rtentry4.o)
    0x0000014a   0x0000014a   0x00000000   Code   RO          217    .ARM.Collect$$rtentry$$00000009  c_p.l(__rtentry2.o)
    0x0000014a   0x0000014a   0x00000004   Code   RO          218    .ARM.Collect$$rtentry$$0000000A  c_p.l(__rtentry2.o)
    0x0000014e   0x0000014e   0x00000000   Code   RO          220    .ARM.Collect$$rtentry$$0000000C  c_p.l(__rtentry2.o)
    0x0000014e   0x0000014e   0x00000008   Code   RO          221    .ARM.Collect$$rtentry$$0000000D  c_p.l(__rtentry2.o)
    0x00000156   0x00000156   0x00000002   Code   RO          256    .ARM.Collect$$rtexit$$00000000  c_p.l(rtexit.o)
    0x00000158   0x00000158   0x00000000   Code   RO          316    .ARM.Collect$$rtexit$$00000002  c_p.l(rtexit2.o)
    0x00000158   0x00000158   0x00000004   Code   RO          317    .ARM.Collect$$rtexit$$00000003  c_p.l(rtexit2.o)
    0x0000015c   0x0000015c   0x00000006   Code   RO          318    .ARM.Collect$$rtexit$$00000004  c_p.l(rtexit2.o)
    0x00000162   0x00000162   0x00000002   PAD
    0x00000164   0x00000164   0x0000003c   Code   RO          140  * .text               startup_mkl25z4.o
    0x000001a0   0x000001a0   0x00000006   Code   RO          173    .text               c_p.l(heapauxi.o)
    0x000001a6   0x000001a6   0x00000002   PAD
    0x000001a8   0x000001a8   0x0000006c   Code   RO          194    .text               fz_ps.l(dfixi.o)
    0x00000214   0x00000214   0x00000048   Code   RO          196    .text               fz_ps.l(dfixui.o)
    0x0000025c   0x0000025c   0x00000058   Code   RO          198    .text               fz_ps.l(dflti.o)
    0x000002b4   0x000002b4   0x000000a0   Code   RO          231    .text               fz_ps.l(dcmpin.o)
    0x00000354   0x00000354   0x0000003e   Code   RO          233    .text               c_p.l(sys_stackheap_outer.o)
    0x00000392   0x00000392   0x00000010   Code   RO          236    .text               c_p.l(exit.o)
    0x000003a2   0x000003a2   0x0000002e   Code   RO          248    .text               fz_ps.l(cmpret.o)
    0x000003d0   0x000003d0   0x00000014   Code   RO          250    .text               fz_ps.l(dnan2.o)
    0x000003e4   0x000003e4   0x00000008   Code   RO          252    .text               c_p.l(libspace.o)
    0x000003ec   0x000003ec   0x0000000c   Code   RO          311    .text               c_p.l(sys_exit.o)
    0x000003f8   0x000003f8   0x00000002   Code   RO          334    .text               c_p.l(use_no_semi.o)
    0x000003fa   0x000003fa   0x00000000   Code   RO          336    .text               c_p.l(indicate_semi.o)
    0x000003fa   0x000003fa   0x00000000   Code   RO          213    x$fpl$usenofp       fz_ps.l(usenofp.o)
    0x000003fa   0x000003fa   0x00000006   PAD
    0x00000400   0x00000400   0x00000010   Code   RO          139    .ARM.__at_0x400     startup_mkl25z4.o
    0x00000410   0x00000410   0x00000358   Code   RO          177    .text               fz_ps.l(daddsub.o)
    0x00000768   0x00000768   0x00000448   Code   RO          191    .text               fz_ps.l(ddiv.o)
    0x00000bb0   0x00000bb0   0x00000248   Code   RO          200    .text               fz_ps.l(dmul.o)
    0x00000df8   0x00000df8   0x0000005e   Code   RO          309    .text               fz_ps.l(retnan.o)
    0x00000e56   0x00000e56   0x00000002   PAD
    0x00000e58   0x00000e58   0x00000038   Code   RO           47    .text.ADC0_IRQHandler  camera.o
    0x00000e90   0x00000e90   0x00000108   Code   RO           17    .text.InitializarePiniParteMecanica  motoare.o
    0x00000f98   0x00000f98   0x00000110   Code   RO           49    .text.PIT_IRQHandler  camera.o
    0x000010a8   0x000010a8   0x00000058   Code   RO           37    .text.SIMSetup      portssetup.o
    0x00001100   0x00001100   0x00000098   Code   RO           21    .text.SetareUnghi   motoare.o
    0x00001198   0x00001198   0x000000e4   Code   RO          149    .text.SystemInit    system_mkl25z4.o
    0x0000127c   0x0000127c   0x0000016c   Code   RO           13    .text.TPM0_IRQHandler  motoare.o
    0x000013e8   0x000013e8   0x000000a4   Code   RO           83    .text.UartInit      uart.o
    0x0000148c   0x0000148c   0x00000070   Code   RO           70    .text.decideDirectiaDrumSimplu  sistemdecizional.o
    0x000014fc   0x000014fc   0x00000110   Code   RO           55    .text.initializareCamera  camera.o
    0x0000160c   0x0000160c   0x000000a0   Code   RO           99    .text.initializarePID  pid.o
    0x000016ac   0x000016ac   0x0000004c   Code   RO           53    .text.initializarePIT  camera.o
    0x000016f8   0x000016f8   0x000000d8   Code   RO            2    .text.main          main.o
    0x000017d0   0x000017d0   0x00000038   Code   RO           51    .text.startCamera   camera.o
    0x00001808   0x00001808   0x00000014   Code   RO           85    .text.trimiteDate   uart.o
    0x0000181c   0x0000181c   0x000001f6   Code   RO          166    .text_divfast       c_p.l(aeabi_sdivfast.o)
    0x00001a12   0x00001a12   0x00000016   Code   RO          179    i._deq              fz_ps.l(dcmp.o)
    0x00001a28   0x00001a28   0x00000016   Code   RO          181    i._dgr              fz_ps.l(dcmp.o)
    0x00001a3e   0x00001a3e   0x0000001a   Code   RO          182    i._dleq             fz_ps.l(dcmp.o)
    0x00001a58   0x00001a58   0x00000016   Code   RO          183    i._dls              fz_ps.l(dcmp.o)
    0x00001a6e   0x00001a6e   0x00000002   PAD
    0x00001a70   0x00001a70   0x00000064   Code   RO          207    x$fpl$deqf          fz_ps.l(deqf.o)
    0x00001ad4   0x00001ad4   0x00000064   Code   RO          209    x$fpl$dgeqf         fz_ps.l(dgef.o)
    0x00001b38   0x00001b38   0x00000064   Code   RO          211    x$fpl$dleqf         fz_ps.l(dlef.o)
    0x00001b9c   0x00001b9c   0x00000080   Data   RO          192    .constdata          fz_ps.l(ddiv.o)
    0x00001c1c   0x00001c1c   0x00000020   Data   RO          389    Region$$Table       anon$$obj.o


    Execution Region ER_RW (Exec base: 0x1ffff000, Load base: 0x00001c3c, Size: 0x0000000c, Max: 0xffffffff, ABSOLUTE)

    Exec Addr    Load Addr    Size         Type   Attr      Idx    E Section Name        Object

    0x1ffff000   0x00001c3c   0x00000002   Data   RW           60    .data..L_MergedGlobals  camera.o
    0x1ffff002   0x00001c3e   0x00000002   PAD
    0x1ffff004   0x00001c40   0x00000004   Data   RW           89    .data.osr           uart.o
    0x1ffff008   0x00001c44   0x00000001   Data   RW            4    .data.stare         main.o
    0x1ffff009   0x00001c45   0x00000001   Data   RW           74    .data.unghiThreshold  sistemdecizional.o


    Execution Region ER_ZI (Exec base: 0x1ffff010, Load base: 0x00001c48, Size: 0x00000240, Max: 0xffffffff, ABSOLUTE)

    Exec Addr    Load Addr    Size         Type   Attr      Idx    E Section Name        Object

    0x1ffff010        -       0x00000060   Zero   RW          253    .bss                c_p.l(libspace.o)
    0x1ffff070        -       0x00000018   Zero   RW           28    .bss..L_MergedGlobals  motoare.o
    0x1ffff088        -       0x00000004   Zero   RW           90    .bss..L_MergedGlobals  uart.o
    0x1ffff08c        -       0x0000000c   Zero   RW           61    .bss..L_MergedGlobals.1  camera.o
    0x1ffff098        -       0x00000030   Zero   RW           26    .bss.pid            motoare.o
    0x1ffff0c8        -       0x00000080   Zero   RW           59    .bss.tempPixels     camera.o
    0x1ffff148        -       0x00000008   Zero   RW           23    .bss.viteza         motoare.o
    0x1ffff150        -       0x00000000   Zero   RW          137    HEAP                startup_mkl25z4.o
    0x1ffff150        -       0x00000100   Zero   RW          136    STACK               startup_mkl25z4.o


==============================================================================

Image component sizes


      Code (inc. data)   RO Data    RW Data    ZI Data      Debug   Object Name

       732        100          0          2        140       5228   camera.o
       216         44          0          1          0        695   main.o
       780        120          0          0         80       4679   motoare.o
       160          4          0          0          0       1340   pid.o
        88          4          0          0          0       1411   portssetup.o
       112          8          0          1          0       1122   sistemdecizional.o
        76         42        192          0        256        836   startup_mkl25z4.o
       228         40          0          0          0       3204   system_mkl25z4.o
       184         32          0          4          4       2319   uart.o

    ----------------------------------------------------------------------
      2576        394        224         12        480      20834   Object Totals
         0          0         32          0          0          0   (incl. Generated)
         0          0          0          4          0          0   (incl. Padding)

    ----------------------------------------------------------------------

      Code (inc. data)   RO Data    RW Data    ZI Data      Debug   Library Member Name

         8          0          0          0          0         68   __main.o
         0          0          0          0          0          0   __rtentry.o
        12          0          0          0          0          0   __rtentry2.o
         6          0          0          0          0          0   __rtentry4.o
        60          8          0          0          0          0   __scatter.o
        26          0          0          0          0          0   __scatter_copy.o
        28          0          0          0          0          0   __scatter_zi.o
       502          0          0          0          0         92   aeabi_sdivfast.o
        16          0          0          0          0         68   exit.o
         6          0          0          0          0        136   heapauxi.o
         0          0          0          0          0          0   indicate_semi.o
         2          0          0          0          0          0   libinit.o
         2          0          0          0          0          0   libinit2.o
         2          0          0          0          0          0   libshutdown.o
         2          0          0          0          0          0   libshutdown2.o
         8          4          0          0         96         68   libspace.o
         2          0          0          0          0          0   rtexit.o
        10          0          0          0          0          0   rtexit2.o
        12          4          0          0          0         60   sys_exit.o
        62          0          0          0          0         80   sys_stackheap_outer.o
         2          0          0          0          0         68   use_no_semi.o
        46          0          0          0          0         60   cmpret.o
       856         20          0          0          0        208   daddsub.o
        92          0          0          0          0        272   dcmp.o
       160          6          0          0          0         76   dcmpin.o
      1096         26        128          0          0        112   ddiv.o
       100          4          0          0          0         92   deqf.o
       108         10          0          0          0         72   dfixi.o
        72          4          0          0          0         68   dfixui.o
        88          0          0          0          0         92   dflti.o
       100          4          0          0          0         92   dgef.o
       100          4          0          0          0         92   dlef.o
       584         26          0          0          0         84   dmul.o
        20          6          0          0          0         68   dnan2.o
        94          0          0          0          0         68   retnan.o
         0          0          0          0          0          0   usenofp.o

    ----------------------------------------------------------------------
      4300        126        128          0         96       2096   Library Totals
        16          0          0          0          0          0   (incl. Padding)

    ----------------------------------------------------------------------

      Code (inc. data)   RO Data    RW Data    ZI Data      Debug   Library Name

       768         16          0          0         96        640   c_p.l
      3516        110        128          0          0       1456   fz_ps.l

    ----------------------------------------------------------------------
      4300        126        128          0         96       2096   Library Totals

    ----------------------------------------------------------------------

==============================================================================


      Code (inc. data)   RO Data    RW Data    ZI Data      Debug   

      6876        520        352         12        576      21902   Grand Totals
      6876        520        352         12        576      21902   ELF Image Totals
      6876        520        352         12          0          0   ROM Totals

==============================================================================

    Total RO  Size (Code + RO Data)                 7228 (   7.06kB)
    Total RW  Size (RW Data + ZI Data)               588 (   0.57kB)
    Total ROM Size (Code + RO Data + RW Data)       7240 (   7.07kB)

==============================================================================

